reserved 1500 MiB of GPU memory on cuda:0 in the caching allocator (requested 1500; now reserved 1500 MiB)
device=cuda:0 sha=9809f41194f7 config={'dataset': 'tgbl-wiki', 'seed': 43, 'model': 'faithful', 'feedback_dim': 16, 'no_memory_readout': False, 'sheaf_conditioning': 'history', 'epochs': 1, 'patience': None, 'min_epochs': 1, 'time_window': 600.0, 'context_edges': 50000, 'train_edges_cap': 20000, 'val_edges_cap': 4000, 'test_edges_cap': 4000, 'track_val_edges': 2000, 'train_loss': 'softplus', 'learn_node_emb': False, 'emb_in_head': False, 'node_type_emb': False, 'predict_from_previous': True, 'reserve_gpu_mb': None, 'delta_time_scale': 'auto', 'sheaf_identity': False, 'no_delta_t': False, 'no_memory': False, 'recurrency_symmetric': False, 'recurrency_untyped': False, 'cache_warm_history': False, 'recurrency_decoder': True, 'relation_in_input': False, 'no_dst_range': False, 'd': 2, 'layers': 2, 'hidden_channels': 8, 'temporal_d_model': 64, 'closure_hops': 1, 'train_negatives_per_pos': 32, 'candidate_chunk_size': 1024, 'max_score_elements': 4000000, 'bptt_steps': 1, 'lr': 0.0003, 'weight_decay': 0.0, 'grad_clip': 1.0, 'skip_final_eval': False, 'save_checkpoint': True, 'eval_only': None, 'backbone': 'tsd', 'spatial': 'attention', 'clock': 'global', 'fast_core_off': False, 'rng_isolation': True, 'no_query_audit': False, 'clock_diagnostics': False, 'audit_eval_only': False, 'out': 'results/review_2026_09_22/smoke/attention'}
split_source=official_tgb_masks
destination_range=(8227, 9226)
snapshots: train=561 (edges=20000) track_val=51 final_val=93 final_test=97 | prep_sec=0.4
negative-sample sets loaded in 0.8s
delta_time_scale=600 (Delta_k is measured in units of the median training inter-snapshot gap)
protocol: predict-from-previous-state (leak-free) for training and evaluation
parameter_count=444815 num_relations=1 num_nodes=9227
parameters_by_component={'embeddings': 0, 'ssm_input_selector_B': 435584, 'ssm_other': 4245, 'map_decoder': 257, 'spatial_block': 2534, 'scorer': 2114, 'rec': 81, 'other': 0, 'total': 444815, 'trainable': 444815, 'unused_by_construction': 0, 'active': 444815}
[epoch 1/1] {'epoch': 1, 'train_loss': 0.19944140375591815, 'track_val_mrr': 0.645479678183794, 'track_val_loss': 0.15066243708133698, 'train_sec': 78.7, 'track_eval_sec': 61.6, 'peak_gpu_mem_mb': 430.9, 'peak_gpu_reserved_mb': 1510.0, 'epoch_steps': 560, 'epoch_nonfinite_loss': 0, 'epoch_nonfinite_grad': 0, 'epoch_clipped': 185, 'epoch_skipped_steps': 0, 'track_nonfinite_positives': 0, 'track_nonfinite_negatives': 0, 'track_skipped_queries': 0}
checkpoint saved: results/review_2026_09_22/smoke/attention/best.pt
final val_mrr=0.6417 (66.5s so far)
FINAL val_mrr=0.6417 test_mrr=0.5374 test_hits10=0.7653 eval_sec=76.9
[query-audit] split=val queries=6000 affected=0 pos_nonfinite=0 neg_nan=0 neg_posinf=0 neg_neginf=0 mrr_raw=0.642936 mrr_guarded=0.642936 mrr_conservative=0.642936 parity=True
[query-audit] split=test queries=4000 affected=0 pos_nonfinite=0 neg_nan=0 neg_posinf=0 neg_neginf=0 mrr_raw=0.537425 mrr_guarded=0.537425 mrr_conservative=0.537425 parity=True
{
  "dataset": "tgbl-wiki",
  "model": "FaithfulEventTemporalSheaf",
  "seed": 43,
  "epochs": 1,
  "best_track_epoch": 1,
  "best_track_val_mrr": 0.645479678183794,
  "parameter_count": 444815,
  "commit_hash": "9809f41194f70eb2261c0ef021ddd954816fe4fc",
  "train_edges": 20000,
  "final_val_edges": 4000,
  "final_test_edges": 4000,
  "prep_sec": 0.4,
  "negatives_load_sec": 0.8,
  "train_epochs_run": 1,
  "train_sec_total": 78.7,
  "selection_eval_sec_total": 61.6,
  "reserved_buffer_mib": 1500,
  "backbone": "tsd",
  "spatial": "attention",
  "clock": "global",
  "rng_isolation": true,
  "params_embeddings": 0,
  "params_ssm_input_selector_B": 435584,
  "params_ssm_other": 4245,
  "params_map_decoder": 257,
  "params_spatial_block": 2534,
  "params_scorer": 2114,
  "params_rec": 81,
  "params_other": 0,
  "params_total": 444815,
  "params_trainable": 444815,
  "params_unused_by_construction": 0,
  "params_active": 444815,
  "train_steps": 560,
  "train_nonfinite_loss": 0,
  "train_nonfinite_grad": 0,
  "train_clipped": 185,
  "train_skipped_steps": 0,
  "hw_hostname": "biaslab0.ics.uci.edu",
  "hw_python": "3.9.9",
  "hw_torch": "2.8.0+cu128",
  "hw_cuda_runtime": "12.8",
  "hw_cudnn": 91002,
  "hw_torch_geometric": "2.6.1",
  "hw_py_tgb": "2.2.0",
  "hw_cpu_model": "AMD EPYC 7713 64-Core Processor",
  "hw_cpu_cores": 256,
  "hw_ram_gib": 2003.8,
  "hw_gpu_model": "NVIDIA A100-SXM4-80GB",
  "hw_gpu_vram_gib": 79.3,
  "hw_gpu_visible": "7",
  "hw_gpu_count_visible": 1,
  "hw_precision": "float32",
  "hw_sync": "torch.cuda.synchronize-free wall clock (perf_counter)",
  "hw_gpu_driver": "560.35.05",
  "hw_gpu_other_processes_at_start": 9,
  "validation_mrr": 0.6416648473888635,
  "test_mrr": 0.5374252315461635,
  "final_val_loss": 0.14120899140834808,
  "final_test_loss": 0.21960367262363434,
  "final_eval_sec": 76.9,
  "final_replay_sec": 55.4,
  "final_val_sec": 11.1,
  "final_test_sec": 10.4,
  "final_eval_peak_gpu_mem_mb": 131.1,
  "final_eval_peak_gpu_reserved_mb": 1514.0,
  "val_nonfinite_positives": 0,
  "val_nonfinite_negatives": 0,
  "val_skipped_queries": 0,
  "val_metric_examples": 4000,
  "test_nonfinite_positives": 0,
  "test_nonfinite_negatives": 0,
  "test_skipped_queries": 0,
  "test_metric_examples": 4000,
  "cpu_rss_mib": 2436.6,
  "rec_keys_typed": 4826,
  "rec_keys_total": 4826,
  "rec_cache_bytes": 115824,
  "rec_cache_device": "cuda:0",
  "tracked_nodes": 9227,
  "core_state_bytes": 2952640,
  "checkpoint_bytes": 1779264,
  "test_hits10": 0.765250002078712,
  "query_audit_affected_total": 0,
  "query_audit_parity": true,
  "end_to_end_sec": 220.4
}
