device=cuda:0 sha=09c27e8f3879 config={'dataset': 'tgbl-wiki', 'seed': 43, 'model': 'faithful', 'feedback_dim': 16, 'no_memory_readout': False, 'sheaf_conditioning': 'history', 'epochs': 8, 'patience': 5, 'min_epochs': 4, 'time_window': 600.0, 'context_edges': 50000, 'train_edges_cap': None, 'val_edges_cap': None, 'test_edges_cap': None, 'track_val_edges': 8000, 'train_loss': 'softplus', 'learn_node_emb': False, 'node_type_emb': False, 'recurrency_decoder': True, 'relation_in_input': False, 'no_dst_range': False, 'd': 2, 'layers': 2, 'hidden_channels': 8, 'temporal_d_model': 64, 'closure_hops': 1, 'train_negatives_per_pos': 32, 'candidate_chunk_size': 1024, 'max_score_elements': 4000000, 'bptt_steps': 1, 'lr': 0.0003, 'weight_decay': 0.0, 'grad_clip': 1.0, 'skip_final_eval': False, 'out': 'results/wiki_hpo2/recx_s43'}
split_source=official_tgb_masks
destination_range=(8227, 9226)
snapshots: train=3105 (edges=110232) track_val=192 final_val=593 final_test=767 | prep_sec=1.9
negative-sample sets loaded in 0.7s
parameter_count=444686 num_relations=1 num_nodes=9227
[epoch 1/8] {'epoch': 1, 'train_loss': 0.03396473124593961, 'track_val_mrr': 0.9086249986737966, 'track_val_loss': 0.05297826603055, 'train_sec': 468.2, 'track_eval_sec': 437.0, 'peak_gpu_mem_mb': 708.5}
[epoch 2/8] {'epoch': 2, 'train_loss': 0.01618722490151905, 'track_val_mrr': 0.9092499998658895, 'track_val_loss': 0.03552006557583809, 'train_sec': 468.2, 'track_eval_sec': 438.1, 'peak_gpu_mem_mb': 713.3}
[epoch 3/8] {'epoch': 3, 'train_loss': 0.01507443022860124, 'track_val_mrr': 0.9182499971613288, 'track_val_loss': 0.03255733475089073, 'train_sec': 465.4, 'track_eval_sec': 439.3, 'peak_gpu_mem_mb': 713.3}
[epoch 4/8] {'epoch': 4, 'train_loss': 0.012929291502466175, 'track_val_mrr': 0.9200000008195639, 'track_val_loss': 0.03387773409485817, 'train_sec': 460.5, 'track_eval_sec': 436.8, 'peak_gpu_mem_mb': 713.7}
[epoch 5/8] {'epoch': 5, 'train_loss': 0.010762492935428664, 'track_val_mrr': 0.9038750004693866, 'track_val_loss': 0.04857359826564789, 'train_sec': 467.6, 'track_eval_sec': 435.2, 'peak_gpu_mem_mb': 713.7}
[epoch 6/8] {'epoch': 6, 'train_loss': 0.01003224113414615, 'track_val_mrr': 0.9108749985992909, 'track_val_loss': 0.03861681744456291, 'train_sec': 462.7, 'track_eval_sec': 438.6, 'peak_gpu_mem_mb': 713.7}
[epoch 7/8] {'epoch': 7, 'train_loss': 0.008995867593679483, 'track_val_mrr': 0.9088749995827675, 'track_val_loss': 0.039470549672842026, 'train_sec': 474.6, 'track_eval_sec': 453.4, 'peak_gpu_mem_mb': 713.7}
[epoch 8/8] {'epoch': 8, 'train_loss': 0.009790669377132246, 'track_val_mrr': 0.9103750003650785, 'track_val_loss': 0.04288289323449135, 'train_sec': 474.2, 'track_eval_sec': 437.7, 'peak_gpu_mem_mb': 713.7}
final val_mrr=0.9148 (482.8s so far)
FINAL val_mrr=0.9148 test_mrr=0.8964 eval_sec=572.2
{
  "dataset": "tgbl-wiki",
  "model": "FaithfulEventTemporalSheaf",
  "seed": 43,
  "epochs": 8,
  "best_track_epoch": 4,
  "best_track_val_mrr": 0.9200000008195639,
  "parameter_count": 444686,
  "commit_hash": "09c27e8f3879cb2cebf51a3f945374c3edfeb766",
  "train_edges": 110232,
  "final_val_edges": 23621,
  "final_test_edges": 23621,
  "validation_mrr": 0.9147792226080921,
  "test_mrr": 0.896448076384512,
  "final_val_loss": 0.03719494491815567,
  "final_test_loss": 0.04555244743824005,
  "final_eval_sec": 572.2,
  "final_eval_peak_gpu_mem_mb": 199.5
}
