device=cuda:0 sha=09c27e8f3879 config={'dataset': 'thgl-forum', 'seed': 43, 'model': 'faithful', 'feedback_dim': 16, 'no_memory_readout': False, 'sheaf_conditioning': 'history', 'epochs': 4, 'patience': 3, 'min_epochs': 2, 'time_window': 600.0, 'context_edges': 50000, 'train_edges_cap': 4000000, 'val_edges_cap': 100000, 'test_edges_cap': 100000, 'track_val_edges': 20000, 'train_loss': 'softplus', 'learn_node_emb': False, 'node_type_emb': True, 'recurrency_untyped': True, 'cache_warm_history': False, 'recurrency_decoder': True, 'relation_in_input': True, 'no_dst_range': False, 'd': 2, 'layers': 2, 'hidden_channels': 8, 'temporal_d_model': 64, 'closure_hops': 1, 'train_negatives_per_pos': 32, 'candidate_chunk_size': 1024, 'max_score_elements': 4000000, 'bptt_steps': 1, 'lr': 0.001, 'weight_decay': 0.0, 'grad_clip': 1.0, 'skip_final_eval': False, 'out': 'results/event_bench/forum_fast_untyped'}
split_source=official_tgb_masks
destination_range=None
snapshots: train=740 (edges=4000000) track_val=3 final_val=13 final_test=15 | prep_sec=4.0
negative-sample sets loaded in 40.5s
node_types: present
parameter_count=630271 num_relations=2 num_nodes=152816
[epoch 1/4] {'epoch': 1, 'train_loss': 0.02989316293843896, 'track_val_mrr': 0.7249499892473221, 'track_val_loss': 0.21909719705581665, 'train_sec': 5338.1, 'track_eval_sec': 5172.2, 'peak_gpu_mem_mb': 14810.0}
[epoch 2/4] {'epoch': 2, 'train_loss': 0.01545463825160688, 'track_val_mrr': 0.7383000129699707, 'track_val_loss': 0.19261199235916138, 'train_sec': 5913.8, 'track_eval_sec': 5774.6, 'peak_gpu_mem_mb': 15625.8}
[epoch 3/4] {'epoch': 3, 'train_loss': 0.015256204766322027, 'track_val_mrr': 0.7351500180184841, 'track_val_loss': 0.21937882900238037, 'train_sec': 6116.6, 'track_eval_sec': 5749.8, 'peak_gpu_mem_mb': 15625.8}
[epoch 4/4] {'epoch': 4, 'train_loss': 0.015289628646663717, 'track_val_mrr': 0.7501500235080719, 'track_val_loss': 0.1957443207502365, 'train_sec': 5911.6, 'track_eval_sec': 5445.2, 'peak_gpu_mem_mb': 15625.8}
final val_mrr=0.7519 (5554.1s so far)
FINAL val_mrr=0.7519 test_mrr=0.7010 eval_sec=5683.2
{
  "dataset": "thgl-forum",
  "model": "FaithfulEventTemporalSheaf",
  "seed": 43,
  "epochs": 4,
  "best_track_epoch": 4,
  "best_track_val_mrr": 0.7501500235080719,
  "parameter_count": 630271,
  "commit_hash": "09c27e8f3879cb2cebf51a3f945374c3edfeb766",
  "train_edges": 4000000,
  "final_val_edges": 100000,
  "final_test_edges": 100000,
  "validation_mrr": 0.7518500074410438,
  "test_mrr": 0.7010100032353401,
  "final_val_loss": 0.19931237399578094,
  "final_test_loss": 0.23094573616981506,
  "final_eval_sec": 5683.2,
  "final_eval_peak_gpu_mem_mb": 3829.4
}
