device=cuda:0 sha=09c27e8f3879 config={'dataset': 'thgl-software', 'seed': 43, 'model': 'faithful', 'feedback_dim': 16, 'no_memory_readout': False, 'sheaf_conditioning': 'history', 'epochs': 8, 'patience': 4, 'min_epochs': 3, 'time_window': 3600.0, 'context_edges': 50000, 'train_edges_cap': None, 'val_edges_cap': None, 'test_edges_cap': None, 'track_val_edges': 20000, 'train_loss': 'softplus', 'learn_node_emb': False, 'node_type_emb': True, 'recurrency_symmetric': True, 'recurrency_untyped': True, 'cache_warm_history': False, 'recurrency_decoder': True, 'relation_in_input': True, 'no_dst_range': False, 'd': 2, 'layers': 2, 'hidden_channels': 8, 'temporal_d_model': 64, 'closure_hops': 1, 'train_negatives_per_pos': 32, 'candidate_chunk_size': 1024, 'max_score_elements': 4000000, 'bptt_steps': 1, 'lr': 0.001, 'weight_decay': 0.0, 'grad_clip': 1.0, 'skip_final_eval': False, 'out': '/home/zhuowez1/project/neural-sheaf-diffusion/results/event_bench/software_untyped_sym'}
split_source=official_tgb_masks
destination_range=(1, 681924)
snapshots: train=533 (edges=1042866) track_val=8 final_val=87 final_test=125 | prep_sec=1.8
negative-sample sets loaded in 7.1s
node_types: present
parameter_count=630843 num_relations=14 num_nodes=681927
[epoch 1/8] {'epoch': 1, 'train_loss': 0.06377572127387249, 'track_val_mrr': 0.44690000050663947, 'track_val_loss': 0.2462119609117508, 'train_sec': 570.5, 'track_eval_sec': 554.7, 'peak_gpu_mem_mb': 6355.4}
[epoch 2/8] {'epoch': 2, 'train_loss': 0.005536906507349351, 'track_val_mrr': 0.45279999913722274, 'track_val_loss': 0.20050033926963806, 'train_sec': 574.1, 'track_eval_sec': 550.9, 'peak_gpu_mem_mb': 7846.6}
[epoch 3/8] {'epoch': 3, 'train_loss': 0.0032286744662621677, 'track_val_mrr': 0.4549500011995435, 'track_val_loss': 0.17320378124713898, 'train_sec': 574.2, 'track_eval_sec': 550.8, 'peak_gpu_mem_mb': 9369.1}
[epoch 4/8] {'epoch': 4, 'train_loss': 0.00215888233882341, 'track_val_mrr': 0.4751999988257885, 'track_val_loss': 0.18415017426013947, 'train_sec': 574.5, 'track_eval_sec': 551.4, 'peak_gpu_mem_mb': 9369.1}
[ep[epoch 5/8] {'epoch': 5, 'train_loss': 0.0019219175767302898, 'track_val_mrr': 0.44170000035762785, 'track_val_loss': 0.18025706708431244, 'train_sec': 577.6, 'track_eval_sec': 556.8, 'peak_gpu_mem_mb': 6773[epo[epoch 6/8] {'epoch': 6, 'train_loss': 0.0020114213071949607, 'track_val_mrr': 0.4687500005304813, 'track_val_loss': 0.17446139454841614, 'train_sec': 587.3, 'track_eval_sec': 567.3, 'peak_gpu_mem_mb': 6773.[ep[epoch 7/8] {'epoch': 7, 'train_loss': 0.001699328378173966, 'track_val_mrr': 0.4799499999687076, 'track_val_loss': 0.14586888253688812, 'train_sec': 581.6, 'track_eval_sec': 554.4, 'peak_gpu_mem_mb': 6773.5[e[epoch 8/8] {'epoch': 8, 'train_loss': 0.0019364809677409757, 'track_val_mrr': 0.4916000003784895, 'track_val_loss': 0.19968020915985107, 'train_sec': 577.6, 'track_eval_sec': 552.3, 'peak_gpu_mem_mb': 6773.5}
final val_mrr=0.4914 (652.7s so far)
FINAL val_mrr=0.4914 test_mrr=0.5448 eval_sec=770.7
{
  "dataset": "thgl-software",
  "model": "FaithfulEventTemporalSheaf",
  "seed": 43,
  "epochs": 8,
  "best_track_epoch": 8,
  "best_track_val_mrr": 0.4916000003784895,
  "parameter_count": 630843,
  "commit_hash": "09c27e8f3879cb2cebf51a3f945374c3edfeb766",
  "train_edges": 1042866,
  "final_val_edges": 223469,
  "final_test_edges": 223471,
  "validation_mrr": 0.4914372909774494,
  "test_mrr": 0.5448268451638012,
  "final_val_loss": 0.22255627810955048,
  "final_test_loss": 0.24187208712100983,
  "final_eval_sec": 770.7,
  "final_eval_peak_gpu_mem_mb": 2454.1
}
l_peak_gpu_mem_mb": 2560.2
}
