device=cuda:0 sha=09c27e8f3879 config={'dataset': 'tkgl-smallpedia', 'seed': 46, 'model': 'faithful', 'feedback_dim': 16, 'no_memory_readout': False, 'sheaf_conditioning': 'history', 'epochs': 25, 'patience': 8, 'min_epochs': 10, 'time_window': None, 'context_edges': 50000, 'train_edges_cap': None, 'val_edges_cap': None, 'test_edges_cap': None, 'track_val_edges': 50000, 'no_dst_range': False, 'd': 2, 'layers': 2, 'hidden_channels': 8, 'temporal_d_model': 64, 'closure_hops': 1, 'train_negatives_per_pos': 32, 'candidate_chunk_size': 1024, 'max_score_elements': 4000000, 'bptt_steps': 1, 'lr': 0.01, 'weight_decay': 0.0, 'grad_clip': 1.0, 'skip_final_eval': False, 'out': 'results/event_bench/sp_f_lr1e2_s46'}
split_source=official_tgb_masks
destination_range=None
snapshots: train=98 (edges=775514) track_val=7 final_val=10 final_test=17 | prep_sec=1.3
negative-sample sets loaded in 1.3s
parameter_count=454210 num_relations=566 num_nodes=47433
[epoch 1/25] {'epoch': 1, 'train_loss': 0.16388994523761224, 'track_val_mrr': 0.0677199995392561, 'track_val_loss': 0.2613026201725006, 'train_sec': 148.1, 'track_eval_sec': 202.6, 'peak_gpu_mem_mb': 9322.0}
[epoch 2/25] {'epoch': 2, 'train_loss': 0.0571418081467249, 'track_val_mrr': 0.005900000056521967, 'track_val_loss': 0.27928006649017334, 'train_sec': 145.3, 'track_eval_sec': 208.1, 'peak_gpu_mem_mb': 9622.7}
[epoch 3/25] {'epoch': 3, 'train_loss': 0.059587079765541215, 'track_val_mrr': 0.013780000112429261, 'track_val_loss': 0.3852912485599518, 'train_sec': 146.0, 'track_eval_sec': 202.9, 'peak_gpu_mem_mb': 10301.3}
[epoch 4/25] {'epoch': 4, 'train_loss': 0.09865794577920924, 'track_val_mrr': 0.06473999995209277, 'track_val_loss': 0.20121796429157257, 'train_sec': 145.6, 'track_eval_sec': 204.5, 'peak_gpu_mem_mb': 10301.3}
[epoch 5/25] {'epoch': 5, 'train_loss': 0.046659602536534776, 'track_val_mrr': 0.05343999978743494, 'track_val_loss': 0.23253250122070312, 'train_sec': 145.9, 'track_eval_sec': 199.4, 'peak_gpu_mem_mb': 10301.3}
[epoch 6/25] {'epoch': 6, 'train_loss': 0.06356904745025903, 'track_val_mrr': 0.055039999959394334, 'track_val_loss': 0.18660461902618408, 'train_sec': 151.0, 'track_eval_sec': 202.9, 'peak_gpu_mem_mb': 10301.3}
[epoch 7/25] {'epoch': 7, 'train_loss': 0.050387446331430455, 'track_val_mrr': 2.0000000478466972e-05, 'track_val_loss': 0.2066466063261032, 'train_sec': 150.7, 'track_eval_sec': 204.2, 'peak_gpu_mem_mb': 10301.3}
[epoch 8/25] {'epoch': 8, 'train_loss': 0.058356781452133945, 'track_val_mrr': 0.060399999423250555, 'track_val_loss': 0.20129576325416565, 'train_sec': 149.0, 'track_eval_sec': 202.9, 'peak_gpu_mem_mb': 10301.3}
[epoch 9/25] {'epoch': 9, 'train_loss': 0.04972766499434199, 'track_val_mrr': 0.0677400019930303, 'track_val_loss': 0.19749543070793152, 'train_sec': 149.3, 'track_eval_sec': 203.6, 'peak_gpu_mem_mb': 10301.3}
[epoch 10/25] {'epoch': 10, 'train_loss': 0.049252583341178845, 'track_val_mrr': 0.06164000056214631, 'track_val_loss': 0.1881863921880722, 'train_sec': 150.4, 'track_eval_sec': 200.6, 'peak_gpu_mem_mb': 10301.3}
[epoch 11/25] {'epoch': 11, 'train_loss': 0.0431469718602543, 'track_val_mrr': 0.06963999957948923, 'track_val_loss': 0.17956189811229706, 'train_sec': 149.4, 'track_eval_sec': 203.1, 'peak_gpu_mem_mb': 10301.3}
[epoch 12/25] {'epoch': 12, 'train_loss': 0.041246762062061806, 'track_val_mrr': 0.05958000002011657, 'track_val_loss': 0.18704955279827118, 'train_sec': 150.7, 'track_eval_sec': 208.9, 'peak_gpu_mem_mb': 10301.3}
[epoch 13/25] {'epoch': 13, 'train_loss': 0.04441887999371606, 'track_val_mrr': 0.06971999998688698, 'track_val_loss': 0.1932409554719925, 'train_sec': 151.4, 'track_eval_sec': 204.0, 'peak_gpu_mem_mb': 10414.9}
[epoch 14/25] {'epoch': 14, 'train_loss': 0.045324420043248305, 'track_val_mrr': 0.06577999916724861, 'track_val_loss': 0.18805134296417236, 'train_sec': 146.2, 'track_eval_sec': 205.2, 'peak_gpu_mem_mb': 10414.9}
[epoch 15/25] {'epoch': 15, 'train_loss': 0.08553176605123647, 'track_val_mrr': 0.06183999988153577, 'track_val_loss': 0.1824491173028946, 'train_sec': 147.7, 'track_eval_sec': 205.0, 'peak_gpu_mem_mb': 10414.9}
[epoch 16/25] {'epoch': 16, 'train_loss': 0.04885349071071464, 'track_val_mrr': 0.06870000018447638, 'track_val_loss': 0.1976570188999176, 'train_sec': 147.2, 'track_eval_sec': 205.5, 'peak_gpu_mem_mb': 10414.9}
[epoch 17/25] {'epoch': 17, 'train_loss': 0.04624931767050709, 'track_val_mrr': 0.05805999990306795, 'track_val_loss': 0.18305525183677673, 'train_sec': 148.1, 'track_eval_sec': 202.9, 'peak_gpu_mem_mb': 10414.9}
[epoch 18/25] {'epoch': 18, 'train_loss': 0.042738836315669576, 'track_val_mrr': 0.06739999912202359, 'track_val_loss': 0.18659798800945282, 'train_sec': 147.4, 'track_eval_sec': 202.4, 'peak_gpu_mem_mb': 10414.9}
[epoch 19/25] {'epoch': 19, 'train_loss': 0.0406021262728134, 'track_val_mrr': 0.07348000128760934, 'track_val_loss': 0.19709394872188568, 'train_sec': 148.3, 'track_eval_sec': 206.7, 'peak_gpu_mem_mb': 10414.9}
[epoch 20/25] {'epoch': 20, 'train_loss': 0.039608130440572084, 'track_val_mrr': 0.05946000011123717, 'track_val_loss': 0.18244235217571259, 'train_sec': 147.9, 'track_eval_sec': 202.3, 'peak_gpu_mem_mb': 10414.9}
[epoch 21/25] {'epoch': 21, 'train_loss': 0.11146194337658127, 'track_val_mrr': 0.07272000068731606, 'track_val_loss': 0.22928190231323242, 'train_sec': 147.5, 'track_eval_sec': 203.2, 'peak_gpu_mem_mb': 10414.9}
[epoch 22/25] {'epoch': 22, 'train_loss': 0.0478271025860188, 'track_val_mrr': 0.06045999932862818, 'track_val_loss': 0.20738618075847626, 'train_sec': 147.4, 'track_eval_sec': 203.1, 'peak_gpu_mem_mb': 10414.9}
[epoch 23/25] {'epoch': 23, 'train_loss': 0.041289866882927566, 'track_val_mrr': 0.06454000063709915, 'track_val_loss': 0.17896901071071625, 'train_sec': 148.6, 'track_eval_sec': 207.2, 'peak_gpu_mem_mb': 10414.9}
[epoch 24/25] {'epoch': 24, 'train_loss': 0.042161738385959546, 'track_val_mrr': 0.06759999969609082, 'track_val_loss': 0.19413873553276062, 'train_sec': 148.9, 'track_eval_sec': 207.9, 'peak_gpu_mem_mb': 10414.9}
[epoch 25/25] {'epoch': 25, 'train_loss': 0.09589285614463139, 'track_val_mrr': 0.05787999997012317, 'track_val_loss': 0.19112317264080048, 'train_sec': 149.3, 'track_eval_sec': 206.8, 'peak_gpu_mem_mb': 10414.9}
final val_mrr=0.0327 (345.8s so far)
FINAL val_mrr=0.0327 test_mrr=0.0189 eval_sec=538.9
{
  "dataset": "tkgl-smallpedia",
  "model": "FaithfulEventTemporalSheaf",
  "seed": 46,
  "epochs": 25,
  "best_track_epoch": 19,
  "best_track_val_mrr": 0.07348000128760934,
  "parameter_count": 454210,
  "commit_hash": "09c27e8f3879cb2cebf51a3f945374c3edfeb766",
  "train_edges": 775514,
  "final_val_edges": 162066,
  "final_test_edges": 163172,
  "validation_mrr": 0.03273974787023458,
  "test_mrr": 0.018851273823001072,
  "final_val_loss": 0.33057159185409546,
  "final_test_loss": 0.4941261410713196,
  "final_eval_sec": 538.9,
  "final_eval_peak_gpu_mem_mb": 18261.1
}
