device=cuda:0 sha=09c27e8f3879 config={'dataset': 'tgbl-wiki', 'seed': 43, 'model': 'faithful', 'feedback_dim': 16, 'no_memory_readout': False, 'sheaf_conditioning': 'history', 'epochs': 15, 'patience': 6, 'min_epochs': 8, 'time_window': 600.0, 'context_edges': 50000, 'train_edges_cap': None, 'val_edges_cap': None, 'test_edges_cap': None, 'track_val_edges': 8000, 'no_dst_range': False, 'd': 2, 'layers': 2, 'hidden_channels': 8, 'temporal_d_model': 64, 'closure_hops': 1, 'train_negatives_per_pos': 32, 'candidate_chunk_size': 1024, 'max_score_elements': 4000000, 'bptt_steps': 1, 'lr': 0.003, 'weight_decay': 0.0, 'grad_clip': 1.0, 'skip_final_eval': False, 'out': 'results/event_bench/wiki_f_lr3e3'}
split_source=official_tgb_masks
destination_range=(8227, 9226)
snapshots: train=3105 (edges=110232) track_val=192 final_val=593 final_test=767 | prep_sec=1.3
negative-sample sets loaded in 0.6s
parameter_count=444605 num_relations=1 num_nodes=9227
[epoch 1/15] {'epoch': 1, 'train_loss': 0.08850642406410161, 'track_val_mrr': 0.046875000362517315, 'track_val_loss': 0.5647326111793518, 'train_sec': 452.6, 'track_eval_sec': 397.7, 'peak_gpu_mem_mb': 708.4}
[epoch 2/15] {'epoch': 2, 'train_loss': 0.1600019825638936, 'track_val_mrr': 0.044000000426312906, 'track_val_loss': 0.6408275365829468, 'train_sec': 414.0, 'track_eval_sec': 398.8, 'peak_gpu_mem_mb': 713.2}
[epoch 3/15] {'epoch': 3, 'train_loss': 0.057349441793106866, 'track_val_mrr': 0.05662500071222894, 'track_val_loss': 0.4659440815448761, 'train_sec': 417.7, 'track_eval_sec': 399.8, 'peak_gpu_mem_mb': 713.2}
[epoch 4/15] {'epoch': 4, 'train_loss': 0.07650857459305337, 'track_val_mrr': 0.010875000063912012, 'track_val_loss': 0.4820803105831146, 'train_sec': 413.8, 'track_eval_sec': 400.5, 'peak_gpu_mem_mb': 713.6}
[epoch 5/15] {'epoch': 5, 'train_loss': 0.8025905801658181, 'track_val_mrr': 0.06512500056438147, 'track_val_loss': 0.43816736340522766, 'train_sec': 417.3, 'track_eval_sec': 395.3, 'peak_gpu_mem_mb': 713.6}
[epoch 6/15] {'epoch': 6, 'train_loss': nan, 'track_val_mrr': 0.8978750033304095, 'track_val_loss': nan, 'train_sec': 414.5, 'track_eval_sec': 400.6, 'peak_gpu_mem_mb': 713.6}
[epoch 7/15] {'epoch': 7, 'train_loss': nan, 'track_val_mrr': 0.9028750024214387, 'track_val_loss': nan, 'train_sec': 413.1, 'track_eval_sec': 415.9, 'peak_gpu_mem_mb': 713.6}
[epoch 8/15] {'epoch': 8, 'train_loss': nan, 'track_val_mrr': 0.9012500019818545, 'track_val_loss': nan, 'train_sec': 439.8, 'track_eval_sec': 420.2, 'peak_gpu_mem_mb': 713.6}
[epoch 9/15] {'epoch': 9, 'train_loss': nan, 'track_val_mrr': 0.9032500026375055, 'track_val_loss': nan, 'train_sec': 442.8, 'track_eval_sec': 421.5, 'peak_gpu_mem_mb': 713.6}
[epoch 10/15] {'epoch': 10, 'train_loss': nan, 'track_val_mrr': 0.9100000026524067, 'track_val_loss': nan, 'train_sec': 440.4, 'track_eval_sec': 420.7, 'peak_gpu_mem_mb': 713.6}
[epoch 11/15] {'epoch': 11, 'train_loss': nan, 'track_val_mrr': 0.9111250022798777, 'track_val_loss': nan, 'train_sec': 440.2, 'track_eval_sec': 421.5, 'peak_gpu_mem_mb': 713.6}
[epoch 12/15] {'epoch': 12, 'train_loss': nan, 'track_val_mrr': 0.8987500023394823, 'track_val_loss': nan, 'train_sec': 435.3, 'track_eval_sec': 413.0, 'peak_gpu_mem_mb': 713.6}
[epoch 13/15] {'epoch': 13, 'train_loss': nan, 'track_val_mrr': 0.8997500018924475, 'track_val_loss': nan, 'train_sec': 436.9, 'track_eval_sec': 416.9, 'peak_gpu_mem_mb': 713.6}
[epoch 14/15] {'epoch': 14, 'train_loss': nan, 'track_val_mrr': 0.899625001899898, 'track_val_loss': nan, 'train_sec': 437.6, 'track_eval_sec': 417.6, 'peak_gpu_mem_mb': 713.6}
[epoch 15/15] {'epoch': 15, 'train_loss': nan, 'track_val_mrr': 0.8991250023841858, 'track_val_loss': nan, 'train_sec': 433.1, 'track_eval_sec': 418.7, 'peak_gpu_mem_mb': 713.6}
final val_mrr=0.9407 (464.2s so far)
FINAL val_mrr=0.9407 test_mrr=0.9769 eval_sec=546.3
{
  "dataset": "tgbl-wiki",
  "model": "FaithfulEventTemporalSheaf",
  "seed": 43,
  "epochs": 15,
  "best_track_epoch": 11,
  "best_track_val_mrr": 0.9111250022798777,
  "parameter_count": 444605,
  "commit_hash": "09c27e8f3879cb2cebf51a3f945374c3edfeb766",
  "train_edges": 110232,
  "final_val_edges": 23621,
  "final_test_edges": 23621,
  "validation_mrr": 0.9407307066893599,
  "test_mrr": 0.97692730966185,
  "final_val_loss": NaN,
  "final_test_loss": NaN,
  "final_eval_sec": 546.3,
  "final_eval_peak_gpu_mem_mb": 197.5
}
