device=cuda:0 sha=09c27e8f3879 config={'dataset': 'tgbl-wiki', 'seed': 43, 'model': 'faithful', 'feedback_dim': 16, 'no_memory_readout': False, 'sheaf_conditioning': 'history', 'epochs': 15, 'patience': 6, 'min_epochs': 8, 'time_window': 600.0, 'context_edges': 50000, 'train_edges_cap': None, 'val_edges_cap': None, 'test_edges_cap': None, 'track_val_edges': 8000, 'no_dst_range': False, 'd': 2, 'layers': 2, 'hidden_channels': 8, 'temporal_d_model': 64, 'closure_hops': 1, 'train_negatives_per_pos': 32, 'candidate_chunk_size': 1024, 'max_score_elements': 4000000, 'bptt_steps': 1, 'lr': 0.0003, 'weight_decay': 0.0, 'grad_clip': 1.0, 'skip_final_eval': False, 'out': 'results/event_bench/wiki_f_lr3e4'}
split_source=official_tgb_masks
destination_range=(8227, 9226)
snapshots: train=3105 (edges=110232) track_val=192 final_val=593 final_test=767 | prep_sec=1.7
negative-sample sets loaded in 0.8s
parameter_count=444605 num_relations=1 num_nodes=9227
[epoch 1/15] {'epoch': 1, 'train_loss': 0.1311009878679606, 'track_val_mrr': 0.010125000136671588, 'track_val_loss': 0.9969118237495422, 'train_sec': 482.4, 'track_eval_sec': 456.5, 'peak_gpu_mem_mb': 708.4}
[epoch 2/15] {'epoch': 2, 'train_loss': 0.09024609228995015, 'track_val_mrr': 0.051250000455765984, 'track_val_loss': 0.3688548505306244, 'train_sec': 488.7, 'track_eval_sec': 462.5, 'peak_gpu_mem_mb': 713.2}
[epoch 3/15] {'epoch': 3, 'train_loss': 0.109742965358017, 'track_val_mrr': 0.045000000409665515, 'track_val_loss': 0.4164259433746338, 'train_sec': 491.0, 'track_eval_sec': 462.1, 'peak_gpu_mem_mb': 713.2}
[epoch 4/15] {'epoch': 4, 'train_loss': 0.0723025211578478, 'track_val_mrr': 0.04575000037730206, 'track_val_loss': 0.4476114809513092, 'train_sec': 484.2, 'track_eval_sec': 458.7, 'peak_gpu_mem_mb': 713.6}
[epoch 5/15] {'epoch': 5, 'train_loss': 0.0826406104238209, 'track_val_mrr': 0.056500000455533154, 'track_val_loss': 0.48454561829566956, 'train_sec': 499.5, 'track_eval_sec': 476.5, 'peak_gpu_mem_mb': 713.6}
[epoch 6/15] {'epoch': 6, 'train_loss': 0.06785064282438653, 'track_val_mrr': 0.03987500047928188, 'track_val_loss': 0.5036747455596924, 'train_sec': 505.8, 'track_eval_sec': 515.9, 'peak_gpu_mem_mb': 713.6}
[epoch 7/15] {'epoch': 7, 'train_loss': 0.05870111948494078, 'track_val_mrr': 0.023750000143656507, 'track_val_loss': 0.4238794147968292, 'train_sec': 526.5, 'track_eval_sec': 481.4, 'peak_gpu_mem_mb': 713.6}
[epoch 8/15] {'epoch': 8, 'train_loss': 0.0766597201741764, 'track_val_mrr': 0.039375000376487154, 'track_val_loss': 1.1147931814193726, 'train_sec': 545.6, 'track_eval_sec': 498.3, 'peak_gpu_mem_mb': 713.6}
[epoch 9/15] {'epoch': 9, 'train_loss': 0.12666774028132335, 'track_val_mrr': 0.04162500061141327, 'track_val_loss': 0.40682923793792725, 'train_sec': 561.5, 'track_eval_sec': 493.7, 'peak_gpu_mem_mb': 713.6}
[epoch 10/15] {'epoch': 10, 'train_loss': 0.3193302734846462, 'track_val_mrr': 0.07600000087858644, 'track_val_loss': 0.38679227232933044, 'train_sec': 485.7, 'track_eval_sec': 458.9, 'peak_gpu_mem_mb': 713.6}
[epoch 11/15] {'epoch': 11, 'train_loss': 0.14501508505004135, 'track_val_mrr': 0.04412500041979365, 'track_val_loss': 0.39664456248283386, 'train_sec': 490.5, 'track_eval_sec': 452.0, 'peak_gpu_mem_mb': 713.6}
[epoch 12/15] {'epoch': 12, 'train_loss': 0.13575815188723966, 'track_val_mrr': 0.024500000302214175, 'track_val_loss': 0.570518434047699, 'train_sec': 489.3, 'track_eval_sec': 456.7, 'peak_gpu_mem_mb': 713.6}
[epoch 13/15] {'epoch': 13, 'train_loss': 0.07712357270286903, 'track_val_mrr': 0.03225000021234155, 'track_val_loss': 0.4737657308578491, 'train_sec': 493.5, 'track_eval_sec': 467.4, 'peak_gpu_mem_mb': 713.6}
[epoch 14/15] {'epoch': 14, 'train_loss': 0.04724227531622621, 'track_val_mrr': 0.03062500033620745, 'track_val_loss': 0.4638727605342865, 'train_sec': 497.3, 'track_eval_sec': 474.6, 'peak_gpu_mem_mb': 713.6}
[epoch 15/15] {'epoch': 15, 'train_loss': 0.05204013382728045, 'track_val_mrr': 0.027250000237487255, 'track_val_loss': 0.4569720923900604, 'train_sec': 518.0, 'track_eval_sec': 462.5, 'peak_gpu_mem_mb': 713.6}
final val_mrr=0.0905 (521.6s so far)
FINAL val_mrr=0.0905 test_mrr=0.1088 eval_sec=621.0
{
  "dataset": "tgbl-wiki",
  "model": "FaithfulEventTemporalSheaf",
  "seed": 43,
  "epochs": 15,
  "best_track_epoch": 10,
  "best_track_val_mrr": 0.07600000087858644,
  "parameter_count": 444605,
  "commit_hash": "09c27e8f3879cb2cebf51a3f945374c3edfeb766",
  "train_edges": 110232,
  "final_val_edges": 23621,
  "final_test_edges": 23621,
  "validation_mrr": 0.09051268031337034,
  "test_mrr": 0.10880149134919051,
  "final_val_loss": 0.39575549960136414,
  "final_test_loss": 0.38610130548477173,
  "final_eval_sec": 621.0,
  "final_eval_peak_gpu_mem_mb": 199.3
}
