node features: observed x0 (4) + community one-hot (4)
delta_time_scale=20.4062
[nodelta] epoch 1 loss 0.4510 val_mrr 0.2694 (6852s)
Traceback (most recent call last):
  File "/home/zhuowez1/miniconda3/envs/nsd/lib/python3.9/runpy.py", line 197, in _run_module_as_main
    return _run_code(code, main_globals, None,
  File "/home/zhuowez1/miniconda3/envs/nsd/lib/python3.9/runpy.py", line 87, in _run_code
    exec(code, run_globals)
  File "/home/zhuowez1/project/neural-sheaf-diffusion/exp/run_synthetic_sheaf.py", line 172, in <module>
    main()
  File "/home/zhuowez1/project/neural-sheaf-diffusion/exp/run_synthetic_sheaf.py", line 153, in main
    with torch.no_grad(): _, st = model.forward_sequence([s], initial_state=st)
  File "/home/zhuowez1/project/neural-sheaf-diffusion/models/faithful_event_model.py", line 810, in forward_sequence
    event_output, state = self.step(
  File "/home/zhuowez1/project/neural-sheaf-diffusion/models/faithful_event_model.py", line 638, in step
    active_mask = self._expand_active_nodes(expansion_edge_index, active_nodes)
  File "/home/zhuowez1/project/neural-sheaf-diffusion/models/mamba_models.py", line 185, in _expand_active_nodes
    new_nodes = new_nodes[~active_mask[new_nodes]]
torch.AcceleratorError: CUDA error: unspecified launch failure
CUDA kernel errors might be asynchronously reported at some other API call, so the stacktrace below might be incorrect.
For debugging consider passing CUDA_LAUNCH_BLOCKING=1
Compile with `TORCH_USE_CUDA_DSA` to enable device-side assertions.

