harness cross-check test MRR: 0.7116
{
  "n_events": 163172,
  "mrr": 0.6011382531777834,
  "mrr_official_evaluator": 0.6011382350473233,
  "mrr_harness_crosscheck": 0.7115742871685518,
  "mrr_recurrent_triple": 0.8345478225432844,
  "mrr_novel_triple": 0.01323525779499778,
  "mrr_novel_pair": 0.006643573381573376,
  "frac_novel_pair": 0.2799377344152183,
  "residual_pos_mean": 94.32811359243985,
  "residual_neg_mean": 116.59450593325612,
  "residual_pos_lt_neg_frac": 0.6054960409874243,
  "time_scale": 1.0,
  "sec": 1742.9768022764474,
  "mrr_by_gap_quartile": {
    "q1": 0.663004494495915,
    "q2": 0.64100974851418,
    "q3": 0.6312099529636668,
    "q4": 0.5884380038017175
  },
  "mrr_by_rel_freq_quartile": {
    "rare": 0.6477584049410793,
    "q2": 0.6956973802237385,
    "q3": 0.5360342076458166,
    "frequent": 0.5250630199004989
  }
}
