device=cuda:0 sha=09c27e8f3879 config={'dataset': 'tgbl-wiki', 'seed': 47, 'model': 'faithful', 'feedback_dim': 16, 'no_memory_readout': False, 'sheaf_conditioning': 'history', 'epochs': 10, 'patience': 5, 'min_epochs': 4, 'time_window': 600.0, 'context_edges': 50000, 'train_edges_cap': None, 'val_edges_cap': None, 'test_edges_cap': None, 'track_val_edges': 8000, 'train_loss': 'softplus', 'learn_node_emb': True, 'node_type_emb': False, 'relation_in_input': False, 'no_dst_range': False, 'd': 2, 'layers': 3, 'hidden_channels': 8, 'temporal_d_model': 64, 'closure_hops': 2, 'train_negatives_per_pos': 32, 'candidate_chunk_size': 1024, 'max_score_elements': 4000000, 'bptt_steps': 1, 'lr': 0.0003, 'weight_decay': 0.0, 'grad_clip': 1.0, 'skip_final_eval': False, 'out': 'results/wiki_hpo2/finals/champK_s47'}
split_source=official_tgb_masks
destination_range=(8227, 9226)
snapshots: train=3105 (edges=110232) track_val=192 final_val=593 final_test=767 | prep_sec=1.4
negative-sample sets loaded in 0.6s
parameter_count=1035134 num_relations=1 num_nodes=9227
[epoch 1/10] {'epoch': 1, 'train_loss': 0.09033952816606959, 'track_val_mrr': 0.232500001370674, 'track_val_loss': 0.19817256927490234, 'train_sec': 2234.9, 'track_eval_sec': 2237.7, 'peak_gpu_mem_mb': 2525.5}
[epoch 2/10] {'epoch': 2, 'train_loss': 0.07013407785808383, 'track_val_mrr': 0.2551250017704442, 'track_val_loss': 0.19998063147068024, 'train_sec': 2209.3, 'track_eval_sec': 2235.3, 'peak_gpu_mem_mb': 2531.7}
[epoch 3/10] {'epoch': 3, 'train_loss': 0.0749877055587274, 'track_val_mrr': 0.09025000050244852, 'track_val_loss': 0.29913827776908875, 'train_sec': 2192.1, 'track_eval_sec': 2249.5, 'peak_gpu_mem_mb': 2531.7}
[epoch 4/10] {'epoch': 4, 'train_loss': 0.08950896084011681, 'track_val_mrr': 0.064250000592554, 'track_val_loss': 0.442438006401062, 'train_sec': 2210.2, 'track_eval_sec': 2229.8, 'peak_gpu_mem_mb': 2531.7}
[epoch 5/10] {'epoch': 5, 'train_loss': 0.0979200294352288, 'track_val_mrr': 0.12837500089523382, 'track_val_loss': 0.35888442397117615, 'train_sec': 2183.2, 'track_eval_sec': 2259.3, 'peak_gpu_mem_mb': 2531.7}
[epoch 6/10] {'epoch': 6, 'train_loss': 0.08563984474984572, 'track_val_mrr': 0.10537500073923729, 'track_val_loss': 0.4438909590244293, 'train_sec': 2190.8, 'track_eval_sec': 2176.2, 'peak_gpu_mem_mb': 2531.7}
[epoch 7/10] {'epoch': 7, 'train_loss': 0.08077250763806912, 'track_val_mrr': 0.03425000022747554, 'track_val_loss': 0.45119789242744446, 'train_sec': 2164.4, 'track_eval_sec': 2199.0, 'peak_gpu_mem_mb': 2531.7}
early stop at epoch 7 (patience 5)
final val_mrr=0.2399 (2474.7s so far)
FINAL val_mrr=0.2399 test_mrr=0.2001 eval_sec=2960.9
{
  "dataset": "tgbl-wiki",
  "model": "FaithfulEventTemporalSheaf",
  "seed": 47,
  "epochs": 10,
  "best_track_epoch": 2,
  "best_track_val_mrr": 0.2551250017704442,
  "parameter_count": 1035134,
  "commit_hash": "09c27e8f3879cb2cebf51a3f945374c3edfeb766",
  "train_edges": 110232,
  "final_val_edges": 23621,
  "final_test_edges": 23621,
  "validation_mrr": 0.23987130276601107,
  "test_mrr": 0.2000762051397445,
  "final_val_loss": 0.2240016758441925,
  "final_test_loss": 0.24240611493587494,
  "final_eval_sec": 2960.9,
  "final_eval_peak_gpu_mem_mb": 645.1
}
