device=cuda:0 sha=09c27e8f3879 config={'dataset': 'tgbl-wiki', 'seed': 46, 'model': 'faithful', 'feedback_dim': 16, 'no_memory_readout': False, 'sheaf_conditioning': 'history', 'epochs': 10, 'patience': 5, 'min_epochs': 4, 'time_window': 600.0, 'context_edges': 50000, 'train_edges_cap': None, 'val_edges_cap': None, 'test_edges_cap': None, 'track_val_edges': 8000, 'train_loss': 'softplus', 'learn_node_emb': True, 'node_type_emb': False, 'relation_in_input': False, 'no_dst_range': False, 'd': 2, 'layers': 3, 'hidden_channels': 8, 'temporal_d_model': 64, 'closure_hops': 2, 'train_negatives_per_pos': 128, 'candidate_chunk_size': 1024, 'max_score_elements': 4000000, 'bptt_steps': 1, 'lr': 0.0003, 'weight_decay': 0.0, 'grad_clip': 1.0, 'skip_final_eval': False, 'out': 'results/wiki_hpo2/finals/champ_s46'}
split_source=official_tgb_masks
destination_range=(8227, 9226)
snapshots: train=3105 (edges=110232) track_val=192 final_val=593 final_test=767 | prep_sec=2.3
negative-sample sets loaded in 0.7s
parameter_count=1035134 num_relations=1 num_nodes=9227
[epoch 1/10] {'epoch': 1, 'train_loss': 0.10005854466801056, 'track_val_mrr': 0.2638750016114209, 'track_val_loss': 0.16789589822292328, 'train_sec': 2150.7, 'track_eval_sec': 2179.2, 'peak_gpu_mem_mb': 2525.5}
[epoch 2/10] {'epoch': 2, 'train_loss': 0.07115796117971376, 'track_val_mrr': 0.3902500019501895, 'track_val_loss': 0.14385369420051575, 'train_sec': 2173.1, 'track_eval_sec': 2223.6, 'peak_gpu_mem_mb': 2531.7}
[epoch 3/10] {'epoch': 3, 'train_loss': 0.06974194716473205, 'track_val_mrr': 0.2370000009399373, 'track_val_loss': 0.18866340816020966, 'train_sec': 2165.7, 'track_eval_sec': 2222.2, 'peak_gpu_mem_mb': 2531.7}
[epoch 4/10] {'epoch': 4, 'train_loss': 0.07388443711503212, 'track_val_mrr': 0.18600000122655183, 'track_val_loss': 0.2326505333185196, 'train_sec': 2202.3, 'track_eval_sec': 2224.3, 'peak_gpu_mem_mb': 2531.7}
[epoch 5/10] {'epoch': 5, 'train_loss': 0.06185243939718414, 'track_val_mrr': 0.1988750014475081, 'track_val_loss': 0.1685156375169754, 'train_sec': 2184.7, 'track_eval_sec': 2244.9, 'peak_gpu_mem_mb': 2531.7}
[epoch 6/10] {'epoch': 6, 'train_loss': 0.05783525254493414, 'track_val_mrr': 0.2310000017527491, 'track_val_loss': 0.1532793492078781, 'train_sec': 2217.5, 'track_eval_sec': 2234.0, 'peak_gpu_mem_mb': 2531.7}
[epoch 7/10] {'epoch': 7, 'train_loss': 0.07878755991067438, 'track_val_mrr': 0.08487500080326572, 'track_val_loss': 0.2636354863643646, 'train_sec': 2210.5, 'track_eval_sec': 2226.6, 'peak_gpu_mem_mb': 2531.7}
early stop at epoch 7 (patience 5)
final val_mrr=0.3395 (2524.7s so far)
FINAL val_mrr=0.3395 test_mrr=0.3433 eval_sec=3017.8
{
  "dataset": "tgbl-wiki",
  "model": "FaithfulEventTemporalSheaf",
  "seed": 46,
  "epochs": 10,
  "best_track_epoch": 2,
  "best_track_val_mrr": 0.3902500019501895,
  "parameter_count": 1035134,
  "commit_hash": "09c27e8f3879cb2cebf51a3f945374c3edfeb766",
  "train_edges": 110232,
  "final_val_edges": 23621,
  "final_test_edges": 23621,
  "validation_mrr": 0.33952838777997424,
  "test_mrr": 0.34329622200834553,
  "final_val_loss": 0.1547168493270874,
  "final_test_loss": 0.179890975356102,
  "final_eval_sec": 3017.8,
  "final_eval_peak_gpu_mem_mb": 645.1
}
