device=cuda:0 sha=09c27e8f3879 config={'dataset': 'tkgl-smallpedia', 'seed': 43, 'model': 'faithful', 'feedback_dim': 16, 'no_memory_readout': False, 'sheaf_conditioning': 'history', 'epochs': 15, 'patience': 6, 'min_epochs': 6, 'time_window': None, 'context_edges': 50000, 'train_edges_cap': None, 'val_edges_cap': None, 'test_edges_cap': None, 'track_val_edges': 50000, 'train_loss': 'softplus', 'learn_node_emb': False, 'node_type_emb': False, 'predict_from_previous': True, 'delta_time_scale': 'auto', 'sheaf_identity': False, 'no_delta_t': True, 'recurrency_symmetric': True, 'recurrency_untyped': True, 'cache_warm_history': False, 'recurrency_decoder': True, 'relation_in_input': True, 'no_dst_range': False, 'd': 2, 'layers': 2, 'hidden_channels': 8, 'temporal_d_model': 64, 'closure_hops': 1, 'train_negatives_per_pos': 32, 'candidate_chunk_size': 1024, 'max_score_elements': 4000000, 'bptt_steps': 1, 'lr': 0.01, 'weight_decay': 0.0, 'grad_clip': 1.0, 'skip_final_eval': False, 'save_checkpoint': True, 'eval_only': None, 'out': 'results/event_bench/leakfree/sp_abl_nodelta'}
split_source=official_tgb_masks
destination_range=None
snapshots: train=98 (edges=775514) track_val=7 final_val=10 final_test=17 | prep_sec=1.5
negative-sample sets loaded in 1.3s
delta_time_scale=1 (Delta_k is measured in units of the median training inter-snapshot gap)
protocol: predict-from-previous-state (leak-free) for training and evaluation
parameter_count=648803 num_relations=566 num_nodes=47433
[epoch 1/15] {'epoch': 1, 'train_loss': 0.1516894426728998, 'track_val_mrr': 0.5408491913938522, 'track_val_loss': 0.15758493542671204, 'train_sec': 283.4, 'track_eval_sec': 304.4, 'peak_gpu_mem_mb': 8231.7}
[epoch 2/15] {'epoch': 2, 'train_loss': 0.08072925313394896, 'track_val_mrr': 0.6123192319333554, 'track_val_loss': 0.14591462910175323, 'train_sec': 284.0, 'track_eval_sec': 311.6, 'peak_gpu_mem_mb': 8246.1}
[epoch 3/15] {'epoch': 3, 'train_loss': 0.07454365826382929, 'track_val_mrr': 0.6495330499076843, 'track_val_loss': 0.13688595592975616, 'train_sec': 285.7, 'track_eval_sec': 310.2, 'peak_gpu_mem_mb': 8246.1}
[epoch 4/15] {'epoch': 4, 'train_loss': 0.06930720705386935, 'track_val_mrr': 0.6850024257028103, 'track_val_loss': 0.13188090920448303, 'train_sec': 284.1, 'track_eval_sec': 311.2, 'peak_gpu_mem_mb': 8246.1}
[epoch 5/15] {'epoch': 5, 'train_loss': 0.06647740042179215, 'track_val_mrr': 0.7162891920018196, 'track_val_loss': 0.12841537594795227, 'train_sec': 285.1, 'track_eval_sec': 311.6, 'peak_gpu_mem_mb': 8246.1}
[epoch 6/15] {'epoch': 6, 'train_loss': 0.06526731503937318, 'track_val_mrr': 0.7252459925723076, 'track_val_loss': 0.12607762217521667, 'train_sec': 286.0, 'track_eval_sec': 312.1, 'peak_gpu_mem_mb': 8246.1}
[epoch 7/15] {'epoch': 7, 'train_loss': 0.06442987217510841, 'track_val_mrr': 0.7287561418926716, 'track_val_loss': 0.12428713589906693, 'train_sec': 284.0, 'track_eval_sec': 313.5, 'peak_gpu_mem_mb': 8246.1}
[epoch 8/15] {'epoch': 8, 'train_loss': 0.06388418401154328, 'track_val_mrr': 0.7300840611648559, 'track_val_loss': 0.12290257215499878, 'train_sec': 283.3, 'track_eval_sec': 312.4, 'peak_gpu_mem_mb': 8246.1}
[epoch 9/15] {'epoch': 9, 'train_loss': 0.06329216353823336, 'track_val_mrr': 0.731695368218422, 'track_val_loss': 0.12176661938428879, 'train_sec': 285.2, 'track_eval_sec': 315.9, 'peak_gpu_mem_mb': 8246.1}
[epoch 10/15] {'epoch': 10, 'train_loss': 0.06289768836708093, 'track_val_mrr': 0.7321971515655518, 'track_val_loss': 0.12074332684278488, 'train_sec': 290.6, 'track_eval_sec': 298.7, 'peak_gpu_mem_mb': 8246.1}
[epoch 11/15] {'epoch': 11, 'train_loss': 0.062458964387829205, 'track_val_mrr': 0.7324589907550811, 'track_val_loss': 0.11995617300271988, 'train_sec': 248.9, 'track_eval_sec': 268.5, 'peak_gpu_mem_mb': 8246.1}
[epoch 12/15] {'epoch': 12, 'train_loss': 0.06215049275102056, 'track_val_mrr': 0.7324382192468644, 'track_val_loss': 0.11950312554836273, 'train_sec': 238.6, 'track_eval_sec': 277.1, 'peak_gpu_mem_mb': 8246.1}
[epoch 13/15] {'epoch': 13, 'train_loss': 0.06183758398936111, 'track_val_mrr': 0.7322702464735508, 'track_val_loss': 0.11905690282583237, 'train_sec': 242.4, 'track_eval_sec': 275.9, 'peak_gpu_mem_mb': 8246.1}
[epoch 14/15] {'epoch': 14, 'train_loss': 0.06161338005366982, 'track_val_mrr': 0.7323969650328159, 'track_val_loss': 0.11869591474533081, 'train_sec': 242.1, 'track_eval_sec': 279.3, 'peak_gpu_mem_mb': 8246.1}
[epoch 15/15] {'epoch': 15, 'train_loss': 0.0612468405683734, 'track_val_mrr': 0.7327260758471489, 'track_val_loss': 0.11809825152158737, 'train_sec': 247.9, 'track_eval_sec': 290.2, 'peak_gpu_mem_mb': 8246.1}
checkpoint saved: results/event_bench/leakfree/sp_abl_nodelta/best.pt
final val_mrr=0.6414 (444.6s so far)
FINAL val_mrr=0.6414 test_mrr=0.6106 test_hits10=0.7144 eval_sec=671.0
{
  "dataset": "tkgl-smallpedia",
  "model": "FaithfulEventTemporalSheaf",
  "seed": 43,
  "epochs": 15,
  "best_track_epoch": 15,
  "best_track_val_mrr": 0.7327260758471489,
  "parameter_count": 648803,
  "commit_hash": "09c27e8f3879cb2cebf51a3f945374c3edfeb766",
  "train_edges": 775514,
  "final_val_edges": 162066,
  "final_test_edges": 163172,
  "validation_mrr": 0.6414275103848861,
  "test_mrr": 0.6105924513601659,
  "final_val_loss": 0.16043677926063538,
  "final_test_loss": 0.18439462780952454,
  "final_eval_sec": 671.0,
  "final_eval_peak_gpu_mem_mb": 20073.1,
  "test_hits10": 0.7144056584456732
}
