monitor started Sun Sep  6 09:08:56 PM PDT 2026 pid 1219270
2026-09-06 21:14:08 launching icews full evaluation
2026-09-07 05:02:46 polecat_f_s46 crashed (OOM) - no single-run queue line, not retried
2026-09-07 07:13:51 polecat_f_s46 relaunched manually after OOM (queue loop line not parseable by the retry rule)
2026-09-07 07:18:10 polecat_f_s46.oom crashed (OOM) - no single-run queue line, not retried
2026-09-07 17:22:04 launched bounded genre rerun (40 epochs, patience 10) alongside the 71-h unbounded one
2026-09-08 16:32:42 launched wiki ablations (identity/nodelta/curonly/embhead, ~1 GB each) and software ablation lane (identity/nodelta/curonly, ~8.4 GB, sequential) - small-memory work under contention
2026-09-08 21:57:36 polecat_f_s47 crashed (OOM) - no single-run queue line, not retried
2026-09-09 07:04:46 polecat_f_s47 relaunched manually after OOM
2026-09-09 07:05:12 queued forum_f_s47 launcher (60 GB)
2026-09-09 07:08:56 polecat_f_s47.oom crashed (OOM) - no single-run queue line, not retried
2026-09-09 22:22:43 retrying wd_f_s43 after OOM
2026-09-09 22:28:00 wd_f_s43.oom crashed (OOM) - no single-run queue line, not retried
2026-09-11 09:17:02 relaunched icews_eval_s43 and polecat_f_s47 via .cmd files (GPU fault 2026-09-10 09:25 killed every CUDA context on all 8 cards)
2026-09-11 09:18:02 relaunched synth_full_nodelta_ts0.25/ts4 (killed by the 09-10 GPU event)
monitor started Fri Sep 11 09:18:37 AM PDT 2026 pid 2098961
2026-09-11 09:18:37 (re)launching genre_faithful_s43_e40 via results/leakfree_nodeprop/genre_faithful_s43_e40.cmd (attempt 1)
2026-09-11 09:23:54 script changed, reloading
monitor started Fri Sep 11 09:23:54 AM PDT 2026 pid 2098961
2026-09-11 09:34:23 script changed, reloading
monitor started Fri Sep 11 09:34:23 AM PDT 2026 pid 2098961
2026-09-11 09:34:23 (re)launching icews_eval_s43 via results/event_bench/leakfree2/icews_eval_s43.cmd (attempt 2)
2026-09-11 09:34:23 (re)launching polecat_f_s47 via results/event_bench/leakfree2/polecat_f_s47.cmd (attempt 2)
2026-09-11 09:34:46 memory requests right-sized from measured peaks (icews eval 45->16 GB, polecat 40->14 GB); old-policy launchers 2097197/2097198 stopped for relaunch under the placement policy
2026-09-11 09:39:15 genre rerun restarted deliberately (no checkpoint support in the running instance); daemon relaunch via .cmd now checkpoints every epoch under <out>.ckpt
2026-09-11 09:40:55 (re)launching genre_faithful_s43_e40 via results/leakfree_nodeprop/genre_faithful_s43_e40.cmd (attempt 3)
2026-09-11 09:46:40 genre restarted again with the non-finite step guard (epoch-1 train loss was NaN in the previous instance); attempt counter reset
2026-09-11 09:47:26 (re)launching genre_faithful_s43_e40 via results/leakfree_nodeprop/genre_faithful_s43_e40.cmd (attempt 1)
2026-09-11 09:49:23 dropped the pending genre_original launcher (efficient model, context only; it would have taken a 20 GB large-job slot)
2026-09-11 13:37:03 script changed, reloading
monitor started Fri Sep 11 01:37:03 PM PDT 2026 pid 2098961
2026-09-11 13:38:14 POLICY CHANGE: ours = GPUs 0 and 7; GPUs 1-6 eligible only after 3600 s without any other user's process (gpu_idle.txt); launcher + daemon updated
2026-09-11 13:39:03 vacated colleague GPUs: genre_original_s43 (gpu1, 28 h, context-only, no output) stopped for good; synth_full_nodelta_ts0.25 moved off gpu4 (relaunched on our GPUs); stale pre-policy claims cleared
2026-09-11 13:42:23 genre run stopped: misconfigured (trade defaults: 3-unit time window = 3 s on genre, 2048-edge train cap) and all chunks non-finite; .cmd disabled until the pre-audit weekly config is restored
2026-09-11 13:42:50 queued trade_faithful_uncapped (5 seeds, train-cap -1, checkpointed; the 0.821 result is the paper's 2048-edge-cap protocol)
2026-09-11 13:43:13 genre .cmd rewritten with the pre-audit champion config (weekly 604800 s windows, train-cap -1, lr 0.005, patience 12/min 16, 40 epochs) + checkpointing; attempt counter reset
2026-09-11 13:43:30 (re)launching genre_faithful_s43_e40 via results/leakfree_nodeprop/genre_faithful_s43_e40.cmd (attempt 1)
2026-09-11 13:43:30 (re)launching trade_faithful_uncapped via results/leakfree_nodeprop/trade_faithful_uncapped.cmd (attempt 1)
2026-09-11 13:48:31 node-property runs paused: label pairing must drain ALL labels up to each snapshot timestamp (weekly genre snapshots / 3-year trade windows scored one label per snapshot and drifted); fix + tests in progress
2026-09-11 13:52:54 node-property reruns enabled under the fixed label protocol (drain + edge-based seek + per-label NDCG): trade_faithful_w1 (yearly, uncapped, 5 seeds), trade_faithful_paper (3-yr windows, 2048 cap, 5 seeds), genre_faithful_weekly_s43
2026-09-11 13:53:12 (re)launching genre_faithful_weekly_s43 via results/leakfree_nodeprop/genre_faithful_weekly_s43.cmd (attempt 1)
2026-09-11 13:53:12 (re)launching trade_faithful_paper via results/leakfree_nodeprop/trade_faithful_paper.cmd (attempt 1)
2026-09-11 13:53:12 (re)launching trade_faithful_w1 via results/leakfree_nodeprop/trade_faithful_w1.cmd (attempt 1)
2026-09-11 14:03:05 (re)launching trade_faithful_w1 via results/leakfree_nodeprop/trade_faithful_w1.cmd (attempt 1)
2026-09-11 14:09:43 (re)launching trade_faithful_w1 via results/leakfree_nodeprop/trade_faithful_w1.cmd (attempt 2)
2026-09-11 14:16:21 (re)launching trade_faithful_w1 via results/leakfree_nodeprop/trade_faithful_w1.cmd (attempt 3)
2026-09-11 14:22:59 (re)launching trade_faithful_w1 via results/leakfree_nodeprop/trade_faithful_w1.cmd (attempt 4)
2026-09-11 15:17:19 trade_faithful_w1 disabled: model diverges (NaN logits at epoch 4 with yearly windows, uncapped); probing lr / memory_readout before relaunch; evaluation now scores non-finite predictions as 0 instead of crashing
2026-09-11 15:22:15 queued polecat ablations (identity / no-Delta / current-only; 14 GB each) via .cmd -> daemon launches on GPU 0/7
2026-09-11 15:23:04 (re)launching polecat_abl_curonly via results/event_bench/leakfree2/polecat_abl_curonly.cmd (attempt 1)
2026-09-11 15:23:04 (re)launching polecat_abl_identity via results/event_bench/leakfree2/polecat_abl_identity.cmd (attempt 1)
2026-09-11 15:23:04 (re)launching polecat_abl_nodelta via results/event_bench/leakfree2/polecat_abl_nodelta.cmd (attempt 1)
2026-09-11 16:51:52 trade_faithful_w1 relaunched with memory_readout=true (probe: base lr without readout blows up transiently at epoch 4 -> non-finite predictions; with readout monotone 0.32->0.64 val over 6 epochs)
2026-09-11 16:51:35 (re)launching trade_faithful_w1 via results/leakfree_nodeprop/trade_faithful_w1.cmd (attempt 1)
2026-09-12 07:01:59 POLICY: compensation rule installed (colleagues' memory on GPUs 0/7 = our budget on GPUs 1-6); queued icews s46/s47 (train + eval), wikidata s46/s47, genre daily-window
2026-09-12 07:03:11 (re)launching icews_eval_s46 via results/event_bench/leakfree2/icews_eval_s46.cmd (attempt 1)
2026-09-12 07:03:11 (re)launching icews_eval_s47 via results/event_bench/leakfree2/icews_eval_s47.cmd (attempt 1)
2026-09-12 07:03:11 (re)launching icews_f_s46 via results/event_bench/leakfree2/icews_f_s46.cmd (attempt 1)
2026-09-12 07:03:11 (re)launching icews_f_s47 via results/event_bench/leakfree2/icews_f_s47.cmd (attempt 1)
2026-09-12 07:03:11 (re)launching wd_f_s46 via results/event_bench/leakfree2/wd_f_s46.cmd (attempt 1)
2026-09-12 07:03:11 (re)launching wd_f_s47 via results/event_bench/leakfree2/wd_f_s47.cmd (attempt 1)
2026-09-12 07:03:11 (re)launching genre_faithful_daily_s43 via results/leakfree_nodeprop/genre_faithful_daily_s43.cmd (attempt 1)
2026-09-12 07:03:42 script changed, reloading
monitor started Sat Sep 12 07:03:42 AM PDT 2026 pid 2098961
2026-09-12 07:03:42 (re)launching icews_eval_s46 via results/event_bench/leakfree2/icews_eval_s46.cmd (attempt 1)
2026-09-12 07:03:42 (re)launching icews_eval_s47 via results/event_bench/leakfree2/icews_eval_s47.cmd (attempt 1)
2026-09-12 07:07:17 (re)launching icews_eval_s46 via results/event_bench/leakfree2/icews_eval_s46.cmd (attempt 1)
2026-09-12 07:07:17 (re)launching icews_eval_s47 via results/event_bench/leakfree2/icews_eval_s47.cmd (attempt 1)
2026-09-12 07:10:56 (re)launching icews_eval_s46 via results/event_bench/leakfree2/icews_eval_s46.cmd (attempt 1)
2026-09-12 07:10:56 (re)launching icews_eval_s47 via results/event_bench/leakfree2/icews_eval_s47.cmd (attempt 1)
2026-09-12 07:14:35 (re)launching icews_eval_s46 via results/event_bench/leakfree2/icews_eval_s46.cmd (attempt 1)
2026-09-12 07:14:35 (re)launching icews_eval_s47 via results/event_bench/leakfree2/icews_eval_s47.cmd (attempt 1)
2026-09-12 07:18:12 (re)launching icews_eval_s46 via results/event_bench/leakfree2/icews_eval_s46.cmd (attempt 1)
2026-09-12 07:18:12 (re)launching icews_eval_s47 via results/event_bench/leakfree2/icews_eval_s47.cmd (attempt 1)
2026-09-12 07:21:50 (re)launching icews_eval_s46 via results/event_bench/leakfree2/icews_eval_s46.cmd (attempt 1)
2026-09-12 07:21:50 (re)launching icews_eval_s47 via results/event_bench/leakfree2/icews_eval_s47.cmd (attempt 1)
2026-09-12 07:25:28 (re)launching icews_eval_s46 via results/event_bench/leakfree2/icews_eval_s46.cmd (attempt 1)
2026-09-12 07:25:28 (re)launching icews_eval_s47 via results/event_bench/leakfree2/icews_eval_s47.cmd (attempt 1)
2026-09-12 07:29:07 (re)launching icews_eval_s46 via results/event_bench/leakfree2/icews_eval_s46.cmd (attempt 1)
2026-09-12 07:29:07 (re)launching icews_eval_s47 via results/event_bench/leakfree2/icews_eval_s47.cmd (attempt 1)
2026-09-12 07:32:46 (re)launching icews_eval_s46 via results/event_bench/leakfree2/icews_eval_s46.cmd (attempt 1)
2026-09-12 07:32:46 (re)launching icews_eval_s47 via results/event_bench/leakfree2/icews_eval_s47.cmd (attempt 1)
2026-09-12 07:36:24 (re)launching icews_eval_s46 via results/event_bench/leakfree2/icews_eval_s46.cmd (attempt 1)
2026-09-12 07:36:24 (re)launching icews_eval_s47 via results/event_bench/leakfree2/icews_eval_s47.cmd (attempt 1)
2026-09-12 07:40:02 (re)launching icews_eval_s46 via results/event_bench/leakfree2/icews_eval_s46.cmd (attempt 1)
2026-09-12 07:40:02 (re)launching icews_eval_s47 via results/event_bench/leakfree2/icews_eval_s47.cmd (attempt 1)
2026-09-12 07:43:39 (re)launching icews_eval_s46 via results/event_bench/leakfree2/icews_eval_s46.cmd (attempt 1)
2026-09-12 07:43:39 (re)launching icews_eval_s47 via results/event_bench/leakfree2/icews_eval_s47.cmd (attempt 1)
2026-09-12 07:47:17 (re)launching icews_eval_s46 via results/event_bench/leakfree2/icews_eval_s46.cmd (attempt 1)
2026-09-12 07:47:17 (re)launching icews_eval_s47 via results/event_bench/leakfree2/icews_eval_s47.cmd (attempt 1)
2026-09-12 07:50:56 (re)launching icews_eval_s46 via results/event_bench/leakfree2/icews_eval_s46.cmd (attempt 1)
2026-09-12 07:50:56 (re)launching icews_eval_s47 via results/event_bench/leakfree2/icews_eval_s47.cmd (attempt 1)
2026-09-12 07:54:35 (re)launching icews_eval_s46 via results/event_bench/leakfree2/icews_eval_s46.cmd (attempt 1)
2026-09-12 07:54:35 (re)launching icews_eval_s47 via results/event_bench/leakfree2/icews_eval_s47.cmd (attempt 1)
2026-09-12 07:58:12 (re)launching icews_eval_s46 via results/event_bench/leakfree2/icews_eval_s46.cmd (attempt 1)
2026-09-12 07:58:12 (re)launching icews_eval_s47 via results/event_bench/leakfree2/icews_eval_s47.cmd (attempt 1)
2026-09-12 08:01:50 (re)launching icews_eval_s46 via results/event_bench/leakfree2/icews_eval_s46.cmd (attempt 1)
2026-09-12 08:01:50 (re)launching icews_eval_s47 via results/event_bench/leakfree2/icews_eval_s47.cmd (attempt 1)
2026-09-12 08:05:29 (re)launching icews_eval_s46 via results/event_bench/leakfree2/icews_eval_s46.cmd (attempt 1)
2026-09-12 08:05:29 (re)launching icews_eval_s47 via results/event_bench/leakfree2/icews_eval_s47.cmd (attempt 1)
2026-09-12 08:09:08 (re)launching icews_eval_s46 via results/event_bench/leakfree2/icews_eval_s46.cmd (attempt 1)
2026-09-12 08:09:08 (re)launching icews_eval_s47 via results/event_bench/leakfree2/icews_eval_s47.cmd (attempt 1)
2026-09-12 08:12:47 (re)launching icews_eval_s46 via results/event_bench/leakfree2/icews_eval_s46.cmd (attempt 1)
2026-09-12 08:12:47 (re)launching icews_eval_s47 via results/event_bench/leakfree2/icews_eval_s47.cmd (attempt 1)
2026-09-12 08:16:26 (re)launching icews_eval_s46 via results/event_bench/leakfree2/icews_eval_s46.cmd (attempt 1)
2026-09-12 08:16:26 (re)launching icews_eval_s47 via results/event_bench/leakfree2/icews_eval_s47.cmd (attempt 1)
2026-09-12 08:20:05 (re)launching icews_eval_s46 via results/event_bench/leakfree2/icews_eval_s46.cmd (attempt 1)
2026-09-12 08:20:05 (re)launching icews_eval_s47 via results/event_bench/leakfree2/icews_eval_s47.cmd (attempt 1)
2026-09-12 08:23:44 (re)launching icews_eval_s46 via results/event_bench/leakfree2/icews_eval_s46.cmd (attempt 1)
2026-09-12 08:23:44 (re)launching icews_eval_s47 via results/event_bench/leakfree2/icews_eval_s47.cmd (attempt 1)
2026-09-12 08:27:23 (re)launching icews_eval_s46 via results/event_bench/leakfree2/icews_eval_s46.cmd (attempt 1)
2026-09-12 08:27:23 (re)launching icews_eval_s47 via results/event_bench/leakfree2/icews_eval_s47.cmd (attempt 1)
2026-09-12 08:31:04 (re)launching icews_eval_s46 via results/event_bench/leakfree2/icews_eval_s46.cmd (attempt 1)
2026-09-12 08:31:04 (re)launching icews_eval_s47 via results/event_bench/leakfree2/icews_eval_s47.cmd (attempt 1)
2026-09-12 08:34:43 (re)launching icews_eval_s46 via results/event_bench/leakfree2/icews_eval_s46.cmd (attempt 1)
2026-09-12 08:34:43 (re)launching icews_eval_s47 via results/event_bench/leakfree2/icews_eval_s47.cmd (attempt 1)
2026-09-12 08:38:22 (re)launching icews_eval_s46 via results/event_bench/leakfree2/icews_eval_s46.cmd (attempt 1)
2026-09-12 08:38:22 (re)launching icews_eval_s47 via results/event_bench/leakfree2/icews_eval_s47.cmd (attempt 1)
2026-09-12 08:42:02 (re)launching icews_eval_s46 via results/event_bench/leakfree2/icews_eval_s46.cmd (attempt 1)
2026-09-12 08:42:02 (re)launching icews_eval_s47 via results/event_bench/leakfree2/icews_eval_s47.cmd (attempt 1)
2026-09-12 08:45:40 (re)launching icews_eval_s46 via results/event_bench/leakfree2/icews_eval_s46.cmd (attempt 1)
2026-09-12 08:45:40 (re)launching icews_eval_s47 via results/event_bench/leakfree2/icews_eval_s47.cmd (attempt 1)
2026-09-12 08:49:20 (re)launching icews_eval_s46 via results/event_bench/leakfree2/icews_eval_s46.cmd (attempt 1)
2026-09-12 08:49:20 (re)launching icews_eval_s47 via results/event_bench/leakfree2/icews_eval_s47.cmd (attempt 1)
2026-09-12 08:52:58 (re)launching icews_eval_s46 via results/event_bench/leakfree2/icews_eval_s46.cmd (attempt 1)
2026-09-12 08:52:58 (re)launching icews_eval_s47 via results/event_bench/leakfree2/icews_eval_s47.cmd (attempt 1)
2026-09-12 08:56:38 (re)launching icews_eval_s46 via results/event_bench/leakfree2/icews_eval_s46.cmd (attempt 1)
2026-09-12 08:56:38 (re)launching icews_eval_s47 via results/event_bench/leakfree2/icews_eval_s47.cmd (attempt 1)
2026-09-12 09:00:17 (re)launching icews_eval_s46 via results/event_bench/leakfree2/icews_eval_s46.cmd (attempt 1)
2026-09-12 09:00:17 (re)launching icews_eval_s47 via results/event_bench/leakfree2/icews_eval_s47.cmd (attempt 1)
2026-09-12 09:03:57 (re)launching icews_eval_s46 via results/event_bench/leakfree2/icews_eval_s46.cmd (attempt 1)
2026-09-12 09:03:57 (re)launching icews_eval_s47 via results/event_bench/leakfree2/icews_eval_s47.cmd (attempt 1)
2026-09-12 09:07:36 (re)launching icews_eval_s46 via results/event_bench/leakfree2/icews_eval_s46.cmd (attempt 1)
2026-09-12 09:07:36 (re)launching icews_eval_s47 via results/event_bench/leakfree2/icews_eval_s47.cmd (attempt 1)
2026-09-12 09:11:15 (re)launching icews_eval_s46 via results/event_bench/leakfree2/icews_eval_s46.cmd (attempt 1)
2026-09-12 09:11:15 (re)launching icews_eval_s47 via results/event_bench/leakfree2/icews_eval_s47.cmd (attempt 1)
2026-09-12 09:14:54 (re)launching icews_eval_s46 via results/event_bench/leakfree2/icews_eval_s46.cmd (attempt 1)
2026-09-12 09:14:54 (re)launching icews_eval_s47 via results/event_bench/leakfree2/icews_eval_s47.cmd (attempt 1)
2026-09-12 09:18:34 (re)launching icews_eval_s46 via results/event_bench/leakfree2/icews_eval_s46.cmd (attempt 1)
2026-09-12 09:18:34 (re)launching icews_eval_s47 via results/event_bench/leakfree2/icews_eval_s47.cmd (attempt 1)
2026-09-12 09:22:13 (re)launching icews_eval_s46 via results/event_bench/leakfree2/icews_eval_s46.cmd (attempt 1)
2026-09-12 09:22:13 (re)launching icews_eval_s47 via results/event_bench/leakfree2/icews_eval_s47.cmd (attempt 1)
2026-09-12 09:25:53 (re)launching icews_eval_s46 via results/event_bench/leakfree2/icews_eval_s46.cmd (attempt 1)
2026-09-12 09:25:53 (re)launching icews_eval_s47 via results/event_bench/leakfree2/icews_eval_s47.cmd (attempt 1)
2026-09-12 09:29:32 (re)launching icews_eval_s46 via results/event_bench/leakfree2/icews_eval_s46.cmd (attempt 1)
2026-09-12 09:29:32 (re)launching icews_eval_s47 via results/event_bench/leakfree2/icews_eval_s47.cmd (attempt 1)
2026-09-12 09:33:13 (re)launching icews_eval_s46 via results/event_bench/leakfree2/icews_eval_s46.cmd (attempt 1)
2026-09-12 09:33:13 (re)launching icews_eval_s47 via results/event_bench/leakfree2/icews_eval_s47.cmd (attempt 1)
2026-09-12 09:36:54 (re)launching icews_eval_s46 via results/event_bench/leakfree2/icews_eval_s46.cmd (attempt 1)
2026-09-12 09:36:54 (re)launching icews_eval_s47 via results/event_bench/leakfree2/icews_eval_s47.cmd (attempt 1)
2026-09-12 09:40:34 (re)launching icews_eval_s46 via results/event_bench/leakfree2/icews_eval_s46.cmd (attempt 1)
2026-09-12 09:40:34 (re)launching icews_eval_s47 via results/event_bench/leakfree2/icews_eval_s47.cmd (attempt 1)
2026-09-12 09:44:14 (re)launching icews_eval_s46 via results/event_bench/leakfree2/icews_eval_s46.cmd (attempt 1)
2026-09-12 09:44:14 (re)launching icews_eval_s47 via results/event_bench/leakfree2/icews_eval_s47.cmd (attempt 1)
2026-09-12 09:47:54 (re)launching icews_eval_s46 via results/event_bench/leakfree2/icews_eval_s46.cmd (attempt 1)
2026-09-12 09:47:54 (re)launching icews_eval_s47 via results/event_bench/leakfree2/icews_eval_s47.cmd (attempt 1)
2026-09-12 09:51:36 (re)launching icews_eval_s46 via results/event_bench/leakfree2/icews_eval_s46.cmd (attempt 1)
2026-09-12 09:51:36 (re)launching icews_eval_s47 via results/event_bench/leakfree2/icews_eval_s47.cmd (attempt 1)
2026-09-12 09:55:17 (re)launching icews_eval_s46 via results/event_bench/leakfree2/icews_eval_s46.cmd (attempt 1)
2026-09-12 09:55:17 (re)launching icews_eval_s47 via results/event_bench/leakfree2/icews_eval_s47.cmd (attempt 1)
2026-09-12 09:58:57 (re)launching icews_eval_s46 via results/event_bench/leakfree2/icews_eval_s46.cmd (attempt 1)
2026-09-12 09:58:57 (re)launching icews_eval_s47 via results/event_bench/leakfree2/icews_eval_s47.cmd (attempt 1)
2026-09-12 10:02:36 (re)launching icews_eval_s46 via results/event_bench/leakfree2/icews_eval_s46.cmd (attempt 1)
2026-09-12 10:02:36 (re)launching icews_eval_s47 via results/event_bench/leakfree2/icews_eval_s47.cmd (attempt 1)
2026-09-12 10:06:16 (re)launching icews_eval_s46 via results/event_bench/leakfree2/icews_eval_s46.cmd (attempt 1)
2026-09-12 10:06:16 (re)launching icews_eval_s47 via results/event_bench/leakfree2/icews_eval_s47.cmd (attempt 1)
2026-09-12 10:09:56 (re)launching icews_eval_s46 via results/event_bench/leakfree2/icews_eval_s46.cmd (attempt 1)
2026-09-12 10:09:56 (re)launching icews_eval_s47 via results/event_bench/leakfree2/icews_eval_s47.cmd (attempt 1)
2026-09-12 10:13:36 (re)launching icews_eval_s46 via results/event_bench/leakfree2/icews_eval_s46.cmd (attempt 1)
2026-09-12 10:13:36 (re)launching icews_eval_s47 via results/event_bench/leakfree2/icews_eval_s47.cmd (attempt 1)
2026-09-12 10:17:16 (re)launching icews_eval_s46 via results/event_bench/leakfree2/icews_eval_s46.cmd (attempt 1)
2026-09-12 10:17:16 (re)launching icews_eval_s47 via results/event_bench/leakfree2/icews_eval_s47.cmd (attempt 1)
2026-09-12 10:20:56 (re)launching icews_eval_s46 via results/event_bench/leakfree2/icews_eval_s46.cmd (attempt 1)
2026-09-12 10:20:56 (re)launching icews_eval_s47 via results/event_bench/leakfree2/icews_eval_s47.cmd (attempt 1)
2026-09-12 10:24:34 (re)launching icews_eval_s46 via results/event_bench/leakfree2/icews_eval_s46.cmd (attempt 1)
2026-09-12 10:24:34 (re)launching icews_eval_s47 via results/event_bench/leakfree2/icews_eval_s47.cmd (attempt 1)
2026-09-12 10:28:14 (re)launching icews_eval_s46 via results/event_bench/leakfree2/icews_eval_s46.cmd (attempt 1)
2026-09-12 10:28:14 (re)launching icews_eval_s47 via results/event_bench/leakfree2/icews_eval_s47.cmd (attempt 1)
2026-09-12 10:31:55 (re)launching icews_eval_s46 via results/event_bench/leakfree2/icews_eval_s46.cmd (attempt 1)
2026-09-12 10:31:55 (re)launching icews_eval_s47 via results/event_bench/leakfree2/icews_eval_s47.cmd (attempt 1)
2026-09-12 10:35:37 (re)launching icews_eval_s46 via results/event_bench/leakfree2/icews_eval_s46.cmd (attempt 1)
2026-09-12 10:35:37 (re)launching icews_eval_s47 via results/event_bench/leakfree2/icews_eval_s47.cmd (attempt 1)
2026-09-12 10:39:17 (re)launching icews_eval_s46 via results/event_bench/leakfree2/icews_eval_s46.cmd (attempt 1)
2026-09-12 10:39:17 (re)launching icews_eval_s47 via results/event_bench/leakfree2/icews_eval_s47.cmd (attempt 1)
2026-09-12 10:42:58 (re)launching icews_eval_s46 via results/event_bench/leakfree2/icews_eval_s46.cmd (attempt 1)
2026-09-12 10:42:58 (re)launching icews_eval_s47 via results/event_bench/leakfree2/icews_eval_s47.cmd (attempt 1)
2026-09-12 10:46:37 (re)launching icews_eval_s46 via results/event_bench/leakfree2/icews_eval_s46.cmd (attempt 1)
2026-09-12 10:46:37 (re)launching icews_eval_s47 via results/event_bench/leakfree2/icews_eval_s47.cmd (attempt 1)
2026-09-12 10:50:17 (re)launching icews_eval_s46 via results/event_bench/leakfree2/icews_eval_s46.cmd (attempt 1)
2026-09-12 10:50:17 (re)launching icews_eval_s47 via results/event_bench/leakfree2/icews_eval_s47.cmd (attempt 1)
2026-09-12 10:54:00 (re)launching icews_eval_s46 via results/event_bench/leakfree2/icews_eval_s46.cmd (attempt 1)
2026-09-12 10:54:00 (re)launching icews_eval_s47 via results/event_bench/leakfree2/icews_eval_s47.cmd (attempt 1)
2026-09-12 10:57:40 (re)launching icews_eval_s46 via results/event_bench/leakfree2/icews_eval_s46.cmd (attempt 1)
2026-09-12 10:57:40 (re)launching icews_eval_s47 via results/event_bench/leakfree2/icews_eval_s47.cmd (attempt 1)
2026-09-12 11:01:19 (re)launching icews_eval_s46 via results/event_bench/leakfree2/icews_eval_s46.cmd (attempt 1)
2026-09-12 11:01:19 (re)launching icews_eval_s47 via results/event_bench/leakfree2/icews_eval_s47.cmd (attempt 1)
2026-09-12 11:04:59 (re)launching icews_eval_s46 via results/event_bench/leakfree2/icews_eval_s46.cmd (attempt 1)
2026-09-12 11:04:59 (re)launching icews_eval_s47 via results/event_bench/leakfree2/icews_eval_s47.cmd (attempt 1)
2026-09-12 11:08:38 (re)launching icews_eval_s46 via results/event_bench/leakfree2/icews_eval_s46.cmd (attempt 1)
2026-09-12 11:08:38 (re)launching icews_eval_s47 via results/event_bench/leakfree2/icews_eval_s47.cmd (attempt 1)
2026-09-12 11:12:18 (re)launching icews_eval_s46 via results/event_bench/leakfree2/icews_eval_s46.cmd (attempt 1)
2026-09-12 11:12:18 (re)launching icews_eval_s47 via results/event_bench/leakfree2/icews_eval_s47.cmd (attempt 1)
2026-09-12 11:15:58 (re)launching icews_eval_s46 via results/event_bench/leakfree2/icews_eval_s46.cmd (attempt 1)
2026-09-12 11:15:58 (re)launching icews_eval_s47 via results/event_bench/leakfree2/icews_eval_s47.cmd (attempt 1)
2026-09-12 11:19:40 (re)launching icews_eval_s46 via results/event_bench/leakfree2/icews_eval_s46.cmd (attempt 1)
2026-09-12 11:19:40 (re)launching icews_eval_s47 via results/event_bench/leakfree2/icews_eval_s47.cmd (attempt 1)
2026-09-12 11:23:20 (re)launching icews_eval_s46 via results/event_bench/leakfree2/icews_eval_s46.cmd (attempt 1)
2026-09-12 11:23:20 (re)launching icews_eval_s47 via results/event_bench/leakfree2/icews_eval_s47.cmd (attempt 1)
2026-09-12 11:27:02 (re)launching icews_eval_s46 via results/event_bench/leakfree2/icews_eval_s46.cmd (attempt 1)
2026-09-12 11:27:02 (re)launching icews_eval_s47 via results/event_bench/leakfree2/icews_eval_s47.cmd (attempt 1)
2026-09-12 11:30:43 (re)launching icews_eval_s46 via results/event_bench/leakfree2/icews_eval_s46.cmd (attempt 1)
2026-09-12 11:30:43 (re)launching icews_eval_s47 via results/event_bench/leakfree2/icews_eval_s47.cmd (attempt 1)
2026-09-12 11:34:23 (re)launching icews_eval_s46 via results/event_bench/leakfree2/icews_eval_s46.cmd (attempt 1)
2026-09-12 11:34:23 (re)launching icews_eval_s47 via results/event_bench/leakfree2/icews_eval_s47.cmd (attempt 1)
2026-09-12 11:38:05 (re)launching icews_eval_s46 via results/event_bench/leakfree2/icews_eval_s46.cmd (attempt 1)
2026-09-12 11:38:05 (re)launching icews_eval_s47 via results/event_bench/leakfree2/icews_eval_s47.cmd (attempt 1)
2026-09-12 11:41:47 (re)launching icews_eval_s46 via results/event_bench/leakfree2/icews_eval_s46.cmd (attempt 1)
2026-09-12 11:41:47 (re)launching icews_eval_s47 via results/event_bench/leakfree2/icews_eval_s47.cmd (attempt 1)
2026-09-12 11:45:28 (re)launching icews_eval_s46 via results/event_bench/leakfree2/icews_eval_s46.cmd (attempt 1)
2026-09-12 11:45:28 (re)launching icews_eval_s47 via results/event_bench/leakfree2/icews_eval_s47.cmd (attempt 1)
2026-09-12 11:49:09 (re)launching icews_eval_s46 via results/event_bench/leakfree2/icews_eval_s46.cmd (attempt 1)
2026-09-12 11:49:09 (re)launching icews_eval_s47 via results/event_bench/leakfree2/icews_eval_s47.cmd (attempt 1)
2026-09-12 11:52:51 (re)launching icews_eval_s46 via results/event_bench/leakfree2/icews_eval_s46.cmd (attempt 1)
2026-09-12 11:52:51 (re)launching icews_eval_s47 via results/event_bench/leakfree2/icews_eval_s47.cmd (attempt 1)
2026-09-12 11:56:34 (re)launching icews_eval_s46 via results/event_bench/leakfree2/icews_eval_s46.cmd (attempt 1)
2026-09-12 11:56:34 (re)launching icews_eval_s47 via results/event_bench/leakfree2/icews_eval_s47.cmd (attempt 1)
2026-09-12 12:00:16 (re)launching icews_eval_s46 via results/event_bench/leakfree2/icews_eval_s46.cmd (attempt 1)
2026-09-12 12:00:16 (re)launching icews_eval_s47 via results/event_bench/leakfree2/icews_eval_s47.cmd (attempt 1)
2026-09-12 12:03:56 (re)launching icews_eval_s46 via results/event_bench/leakfree2/icews_eval_s46.cmd (attempt 1)
2026-09-12 12:03:56 (re)launching icews_eval_s47 via results/event_bench/leakfree2/icews_eval_s47.cmd (attempt 1)
2026-09-12 12:07:38 (re)launching icews_eval_s46 via results/event_bench/leakfree2/icews_eval_s46.cmd (attempt 1)
2026-09-12 12:07:38 (re)launching icews_eval_s47 via results/event_bench/leakfree2/icews_eval_s47.cmd (attempt 1)
2026-09-12 12:11:18 (re)launching icews_eval_s46 via results/event_bench/leakfree2/icews_eval_s46.cmd (attempt 1)
2026-09-12 12:11:18 (re)launching icews_eval_s47 via results/event_bench/leakfree2/icews_eval_s47.cmd (attempt 1)
2026-09-12 12:14:59 (re)launching icews_eval_s46 via results/event_bench/leakfree2/icews_eval_s46.cmd (attempt 1)
2026-09-12 12:14:59 (re)launching icews_eval_s47 via results/event_bench/leakfree2/icews_eval_s47.cmd (attempt 1)
2026-09-12 12:18:43 (re)launching icews_eval_s46 via results/event_bench/leakfree2/icews_eval_s46.cmd (attempt 1)
2026-09-12 12:18:43 (re)launching icews_eval_s47 via results/event_bench/leakfree2/icews_eval_s47.cmd (attempt 1)
2026-09-12 12:22:26 (re)launching icews_eval_s46 via results/event_bench/leakfree2/icews_eval_s46.cmd (attempt 1)
2026-09-12 12:22:26 (re)launching icews_eval_s47 via results/event_bench/leakfree2/icews_eval_s47.cmd (attempt 1)
2026-09-12 12:26:08 (re)launching icews_eval_s46 via results/event_bench/leakfree2/icews_eval_s46.cmd (attempt 1)
2026-09-12 12:26:08 (re)launching icews_eval_s47 via results/event_bench/leakfree2/icews_eval_s47.cmd (attempt 1)
2026-09-12 12:29:49 (re)launching icews_eval_s46 via results/event_bench/leakfree2/icews_eval_s46.cmd (attempt 1)
2026-09-12 12:29:49 (re)launching icews_eval_s47 via results/event_bench/leakfree2/icews_eval_s47.cmd (attempt 1)
2026-09-12 12:33:31 (re)launching icews_eval_s46 via results/event_bench/leakfree2/icews_eval_s46.cmd (attempt 1)
2026-09-12 12:33:31 (re)launching icews_eval_s47 via results/event_bench/leakfree2/icews_eval_s47.cmd (attempt 1)
2026-09-12 12:37:16 (re)launching icews_eval_s46 via results/event_bench/leakfree2/icews_eval_s46.cmd (attempt 1)
2026-09-12 12:37:16 (re)launching icews_eval_s47 via results/event_bench/leakfree2/icews_eval_s47.cmd (attempt 1)
2026-09-12 12:40:58 (re)launching icews_eval_s46 via results/event_bench/leakfree2/icews_eval_s46.cmd (attempt 1)
2026-09-12 12:40:58 (re)launching icews_eval_s47 via results/event_bench/leakfree2/icews_eval_s47.cmd (attempt 1)
2026-09-12 12:44:41 (re)launching icews_eval_s46 via results/event_bench/leakfree2/icews_eval_s46.cmd (attempt 1)
2026-09-12 12:44:41 (re)launching icews_eval_s47 via results/event_bench/leakfree2/icews_eval_s47.cmd (attempt 1)
2026-09-12 12:48:24 (re)launching icews_eval_s46 via results/event_bench/leakfree2/icews_eval_s46.cmd (attempt 1)
2026-09-12 12:48:24 (re)launching icews_eval_s47 via results/event_bench/leakfree2/icews_eval_s47.cmd (attempt 1)
2026-09-12 12:52:05 (re)launching icews_eval_s46 via results/event_bench/leakfree2/icews_eval_s46.cmd (attempt 1)
2026-09-12 12:52:05 (re)launching icews_eval_s47 via results/event_bench/leakfree2/icews_eval_s47.cmd (attempt 1)
2026-09-12 12:55:49 (re)launching icews_eval_s46 via results/event_bench/leakfree2/icews_eval_s46.cmd (attempt 1)
2026-09-12 12:55:49 (re)launching icews_eval_s47 via results/event_bench/leakfree2/icews_eval_s47.cmd (attempt 1)
2026-09-12 12:59:30 (re)launching icews_eval_s46 via results/event_bench/leakfree2/icews_eval_s46.cmd (attempt 1)
2026-09-12 12:59:30 (re)launching icews_eval_s47 via results/event_bench/leakfree2/icews_eval_s47.cmd (attempt 1)
2026-09-12 13:03:11 (re)launching icews_eval_s46 via results/event_bench/leakfree2/icews_eval_s46.cmd (attempt 1)
2026-09-12 13:03:11 (re)launching icews_eval_s47 via results/event_bench/leakfree2/icews_eval_s47.cmd (attempt 1)
2026-09-12 13:06:53 (re)launching icews_eval_s46 via results/event_bench/leakfree2/icews_eval_s46.cmd (attempt 1)
2026-09-12 13:06:53 (re)launching icews_eval_s47 via results/event_bench/leakfree2/icews_eval_s47.cmd (attempt 1)
2026-09-12 13:10:34 (re)launching icews_eval_s46 via results/event_bench/leakfree2/icews_eval_s46.cmd (attempt 1)
2026-09-12 13:10:34 (re)launching icews_eval_s47 via results/event_bench/leakfree2/icews_eval_s47.cmd (attempt 1)
2026-09-12 13:14:15 (re)launching icews_eval_s46 via results/event_bench/leakfree2/icews_eval_s46.cmd (attempt 1)
2026-09-12 13:14:15 (re)launching icews_eval_s47 via results/event_bench/leakfree2/icews_eval_s47.cmd (attempt 1)
2026-09-12 13:17:56 (re)launching icews_eval_s46 via results/event_bench/leakfree2/icews_eval_s46.cmd (attempt 1)
2026-09-12 13:17:56 (re)launching icews_eval_s47 via results/event_bench/leakfree2/icews_eval_s47.cmd (attempt 1)
2026-09-12 13:21:38 (re)launching icews_eval_s46 via results/event_bench/leakfree2/icews_eval_s46.cmd (attempt 1)
2026-09-12 13:21:38 (re)launching icews_eval_s47 via results/event_bench/leakfree2/icews_eval_s47.cmd (attempt 1)
2026-09-12 13:25:20 (re)launching icews_eval_s46 via results/event_bench/leakfree2/icews_eval_s46.cmd (attempt 1)
2026-09-12 13:25:20 (re)launching icews_eval_s47 via results/event_bench/leakfree2/icews_eval_s47.cmd (attempt 1)
2026-09-12 13:29:01 (re)launching icews_eval_s46 via results/event_bench/leakfree2/icews_eval_s46.cmd (attempt 1)
2026-09-12 13:29:01 (re)launching icews_eval_s47 via results/event_bench/leakfree2/icews_eval_s47.cmd (attempt 1)
2026-09-12 13:32:42 (re)launching icews_eval_s46 via results/event_bench/leakfree2/icews_eval_s46.cmd (attempt 1)
2026-09-12 13:32:42 (re)launching icews_eval_s47 via results/event_bench/leakfree2/icews_eval_s47.cmd (attempt 1)
2026-09-12 13:36:24 (re)launching icews_eval_s46 via results/event_bench/leakfree2/icews_eval_s46.cmd (attempt 1)
2026-09-12 13:36:24 (re)launching icews_eval_s47 via results/event_bench/leakfree2/icews_eval_s47.cmd (attempt 1)
2026-09-12 13:40:08 (re)launching icews_eval_s46 via results/event_bench/leakfree2/icews_eval_s46.cmd (attempt 1)
2026-09-12 13:40:08 (re)launching icews_eval_s47 via results/event_bench/leakfree2/icews_eval_s47.cmd (attempt 1)
2026-09-12 13:43:50 (re)launching icews_eval_s46 via results/event_bench/leakfree2/icews_eval_s46.cmd (attempt 1)
2026-09-12 13:43:50 (re)launching icews_eval_s47 via results/event_bench/leakfree2/icews_eval_s47.cmd (attempt 1)
2026-09-12 13:47:30 (re)launching icews_eval_s46 via results/event_bench/leakfree2/icews_eval_s46.cmd (attempt 1)
2026-09-12 13:47:30 (re)launching icews_eval_s47 via results/event_bench/leakfree2/icews_eval_s47.cmd (attempt 1)
2026-09-12 13:51:11 (re)launching icews_eval_s46 via results/event_bench/leakfree2/icews_eval_s46.cmd (attempt 1)
2026-09-12 13:51:11 (re)launching icews_eval_s47 via results/event_bench/leakfree2/icews_eval_s47.cmd (attempt 1)
2026-09-12 13:54:51 (re)launching icews_eval_s46 via results/event_bench/leakfree2/icews_eval_s46.cmd (attempt 1)
2026-09-12 13:54:51 (re)launching icews_eval_s47 via results/event_bench/leakfree2/icews_eval_s47.cmd (attempt 1)
2026-09-12 13:58:34 (re)launching icews_eval_s46 via results/event_bench/leakfree2/icews_eval_s46.cmd (attempt 1)
2026-09-12 13:58:34 (re)launching icews_eval_s47 via results/event_bench/leakfree2/icews_eval_s47.cmd (attempt 1)
2026-09-12 14:02:15 (re)launching icews_eval_s46 via results/event_bench/leakfree2/icews_eval_s46.cmd (attempt 1)
2026-09-12 14:02:15 (re)launching icews_eval_s47 via results/event_bench/leakfree2/icews_eval_s47.cmd (attempt 1)
2026-09-12 14:05:55 (re)launching icews_eval_s46 via results/event_bench/leakfree2/icews_eval_s46.cmd (attempt 1)
2026-09-12 14:05:55 (re)launching icews_eval_s47 via results/event_bench/leakfree2/icews_eval_s47.cmd (attempt 1)
2026-09-12 14:09:36 (re)launching icews_eval_s46 via results/event_bench/leakfree2/icews_eval_s46.cmd (attempt 1)
2026-09-12 14:09:36 (re)launching icews_eval_s47 via results/event_bench/leakfree2/icews_eval_s47.cmd (attempt 1)
2026-09-12 14:13:17 (re)launching icews_eval_s46 via results/event_bench/leakfree2/icews_eval_s46.cmd (attempt 1)
2026-09-12 14:13:17 (re)launching icews_eval_s47 via results/event_bench/leakfree2/icews_eval_s47.cmd (attempt 1)
2026-09-12 14:16:58 (re)launching icews_eval_s46 via results/event_bench/leakfree2/icews_eval_s46.cmd (attempt 1)
2026-09-12 14:16:58 (re)launching icews_eval_s47 via results/event_bench/leakfree2/icews_eval_s47.cmd (attempt 1)
2026-09-12 14:20:38 (re)launching icews_eval_s46 via results/event_bench/leakfree2/icews_eval_s46.cmd (attempt 1)
2026-09-12 14:20:38 (re)launching icews_eval_s47 via results/event_bench/leakfree2/icews_eval_s47.cmd (attempt 1)
2026-09-12 14:24:21 (re)launching icews_eval_s46 via results/event_bench/leakfree2/icews_eval_s46.cmd (attempt 1)
2026-09-12 14:24:21 (re)launching icews_eval_s47 via results/event_bench/leakfree2/icews_eval_s47.cmd (attempt 1)
2026-09-12 14:28:01 (re)launching icews_eval_s46 via results/event_bench/leakfree2/icews_eval_s46.cmd (attempt 1)
2026-09-12 14:28:01 (re)launching icews_eval_s47 via results/event_bench/leakfree2/icews_eval_s47.cmd (attempt 1)
2026-09-12 14:31:41 (re)launching icews_eval_s46 via results/event_bench/leakfree2/icews_eval_s46.cmd (attempt 1)
2026-09-12 14:31:41 (re)launching icews_eval_s47 via results/event_bench/leakfree2/icews_eval_s47.cmd (attempt 1)
2026-09-12 14:35:21 (re)launching icews_eval_s46 via results/event_bench/leakfree2/icews_eval_s46.cmd (attempt 1)
2026-09-12 14:35:21 (re)launching icews_eval_s47 via results/event_bench/leakfree2/icews_eval_s47.cmd (attempt 1)
2026-09-12 14:39:00 (re)launching icews_eval_s46 via results/event_bench/leakfree2/icews_eval_s46.cmd (attempt 1)
2026-09-12 14:39:00 (re)launching icews_eval_s47 via results/event_bench/leakfree2/icews_eval_s47.cmd (attempt 1)
2026-09-12 14:42:42 (re)launching icews_eval_s46 via results/event_bench/leakfree2/icews_eval_s46.cmd (attempt 1)
2026-09-12 14:42:42 (re)launching icews_eval_s47 via results/event_bench/leakfree2/icews_eval_s47.cmd (attempt 1)
2026-09-12 14:46:21 (re)launching icews_eval_s46 via results/event_bench/leakfree2/icews_eval_s46.cmd (attempt 1)
2026-09-12 14:46:21 (re)launching icews_eval_s47 via results/event_bench/leakfree2/icews_eval_s47.cmd (attempt 1)
2026-09-12 14:50:00 (re)launching icews_eval_s46 via results/event_bench/leakfree2/icews_eval_s46.cmd (attempt 1)
2026-09-12 14:50:00 (re)launching icews_eval_s47 via results/event_bench/leakfree2/icews_eval_s47.cmd (attempt 1)
2026-09-12 14:53:44 (re)launching icews_eval_s46 via results/event_bench/leakfree2/icews_eval_s46.cmd (attempt 1)
2026-09-12 14:53:44 (re)launching icews_eval_s47 via results/event_bench/leakfree2/icews_eval_s47.cmd (attempt 1)
2026-09-12 14:57:23 (re)launching icews_eval_s46 via results/event_bench/leakfree2/icews_eval_s46.cmd (attempt 1)
2026-09-12 14:57:23 (re)launching icews_eval_s47 via results/event_bench/leakfree2/icews_eval_s47.cmd (attempt 1)
2026-09-12 15:01:04 (re)launching icews_eval_s46 via results/event_bench/leakfree2/icews_eval_s46.cmd (attempt 1)
2026-09-12 15:01:04 (re)launching icews_eval_s47 via results/event_bench/leakfree2/icews_eval_s47.cmd (attempt 1)
2026-09-12 15:04:43 (re)launching icews_eval_s46 via results/event_bench/leakfree2/icews_eval_s46.cmd (attempt 1)
2026-09-12 15:04:43 (re)launching icews_eval_s47 via results/event_bench/leakfree2/icews_eval_s47.cmd (attempt 1)
2026-09-12 15:08:21 (re)launching icews_eval_s46 via results/event_bench/leakfree2/icews_eval_s46.cmd (attempt 1)
2026-09-12 15:08:21 (re)launching icews_eval_s47 via results/event_bench/leakfree2/icews_eval_s47.cmd (attempt 1)
2026-09-12 15:11:57 (re)launching icews_eval_s46 via results/event_bench/leakfree2/icews_eval_s46.cmd (attempt 1)
2026-09-12 15:11:57 (re)launching icews_eval_s47 via results/event_bench/leakfree2/icews_eval_s47.cmd (attempt 1)
2026-09-12 15:15:35 (re)launching icews_eval_s46 via results/event_bench/leakfree2/icews_eval_s46.cmd (attempt 1)
2026-09-12 15:15:35 (re)launching icews_eval_s47 via results/event_bench/leakfree2/icews_eval_s47.cmd (attempt 1)
2026-09-12 15:19:13 (re)launching icews_eval_s46 via results/event_bench/leakfree2/icews_eval_s46.cmd (attempt 1)
2026-09-12 15:19:13 (re)launching icews_eval_s47 via results/event_bench/leakfree2/icews_eval_s47.cmd (attempt 1)
2026-09-12 15:22:50 (re)launching icews_eval_s46 via results/event_bench/leakfree2/icews_eval_s46.cmd (attempt 1)
2026-09-12 15:22:50 (re)launching icews_eval_s47 via results/event_bench/leakfree2/icews_eval_s47.cmd (attempt 1)
2026-09-12 15:26:29 (re)launching icews_eval_s46 via results/event_bench/leakfree2/icews_eval_s46.cmd (attempt 1)
2026-09-12 15:26:29 (re)launching icews_eval_s47 via results/event_bench/leakfree2/icews_eval_s47.cmd (attempt 1)
2026-09-12 15:30:05 (re)launching icews_eval_s46 via results/event_bench/leakfree2/icews_eval_s46.cmd (attempt 1)
2026-09-12 15:30:05 (re)launching icews_eval_s47 via results/event_bench/leakfree2/icews_eval_s47.cmd (attempt 1)
2026-09-12 15:33:44 (re)launching icews_eval_s46 via results/event_bench/leakfree2/icews_eval_s46.cmd (attempt 1)
2026-09-12 15:33:44 (re)launching icews_eval_s47 via results/event_bench/leakfree2/icews_eval_s47.cmd (attempt 1)
2026-09-12 15:37:21 (re)launching icews_eval_s46 via results/event_bench/leakfree2/icews_eval_s46.cmd (attempt 1)
2026-09-12 15:37:21 (re)launching icews_eval_s47 via results/event_bench/leakfree2/icews_eval_s47.cmd (attempt 1)
2026-09-12 15:40:58 (re)launching icews_eval_s46 via results/event_bench/leakfree2/icews_eval_s46.cmd (attempt 1)
2026-09-12 15:40:58 (re)launching icews_eval_s47 via results/event_bench/leakfree2/icews_eval_s47.cmd (attempt 1)
2026-09-12 15:44:36 (re)launching icews_eval_s46 via results/event_bench/leakfree2/icews_eval_s46.cmd (attempt 1)
2026-09-12 15:44:36 (re)launching icews_eval_s47 via results/event_bench/leakfree2/icews_eval_s47.cmd (attempt 1)
2026-09-12 15:48:14 (re)launching icews_eval_s46 via results/event_bench/leakfree2/icews_eval_s46.cmd (attempt 1)
2026-09-12 15:48:14 (re)launching icews_eval_s47 via results/event_bench/leakfree2/icews_eval_s47.cmd (attempt 1)
2026-09-12 15:51:48 (re)launching icews_eval_s46 via results/event_bench/leakfree2/icews_eval_s46.cmd (attempt 1)
2026-09-12 15:51:48 (re)launching icews_eval_s47 via results/event_bench/leakfree2/icews_eval_s47.cmd (attempt 1)
2026-09-12 15:55:23 (re)launching icews_eval_s46 via results/event_bench/leakfree2/icews_eval_s46.cmd (attempt 1)
2026-09-12 15:55:23 (re)launching icews_eval_s47 via results/event_bench/leakfree2/icews_eval_s47.cmd (attempt 1)
2026-09-12 15:58:58 (re)launching icews_eval_s46 via results/event_bench/leakfree2/icews_eval_s46.cmd (attempt 1)
2026-09-12 15:58:58 (re)launching icews_eval_s47 via results/event_bench/leakfree2/icews_eval_s47.cmd (attempt 1)
2026-09-12 16:02:34 (re)launching icews_eval_s46 via results/event_bench/leakfree2/icews_eval_s46.cmd (attempt 1)
2026-09-12 16:02:34 (re)launching icews_eval_s47 via results/event_bench/leakfree2/icews_eval_s47.cmd (attempt 1)
2026-09-12 16:06:10 (re)launching icews_eval_s46 via results/event_bench/leakfree2/icews_eval_s46.cmd (attempt 1)
2026-09-12 16:06:10 (re)launching icews_eval_s47 via results/event_bench/leakfree2/icews_eval_s47.cmd (attempt 1)
2026-09-12 16:09:45 (re)launching icews_eval_s46 via results/event_bench/leakfree2/icews_eval_s46.cmd (attempt 1)
2026-09-12 16:09:45 (re)launching icews_eval_s47 via results/event_bench/leakfree2/icews_eval_s47.cmd (attempt 1)
2026-09-12 16:13:21 (re)launching icews_eval_s46 via results/event_bench/leakfree2/icews_eval_s46.cmd (attempt 1)
2026-09-12 16:13:21 (re)launching icews_eval_s47 via results/event_bench/leakfree2/icews_eval_s47.cmd (attempt 1)
2026-09-12 16:16:58 (re)launching icews_eval_s46 via results/event_bench/leakfree2/icews_eval_s46.cmd (attempt 1)
2026-09-12 16:16:58 (re)launching icews_eval_s47 via results/event_bench/leakfree2/icews_eval_s47.cmd (attempt 1)
2026-09-12 16:20:35 (re)launching icews_eval_s46 via results/event_bench/leakfree2/icews_eval_s46.cmd (attempt 1)
2026-09-12 16:20:35 (re)launching icews_eval_s47 via results/event_bench/leakfree2/icews_eval_s47.cmd (attempt 1)
2026-09-12 16:24:10 (re)launching icews_eval_s46 via results/event_bench/leakfree2/icews_eval_s46.cmd (attempt 1)
2026-09-12 16:24:10 (re)launching icews_eval_s47 via results/event_bench/leakfree2/icews_eval_s47.cmd (attempt 1)
2026-09-12 16:27:46 (re)launching icews_eval_s46 via results/event_bench/leakfree2/icews_eval_s46.cmd (attempt 1)
2026-09-12 16:27:46 (re)launching icews_eval_s47 via results/event_bench/leakfree2/icews_eval_s47.cmd (attempt 1)
2026-09-12 16:31:22 (re)launching icews_eval_s46 via results/event_bench/leakfree2/icews_eval_s46.cmd (attempt 1)
2026-09-12 16:31:22 (re)launching icews_eval_s47 via results/event_bench/leakfree2/icews_eval_s47.cmd (attempt 1)
2026-09-12 16:34:58 (re)launching icews_eval_s46 via results/event_bench/leakfree2/icews_eval_s46.cmd (attempt 1)
2026-09-12 16:34:58 (re)launching icews_eval_s47 via results/event_bench/leakfree2/icews_eval_s47.cmd (attempt 1)
2026-09-12 16:38:33 (re)launching icews_eval_s46 via results/event_bench/leakfree2/icews_eval_s46.cmd (attempt 1)
2026-09-12 16:38:33 (re)launching icews_eval_s47 via results/event_bench/leakfree2/icews_eval_s47.cmd (attempt 1)
2026-09-12 16:42:08 (re)launching icews_eval_s46 via results/event_bench/leakfree2/icews_eval_s46.cmd (attempt 1)
2026-09-12 16:42:08 (re)launching icews_eval_s47 via results/event_bench/leakfree2/icews_eval_s47.cmd (attempt 1)
2026-09-12 16:45:43 (re)launching icews_eval_s46 via results/event_bench/leakfree2/icews_eval_s46.cmd (attempt 1)
2026-09-12 16:45:43 (re)launching icews_eval_s47 via results/event_bench/leakfree2/icews_eval_s47.cmd (attempt 1)
2026-09-12 16:49:19 (re)launching icews_eval_s46 via results/event_bench/leakfree2/icews_eval_s46.cmd (attempt 1)
2026-09-12 16:49:19 (re)launching icews_eval_s47 via results/event_bench/leakfree2/icews_eval_s47.cmd (attempt 1)
2026-09-12 16:52:56 (re)launching icews_eval_s46 via results/event_bench/leakfree2/icews_eval_s46.cmd (attempt 1)
2026-09-12 16:52:56 (re)launching icews_eval_s47 via results/event_bench/leakfree2/icews_eval_s47.cmd (attempt 1)
2026-09-12 16:56:33 (re)launching icews_eval_s46 via results/event_bench/leakfree2/icews_eval_s46.cmd (attempt 1)
2026-09-12 16:56:33 (re)launching icews_eval_s47 via results/event_bench/leakfree2/icews_eval_s47.cmd (attempt 1)
2026-09-12 17:00:08 (re)launching icews_eval_s46 via results/event_bench/leakfree2/icews_eval_s46.cmd (attempt 1)
2026-09-12 17:00:08 (re)launching icews_eval_s47 via results/event_bench/leakfree2/icews_eval_s47.cmd (attempt 1)
2026-09-12 17:03:45 (re)launching icews_eval_s46 via results/event_bench/leakfree2/icews_eval_s46.cmd (attempt 1)
2026-09-12 17:03:45 (re)launching icews_eval_s47 via results/event_bench/leakfree2/icews_eval_s47.cmd (attempt 1)
2026-09-12 17:07:21 (re)launching icews_eval_s46 via results/event_bench/leakfree2/icews_eval_s46.cmd (attempt 1)
2026-09-12 17:07:21 (re)launching icews_eval_s47 via results/event_bench/leakfree2/icews_eval_s47.cmd (attempt 1)
2026-09-12 17:10:58 (re)launching icews_eval_s46 via results/event_bench/leakfree2/icews_eval_s46.cmd (attempt 1)
2026-09-12 17:10:58 (re)launching icews_eval_s47 via results/event_bench/leakfree2/icews_eval_s47.cmd (attempt 1)
2026-09-12 17:14:37 (re)launching icews_eval_s46 via results/event_bench/leakfree2/icews_eval_s46.cmd (attempt 1)
2026-09-12 17:14:37 (re)launching icews_eval_s47 via results/event_bench/leakfree2/icews_eval_s47.cmd (attempt 1)
2026-09-12 17:18:16 (re)launching icews_eval_s46 via results/event_bench/leakfree2/icews_eval_s46.cmd (attempt 1)
2026-09-12 17:18:16 (re)launching icews_eval_s47 via results/event_bench/leakfree2/icews_eval_s47.cmd (attempt 1)
2026-09-12 17:21:54 (re)launching icews_eval_s46 via results/event_bench/leakfree2/icews_eval_s46.cmd (attempt 1)
2026-09-12 17:21:54 (re)launching icews_eval_s47 via results/event_bench/leakfree2/icews_eval_s47.cmd (attempt 1)
2026-09-12 17:25:32 (re)launching icews_eval_s46 via results/event_bench/leakfree2/icews_eval_s46.cmd (attempt 1)
2026-09-12 17:25:32 (re)launching icews_eval_s47 via results/event_bench/leakfree2/icews_eval_s47.cmd (attempt 1)
2026-09-12 17:29:11 (re)launching icews_eval_s46 via results/event_bench/leakfree2/icews_eval_s46.cmd (attempt 1)
2026-09-12 17:29:11 (re)launching icews_eval_s47 via results/event_bench/leakfree2/icews_eval_s47.cmd (attempt 1)
2026-09-12 17:32:49 (re)launching icews_eval_s46 via results/event_bench/leakfree2/icews_eval_s46.cmd (attempt 1)
2026-09-12 17:32:49 (re)launching icews_eval_s47 via results/event_bench/leakfree2/icews_eval_s47.cmd (attempt 1)
2026-09-12 17:36:27 (re)launching icews_eval_s46 via results/event_bench/leakfree2/icews_eval_s46.cmd (attempt 1)
2026-09-12 17:36:27 (re)launching icews_eval_s47 via results/event_bench/leakfree2/icews_eval_s47.cmd (attempt 1)
2026-09-12 17:40:05 (re)launching icews_eval_s46 via results/event_bench/leakfree2/icews_eval_s46.cmd (attempt 1)
2026-09-12 17:40:05 (re)launching icews_eval_s47 via results/event_bench/leakfree2/icews_eval_s47.cmd (attempt 1)
2026-09-12 17:43:44 (re)launching icews_eval_s46 via results/event_bench/leakfree2/icews_eval_s46.cmd (attempt 1)
2026-09-12 17:43:44 (re)launching icews_eval_s47 via results/event_bench/leakfree2/icews_eval_s47.cmd (attempt 1)
2026-09-12 17:47:24 (re)launching icews_eval_s46 via results/event_bench/leakfree2/icews_eval_s46.cmd (attempt 1)
2026-09-12 17:47:24 (re)launching icews_eval_s47 via results/event_bench/leakfree2/icews_eval_s47.cmd (attempt 1)
2026-09-12 17:51:04 (re)launching icews_eval_s46 via results/event_bench/leakfree2/icews_eval_s46.cmd (attempt 1)
2026-09-12 17:51:04 (re)launching icews_eval_s47 via results/event_bench/leakfree2/icews_eval_s47.cmd (attempt 1)
2026-09-12 17:54:43 (re)launching icews_eval_s46 via results/event_bench/leakfree2/icews_eval_s46.cmd (attempt 1)
2026-09-12 17:54:43 (re)launching icews_eval_s47 via results/event_bench/leakfree2/icews_eval_s47.cmd (attempt 1)
2026-09-12 17:58:23 (re)launching icews_eval_s46 via results/event_bench/leakfree2/icews_eval_s46.cmd (attempt 1)
2026-09-12 17:58:23 (re)launching icews_eval_s47 via results/event_bench/leakfree2/icews_eval_s47.cmd (attempt 1)
2026-09-12 18:02:03 (re)launching icews_eval_s46 via results/event_bench/leakfree2/icews_eval_s46.cmd (attempt 1)
2026-09-12 18:02:03 (re)launching icews_eval_s47 via results/event_bench/leakfree2/icews_eval_s47.cmd (attempt 1)
2026-09-12 18:05:43 (re)launching icews_eval_s46 via results/event_bench/leakfree2/icews_eval_s46.cmd (attempt 1)
2026-09-12 18:05:43 (re)launching icews_eval_s47 via results/event_bench/leakfree2/icews_eval_s47.cmd (attempt 1)
2026-09-12 18:09:23 (re)launching icews_eval_s46 via results/event_bench/leakfree2/icews_eval_s46.cmd (attempt 1)
2026-09-12 18:09:23 (re)launching icews_eval_s47 via results/event_bench/leakfree2/icews_eval_s47.cmd (attempt 1)
2026-09-12 18:13:02 (re)launching icews_eval_s46 via results/event_bench/leakfree2/icews_eval_s46.cmd (attempt 1)
2026-09-12 18:13:02 (re)launching icews_eval_s47 via results/event_bench/leakfree2/icews_eval_s47.cmd (attempt 1)
2026-09-12 18:16:43 (re)launching icews_eval_s46 via results/event_bench/leakfree2/icews_eval_s46.cmd (attempt 1)
2026-09-12 18:16:43 (re)launching icews_eval_s47 via results/event_bench/leakfree2/icews_eval_s47.cmd (attempt 1)
2026-09-12 18:20:24 (re)launching icews_eval_s46 via results/event_bench/leakfree2/icews_eval_s46.cmd (attempt 1)
2026-09-12 18:20:24 (re)launching icews_eval_s47 via results/event_bench/leakfree2/icews_eval_s47.cmd (attempt 1)
2026-09-12 18:24:03 (re)launching icews_eval_s46 via results/event_bench/leakfree2/icews_eval_s46.cmd (attempt 1)
2026-09-12 18:24:03 (re)launching icews_eval_s47 via results/event_bench/leakfree2/icews_eval_s47.cmd (attempt 1)
2026-09-12 18:25:45 killed duplicate waiting icews_eval .cmd scripts (daemon relaunched them every tick while they waited for best.pt; daemon fixed) and the stale genre NaN probe (4.2 GB on gpu0)
2026-09-12 18:26:25 queued forum ablations (identity/no-Delta/current-only, 26 GB each) and genre daily seeds 46/47 (6 GB) -> expected to land on GPUs 1-6 under the compensation budget
2026-09-12 18:27:43 (re)launching forum_abl_curonly via results/event_bench/leakfree2/forum_abl_curonly.cmd (attempt 1)
2026-09-12 18:27:43 (re)launching forum_abl_identity via results/event_bench/leakfree2/forum_abl_identity.cmd (attempt 1)
2026-09-12 18:27:43 (re)launching forum_abl_nodelta via results/event_bench/leakfree2/forum_abl_nodelta.cmd (attempt 1)
2026-09-12 18:27:43 (re)launching icews_eval_s46 via results/event_bench/leakfree2/icews_eval_s46.cmd (attempt 1)
2026-09-12 18:27:43 (re)launching icews_eval_s47 via results/event_bench/leakfree2/icews_eval_s47.cmd (attempt 1)
2026-09-12 18:27:43 (re)launching genre_faithful_daily_s46 via results/leakfree_nodeprop/genre_faithful_daily_s46.cmd (attempt 1)
2026-09-12 18:27:43 (re)launching genre_faithful_daily_s47 via results/leakfree_nodeprop/genre_faithful_daily_s47.cmd (attempt 1)
2026-09-12 18:28:23 script changed, reloading
monitor started Sat Sep 12 06:28:23 PM PDT 2026 pid 2098961
2026-09-13 08:07:22 queued wiki ablation seeds 46/47 (6 runs, 2.5 GB each) and icews ablations identity/no-Delta/current-only (16 GB each, train + full eval in one run) for the mechanism-attribution table; ~10 days to the deadline
2026-09-13 08:08:15 (re)launching icews_abl_curonly via results/event_bench/leakfree2/icews_abl_curonly.cmd (attempt 1)
2026-09-13 08:08:15 (re)launching icews_abl_identity via results/event_bench/leakfree2/icews_abl_identity.cmd (attempt 1)
2026-09-13 08:08:15 (re)launching icews_abl_nodelta via results/event_bench/leakfree2/icews_abl_nodelta.cmd (attempt 1)
2026-09-13 08:08:15 (re)launching wiki_abl_curonly_s46 via results/event_bench/leakfree2/wiki_abl_curonly_s46.cmd (attempt 1)
2026-09-13 08:08:15 (re)launching wiki_abl_curonly_s47 via results/event_bench/leakfree2/wiki_abl_curonly_s47.cmd (attempt 1)
2026-09-13 08:08:15 (re)launching wiki_abl_identity_s46 via results/event_bench/leakfree2/wiki_abl_identity_s46.cmd (attempt 1)
2026-09-13 08:08:15 (re)launching wiki_abl_identity_s47 via results/event_bench/leakfree2/wiki_abl_identity_s47.cmd (attempt 1)
2026-09-13 08:08:15 (re)launching wiki_abl_nodelta_s46 via results/event_bench/leakfree2/wiki_abl_nodelta_s46.cmd (attempt 1)
2026-09-13 08:08:15 (re)launching wiki_abl_nodelta_s47 via results/event_bench/leakfree2/wiki_abl_nodelta_s47.cmd (attempt 1)
2026-09-14 07:41:06 queued forum ablation seed 46 (identity / no-Delta / current-only, 26 GB each; GPU 7 is fully free) to settle the +0.02 single-seed no-Delta/current-only result
2026-09-14 07:43:31 (re)launching forum_abl_curonly_s46 via results/event_bench/leakfree2/forum_abl_curonly_s46.cmd (attempt 1)
2026-09-14 07:43:31 (re)launching forum_abl_identity_s46 via results/event_bench/leakfree2/forum_abl_identity_s46.cmd (attempt 1)
2026-09-14 07:43:31 (re)launching forum_abl_nodelta_s46 via results/event_bench/leakfree2/forum_abl_nodelta_s46.cmd (attempt 1)
2026-09-14 07:46:14 user: make good use of GPU 7 -> queued 24 ablation runs (smallpedia s46/47, software s46/47, wikidata s43, icews s46, polecat s46, forum s47; 10-26 GB each) to complete the mechanism table at >=2 seeds per dataset
2026-09-14 07:46:27 migration watcher armed for icews_abl_nodelta (gpu2 -> eval-only on 0/7 after training)
2026-09-14 07:46:56 (re)launching forum_abl_curonly_s47 via results/event_bench/leakfree2/forum_abl_curonly_s47.cmd (attempt 1)
2026-09-14 07:46:56 (re)launching forum_abl_identity_s47 via results/event_bench/leakfree2/forum_abl_identity_s47.cmd (attempt 1)
2026-09-14 07:46:56 (re)launching forum_abl_nodelta_s47 via results/event_bench/leakfree2/forum_abl_nodelta_s47.cmd (attempt 1)
2026-09-14 07:46:56 (re)launching icews_abl_curonly_s46 via results/event_bench/leakfree2/icews_abl_curonly_s46.cmd (attempt 1)
2026-09-14 07:46:56 (re)launching icews_abl_identity_s46 via results/event_bench/leakfree2/icews_abl_identity_s46.cmd (attempt 1)
2026-09-14 07:46:56 (re)launching icews_abl_nodelta_s46 via results/event_bench/leakfree2/icews_abl_nodelta_s46.cmd (attempt 1)
2026-09-14 07:46:56 (re)launching polecat_abl_curonly_s46 via results/event_bench/leakfree2/polecat_abl_curonly_s46.cmd (attempt 1)
2026-09-14 07:46:56 (re)launching polecat_abl_identity_s46 via results/event_bench/leakfree2/polecat_abl_identity_s46.cmd (attempt 1)
2026-09-14 07:46:56 (re)launching polecat_abl_nodelta_s46 via results/event_bench/leakfree2/polecat_abl_nodelta_s46.cmd (attempt 1)
2026-09-14 07:46:56 (re)launching sp_abl_curonly_s46 via results/event_bench/leakfree2/sp_abl_curonly_s46.cmd (attempt 1)
2026-09-14 07:46:56 (re)launching sp_abl_curonly_s47 via results/event_bench/leakfree2/sp_abl_curonly_s47.cmd (attempt 1)
2026-09-14 07:46:56 (re)launching sp_abl_identity_s46 via results/event_bench/leakfree2/sp_abl_identity_s46.cmd (attempt 1)
2026-09-14 07:46:56 (re)launching sp_abl_identity_s47 via results/event_bench/leakfree2/sp_abl_identity_s47.cmd (attempt 1)
2026-09-14 07:46:56 (re)launching sp_abl_nodelta_s46 via results/event_bench/leakfree2/sp_abl_nodelta_s46.cmd (attempt 1)
2026-09-14 07:46:56 (re)launching sp_abl_nodelta_s47 via results/event_bench/leakfree2/sp_abl_nodelta_s47.cmd (attempt 1)
2026-09-14 07:46:56 (re)launching sw_abl_curonly_s46 via results/event_bench/leakfree2/sw_abl_curonly_s46.cmd (attempt 1)
2026-09-14 07:46:56 (re)launching sw_abl_curonly_s47 via results/event_bench/leakfree2/sw_abl_curonly_s47.cmd (attempt 1)
2026-09-14 07:46:56 (re)launching sw_abl_identity_s46 via results/event_bench/leakfree2/sw_abl_identity_s46.cmd (attempt 1)
2026-09-14 07:46:56 (re)launching sw_abl_identity_s47 via results/event_bench/leakfree2/sw_abl_identity_s47.cmd (attempt 1)
2026-09-14 07:46:56 (re)launching sw_abl_nodelta_s46 via results/event_bench/leakfree2/sw_abl_nodelta_s46.cmd (attempt 1)
2026-09-14 07:46:56 (re)launching sw_abl_nodelta_s47 via results/event_bench/leakfree2/sw_abl_nodelta_s47.cmd (attempt 1)
2026-09-14 07:46:56 (re)launching wd_abl_curonly via results/event_bench/leakfree2/wd_abl_curonly.cmd (attempt 1)
2026-09-14 07:46:56 (re)launching wd_abl_identity via results/event_bench/leakfree2/wd_abl_identity.cmd (attempt 1)
2026-09-14 07:46:56 (re)launching wd_abl_nodelta via results/event_bench/leakfree2/wd_abl_nodelta.cmd (attempt 1)
2026-09-14 08:10:51 PRIORITY CHANGE (user): temporal-graph ablation factorial on thgl-forum first (largest temporal-to-spatial ratio: 2.56M timestamps / 153k nodes, 227 active timestamps per node); 24 low-priority ablation .cmd files moved to leakfree2/hold/; forum_abl_curonly_s47 and icews_abl_nodelta_s46 stopped minutes after start
2026-09-14 08:12:49 queued the thgl-forum head-vs-core factorial (seed 43): REC-on no-memory; REC-off full/identity/no-Delta/no-memory/current-only; core-off (layers 0 + no-memory) with and without REC
2026-09-14 08:13:45 (re)launching forum_abl_nomem via results/event_bench/leakfree2/forum_abl_nomem.cmd (attempt 1)
2026-09-14 08:13:45 (re)launching forum_coreoff_norec via results/event_bench/leakfree2/forum_coreoff_norec.cmd (attempt 1)
2026-09-14 08:13:45 (re)launching forum_coreoff_rec via results/event_bench/leakfree2/forum_coreoff_rec.cmd (attempt 1)
2026-09-14 08:13:45 (re)launching forum_norec_curonly via results/event_bench/leakfree2/forum_norec_curonly.cmd (attempt 1)
2026-09-14 08:13:45 (re)launching forum_norec_full via results/event_bench/leakfree2/forum_norec_full.cmd (attempt 1)
2026-09-14 08:13:45 (re)launching forum_norec_identity via results/event_bench/leakfree2/forum_norec_identity.cmd (attempt 1)
2026-09-14 08:13:45 (re)launching forum_norec_nodelta via results/event_bench/leakfree2/forum_norec_nodelta.cmd (attempt 1)
2026-09-14 08:13:45 (re)launching forum_norec_nomem via results/event_bench/leakfree2/forum_norec_nomem.cmd (attempt 1)
2026-09-14 10:48:32 icews_abl_nodelta: training done on gpu2, process 46350 stopped after best.pt; final eval migrated to GPU 0/7 (eval-only)
2026-09-14 10:50:50 (re)launching icews_abl_nodelta_eval via results/event_bench/leakfree2/icews_abl_nodelta_eval.cmd (attempt 1)
2026-09-14 19:39:20 forum_norec_nodelta crashed (OOM) - no single-run queue line, not retried
2026-09-14 19:39:20 (re)launching forum_norec_nodelta via results/event_bench/leakfree2/forum_norec_nodelta.cmd (attempt 1)
2026-09-14 19:42:54 forum_norec_nodelta.fail1 crashed (OOM) - no single-run queue line, not retried
2026-09-15 07:24:13 GPU 7 empty again + GPU 0 44 GB free: queued the forum factorial at seed 46 (8 arms)
2026-09-15 07:25:25 (re)launching forum_abl_nomem_s46 via results/event_bench/leakfree2/forum_abl_nomem_s46.cmd (attempt 1)
2026-09-15 07:25:25 (re)launching forum_coreoff_norec_s46 via results/event_bench/leakfree2/forum_coreoff_norec_s46.cmd (attempt 1)
2026-09-15 07:25:25 (re)launching forum_coreoff_rec_s46 via results/event_bench/leakfree2/forum_coreoff_rec_s46.cmd (attempt 1)
2026-09-15 07:25:25 (re)launching forum_norec_curonly_s46 via results/event_bench/leakfree2/forum_norec_curonly_s46.cmd (attempt 1)
2026-09-15 07:25:25 (re)launching forum_norec_full_s46 via results/event_bench/leakfree2/forum_norec_full_s46.cmd (attempt 1)
2026-09-15 07:25:25 (re)launching forum_norec_identity_s46 via results/event_bench/leakfree2/forum_norec_identity_s46.cmd (attempt 1)
2026-09-15 07:25:25 (re)launching forum_norec_nodelta_s46 via results/event_bench/leakfree2/forum_norec_nodelta_s46.cmd (attempt 1)
2026-09-15 07:25:25 (re)launching forum_norec_nomem_s46 via results/event_bench/leakfree2/forum_norec_nomem_s46.cmd (attempt 1)
2026-09-15 07:28:50 queued the icews head-vs-core factorial (seed 43, 8 arms, 12-16 GB, ~20 h each incl. eval) as second priority; 6 colleague GPUs are idle-eligible (>1 h without colleague processes) so the forum seed-46 arms already run on 3/4/5/6
2026-09-15 07:28:56 (re)launching icews_abl_nomem via results/event_bench/leakfree2/icews_abl_nomem.cmd (attempt 1)
2026-09-15 07:28:56 (re)launching icews_coreoff_norec via results/event_bench/leakfree2/icews_coreoff_norec.cmd (attempt 1)
2026-09-15 07:28:56 (re)launching icews_coreoff_rec via results/event_bench/leakfree2/icews_coreoff_rec.cmd (attempt 1)
2026-09-15 07:28:56 (re)launching icews_norec_curonly via results/event_bench/leakfree2/icews_norec_curonly.cmd (attempt 1)
2026-09-15 07:28:56 (re)launching icews_norec_full via results/event_bench/leakfree2/icews_norec_full.cmd (attempt 1)
2026-09-15 07:28:56 (re)launching icews_norec_identity via results/event_bench/leakfree2/icews_norec_identity.cmd (attempt 1)
2026-09-15 07:28:56 (re)launching icews_norec_nodelta via results/event_bench/leakfree2/icews_norec_nodelta.cmd (attempt 1)
2026-09-15 07:28:56 (re)launching icews_norec_nomem via results/event_bench/leakfree2/icews_norec_nomem.cmd (attempt 1)
2026-09-15 19:51:28 queued icews factorial seed 46 (8 arms) and released the held smallpedia/software ablation seeds 46/47 (12 small runs); GPU 2 free and idle-eligible, colleagues only on 1/4
2026-09-15 19:51:03 (re)launching icews_abl_nomem_s46 via results/event_bench/leakfree2/icews_abl_nomem_s46.cmd (attempt 1)
2026-09-15 19:51:03 (re)launching icews_coreoff_norec_s46 via results/event_bench/leakfree2/icews_coreoff_norec_s46.cmd (attempt 1)
2026-09-15 19:51:03 (re)launching icews_coreoff_rec_s46 via results/event_bench/leakfree2/icews_coreoff_rec_s46.cmd (attempt 1)
2026-09-15 19:51:03 (re)launching icews_norec_curonly_s46 via results/event_bench/leakfree2/icews_norec_curonly_s46.cmd (attempt 1)
2026-09-15 19:51:03 (re)launching icews_norec_full_s46 via results/event_bench/leakfree2/icews_norec_full_s46.cmd (attempt 1)
2026-09-15 19:51:03 (re)launching icews_norec_identity_s46 via results/event_bench/leakfree2/icews_norec_identity_s46.cmd (attempt 1)
2026-09-15 19:51:03 (re)launching icews_norec_nodelta_s46 via results/event_bench/leakfree2/icews_norec_nodelta_s46.cmd (attempt 1)
2026-09-15 19:51:03 (re)launching icews_norec_nomem_s46 via results/event_bench/leakfree2/icews_norec_nomem_s46.cmd (attempt 1)
2026-09-15 19:51:03 (re)launching sp_abl_curonly_s46 via results/event_bench/leakfree2/sp_abl_curonly_s46.cmd (attempt 1)
2026-09-15 19:51:03 (re)launching sp_abl_curonly_s47 via results/event_bench/leakfree2/sp_abl_curonly_s47.cmd (attempt 1)
2026-09-15 19:51:03 (re)launching sp_abl_identity_s46 via results/event_bench/leakfree2/sp_abl_identity_s46.cmd (attempt 1)
2026-09-15 19:51:03 (re)launching sp_abl_identity_s47 via results/event_bench/leakfree2/sp_abl_identity_s47.cmd (attempt 1)
2026-09-15 19:51:03 (re)launching sp_abl_nodelta_s46 via results/event_bench/leakfree2/sp_abl_nodelta_s46.cmd (attempt 1)
2026-09-15 19:51:03 (re)launching sp_abl_nodelta_s47 via results/event_bench/leakfree2/sp_abl_nodelta_s47.cmd (attempt 1)
2026-09-15 19:51:03 (re)launching sw_abl_curonly_s46 via results/event_bench/leakfree2/sw_abl_curonly_s46.cmd (attempt 1)
2026-09-15 19:51:03 (re)launching sw_abl_curonly_s47 via results/event_bench/leakfree2/sw_abl_curonly_s47.cmd (attempt 1)
2026-09-15 19:51:03 (re)launching sw_abl_identity_s46 via results/event_bench/leakfree2/sw_abl_identity_s46.cmd (attempt 1)
2026-09-15 19:51:03 (re)launching sw_abl_identity_s47 via results/event_bench/leakfree2/sw_abl_identity_s47.cmd (attempt 1)
2026-09-15 19:51:03 (re)launching sw_abl_nodelta_s46 via results/event_bench/leakfree2/sw_abl_nodelta_s46.cmd (attempt 1)
2026-09-15 19:51:03 (re)launching sw_abl_nodelta_s47 via results/event_bench/leakfree2/sw_abl_nodelta_s47.cmd (attempt 1)
2026-09-15 21:26:35 (re)launching sp_abl_curonly_s47 via results/event_bench/leakfree2/sp_abl_curonly_s47.cmd (attempt 1)
2026-09-15 21:30:46 sp_abl_curonly_s47.fail1 crashed (OOM) - no single-run queue line, not retried
2026-09-15 21:30:46 sp_abl_identity_s47 crashed (OOM) - no single-run queue line, not retried
2026-09-15 21:30:46 (re)launching sp_abl_identity_s47 via results/event_bench/leakfree2/sp_abl_identity_s47.cmd (attempt 1)
2026-09-15 21:34:56 sp_abl_curonly_s46 crashed (OOM) - no single-run queue line, not retried
2026-09-15 21:34:56 sp_abl_identity_s47.fail1 crashed (OOM) - no single-run queue line, not retried
2026-09-15 21:34:56 (re)launching sp_abl_curonly_s46 via results/event_bench/leakfree2/sp_abl_curonly_s46.cmd (attempt 1)
2026-09-15 21:39:05 sp_abl_curonly_s46.fail1 crashed (OOM) - no single-run queue line, not retried
2026-09-15 21:55:45 (re)launching icews_norec_curonly_s46 via results/event_bench/leakfree2/icews_norec_curonly_s46.cmd (attempt 1)
2026-09-15 23:15:07 (re)launching sp_abl_curonly_s46 via results/event_bench/leakfree2/sp_abl_curonly_s46.cmd (attempt 2)
2026-09-15 23:19:00 sp_abl_curonly_s46.fail2 crashed (OOM) - no single-run queue line, not retried
2026-09-15 23:34:27 sp_abl_nodelta_s47 crashed (OOM) - no single-run queue line, not retried
2026-09-15 23:34:27 (re)launching sp_abl_nodelta_s47 via results/event_bench/leakfree2/sp_abl_nodelta_s47.cmd (attempt 1)
2026-09-15 23:38:19 sp_abl_nodelta_s47.fail1 crashed (OOM) - no single-run queue line, not retried
2026-09-16 10:12:44 user: ~2 GPUs of extra analysis -> (1) forum REC-off seed 47 for full/identity/no-Delta/core-off (4 x 22 GB, ~10 h); (2) per-event stratified analysis (novel vs recurrent, gap quartiles) on the forum factorial checkpoints (pending script check)
2026-09-16 10:13:56 queued 6 per-event stratified analyses (novel vs recurrent events, inter-event gap quartiles) on the forum factorial checkpoints, 1M-event test prefix, 22 GB each [run outside the daemon: .cmd files moved to results/analytic/forum_factorial/]
2026-09-16 10:15:14 (re)launching forum_coreoff_norec_s47 via results/event_bench/leakfree2/forum_coreoff_norec_s47.cmd (attempt 1)
2026-09-16 10:15:14 (re)launching forum_norec_full_s47 via results/event_bench/leakfree2/forum_norec_full_s47.cmd (attempt 1)
2026-09-16 10:15:14 (re)launching forum_norec_identity_s47 via results/event_bench/leakfree2/forum_norec_identity_s47.cmd (attempt 1)
2026-09-16 10:15:14 (re)launching forum_norec_nodelta_s47 via results/event_bench/leakfree2/forum_norec_nodelta_s47.cmd (attempt 1)
2026-09-16 22:12:09 icews_coreoff_rec_s46 crashed (OOM) - no single-run queue line, not retried
2026-09-16 22:12:09 (re)launching icews_coreoff_rec_s46 via results/event_bench/leakfree2/icews_coreoff_rec_s46.cmd (attempt 1)
2026-09-16 22:15:54 icews_coreoff_rec_s46.fail1 crashed (OOM) - no single-run queue line, not retried
2026-09-17 13:59:37 user signing off: policy unchanged (GPUs 0/7 ours, 1-6 only after 1 h idle or under the compensation budget); released wikidata ablations + polecat s46 ablations to keep our two cards busy; forum REC-on s47 / icews REC-on s46 seeds stay dropped
2026-09-17 13:59:53 (re)launching polecat_abl_curonly_s46 via results/event_bench/leakfree2/polecat_abl_curonly_s46.cmd (attempt 1)
2026-09-17 13:59:53 (re)launching polecat_abl_identity_s46 via results/event_bench/leakfree2/polecat_abl_identity_s46.cmd (attempt 1)
2026-09-17 13:59:53 (re)launching polecat_abl_nodelta_s46 via results/event_bench/leakfree2/polecat_abl_nodelta_s46.cmd (attempt 1)
2026-09-17 13:59:53 (re)launching wd_abl_curonly via results/event_bench/leakfree2/wd_abl_curonly.cmd (attempt 1)
2026-09-17 13:59:53 (re)launching wd_abl_identity via results/event_bench/leakfree2/wd_abl_identity.cmd (attempt 1)
2026-09-17 13:59:53 (re)launching wd_abl_nodelta via results/event_bench/leakfree2/wd_abl_nodelta.cmd (attempt 1)
monitor started Mon Sep 21 08:38:21 AM PDT 2026 pid 4073641
2026-09-21 08:38:21 (re)launching forum_abl_curonly_s47 via results/event_bench/leakfree2/forum_abl_curonly_s47.cmd (attempt 1)
2026-09-21 08:38:21 (re)launching forum_abl_identity_s47 via results/event_bench/leakfree2/forum_abl_identity_s47.cmd (attempt 1)
2026-09-21 08:38:21 (re)launching forum_abl_nodelta_s47 via results/event_bench/leakfree2/forum_abl_nodelta_s47.cmd (attempt 1)
2026-09-21 08:38:21 (re)launching forum_abl_nomem_s47 via results/event_bench/leakfree2/forum_abl_nomem_s47.cmd (attempt 1)
2026-09-21 08:38:21 (re)launching forum_coreoff_rec_s47 via results/event_bench/leakfree2/forum_coreoff_rec_s47.cmd (attempt 1)
monitor started Tue Sep 22 09:40:05 AM PDT 2026 pid 1201964
2026-09-22 09:54:18 (re)launching audit_forum_f_s47 via results/review_2026_09_22/queue/audit_forum_f_s47.cmd (attempt 1)
2026-09-22 09:54:18 (re)launching audit_icews_eval_s46 via results/review_2026_09_22/queue/audit_icews_eval_s46.cmd (attempt 1)
2026-09-22 09:54:18 (re)launching audit_polecat_f_s46 via results/review_2026_09_22/queue/audit_polecat_f_s46.cmd (attempt 1)
2026-09-22 09:54:18 (re)launching audit_sp_f_s43 via results/review_2026_09_22/queue/audit_sp_f_s43.cmd (attempt 1)
2026-09-22 09:54:18 (re)launching audit_sp_f_s46 via results/review_2026_09_22/queue/audit_sp_f_s46.cmd (attempt 1)
2026-09-22 09:54:18 (re)launching forum_attention_rec_s43 via results/review_2026_09_22/queue/forum_attention_rec_s43.cmd (attempt 1)
2026-09-22 09:54:18 (re)launching forum_gru_norec_s43 via results/review_2026_09_22/queue/forum_gru_norec_s43.cmd (attempt 1)
2026-09-22 09:54:18 (re)launching forum_gru_norec_s46 via results/review_2026_09_22/queue/forum_gru_norec_s46.cmd (attempt 1)
2026-09-22 09:54:18 (re)launching forum_gru_norec_s47 via results/review_2026_09_22/queue/forum_gru_norec_s47.cmd (attempt 1)
2026-09-22 09:54:18 (re)launching forum_gru_rec_s43 via results/review_2026_09_22/queue/forum_gru_rec_s43.cmd (attempt 1)
2026-09-22 09:54:18 (re)launching forum_gru_rec_s46 via results/review_2026_09_22/queue/forum_gru_rec_s46.cmd (attempt 1)
2026-09-22 09:54:18 (re)launching forum_gru_rec_s47 via results/review_2026_09_22/queue/forum_gru_rec_s47.cmd (attempt 1)
2026-09-22 09:54:18 (re)launching forum_nodeframe_rec_s43 via results/review_2026_09_22/queue/forum_nodeframe_rec_s43.cmd (attempt 1)
2026-09-22 09:58:28 (re)launching audit_icews_eval_s43 via results/review_2026_09_22/queue/audit_icews_eval_s43.cmd (attempt 1)
2026-09-22 09:58:28 (re)launching audit_icews_eval_s47 via results/review_2026_09_22/queue/audit_icews_eval_s47.cmd (attempt 1)
2026-09-22 10:02:37 (re)launching audit_sp_f_s43 via results/review_2026_09_22/queue/audit_sp_f_s43.cmd (attempt 2)
2026-09-22 10:19:09 (re)launching audit2_sp_f_s47 via results/review_2026_09_22/queue/audit2_sp_f_s47.cmd (attempt 1)
2026-09-22 10:23:18 (re)launching audit_sp_f_s43 via results/review_2026_09_22/queue/audit_sp_f_s43.cmd (attempt 3)
2026-09-22 10:23:18 (re)launching audit_sp_f_s46 via results/review_2026_09_22/queue/audit_sp_f_s46.cmd (attempt 2)
2026-09-22 10:35:57 (re)launching audit2_sp_f_s47 via results/review_2026_09_22/queue/audit2_sp_f_s47.cmd (attempt 1)
2026-09-22 10:56:46 (re)launching synth_gen_s1_attention_recoff_s43 via results/review_2026_09_22/queue/synth_gen_s1_attention_recoff_s43.cmd (attempt 1)
2026-09-22 10:56:46 (re)launching synth_gen_s1_attention_recoff_s44 via results/review_2026_09_22/queue/synth_gen_s1_attention_recoff_s44.cmd (attempt 1)
2026-09-22 10:56:46 (re)launching synth_gen_s1_attention_recoff_s45 via results/review_2026_09_22/queue/synth_gen_s1_attention_recoff_s45.cmd (attempt 1)
2026-09-22 10:56:46 (re)launching synth_gen_s1_attention_recoff_s46 via results/review_2026_09_22/queue/synth_gen_s1_attention_recoff_s46.cmd (attempt 1)
2026-09-22 10:56:46 (re)launching synth_gen_s1_attention_recoff_s47 via results/review_2026_09_22/queue/synth_gen_s1_attention_recoff_s47.cmd (attempt 1)
2026-09-22 10:56:46 (re)launching synth_gen_s1_coreoff_recoff_s43 via results/review_2026_09_22/queue/synth_gen_s1_coreoff_recoff_s43.cmd (attempt 1)
2026-09-22 10:56:46 (re)launching synth_gen_s1_coreoff_recoff_s44 via results/review_2026_09_22/queue/synth_gen_s1_coreoff_recoff_s44.cmd (attempt 1)
2026-09-22 10:56:46 (re)launching synth_gen_s1_coreoff_recoff_s45 via results/review_2026_09_22/queue/synth_gen_s1_coreoff_recoff_s45.cmd (attempt 1)
2026-09-22 10:56:46 (re)launching synth_gen_s1_coreoff_recoff_s46 via results/review_2026_09_22/queue/synth_gen_s1_coreoff_recoff_s46.cmd (attempt 1)
2026-09-22 10:56:46 (re)launching synth_gen_s1_coreoff_recoff_s47 via results/review_2026_09_22/queue/synth_gen_s1_coreoff_recoff_s47.cmd (attempt 1)
2026-09-22 10:56:46 (re)launching synth_gen_s1_curonly_recoff_s43 via results/review_2026_09_22/queue/synth_gen_s1_curonly_recoff_s43.cmd (attempt 1)
2026-09-22 10:56:46 (re)launching synth_gen_s1_curonly_recoff_s44 via results/review_2026_09_22/queue/synth_gen_s1_curonly_recoff_s44.cmd (attempt 1)
2026-09-22 10:56:46 (re)launching synth_gen_s1_curonly_recoff_s45 via results/review_2026_09_22/queue/synth_gen_s1_curonly_recoff_s45.cmd (attempt 1)
2026-09-22 10:56:46 (re)launching synth_gen_s1_curonly_recoff_s46 via results/review_2026_09_22/queue/synth_gen_s1_curonly_recoff_s46.cmd (attempt 1)
2026-09-22 10:56:46 (re)launching synth_gen_s1_curonly_recoff_s47 via results/review_2026_09_22/queue/synth_gen_s1_curonly_recoff_s47.cmd (attempt 1)
2026-09-22 10:56:46 (re)launching synth_gen_s1_diag_recoff_s43 via results/review_2026_09_22/queue/synth_gen_s1_diag_recoff_s43.cmd (attempt 1)
2026-09-22 10:56:46 (re)launching synth_gen_s1_diag_recoff_s44 via results/review_2026_09_22/queue/synth_gen_s1_diag_recoff_s44.cmd (attempt 1)
2026-09-22 10:56:46 (re)launching synth_gen_s1_diag_recoff_s45 via results/review_2026_09_22/queue/synth_gen_s1_diag_recoff_s45.cmd (attempt 1)
2026-09-22 10:56:46 (re)launching synth_gen_s1_diag_recoff_s46 via results/review_2026_09_22/queue/synth_gen_s1_diag_recoff_s46.cmd (attempt 1)
2026-09-22 10:56:46 (re)launching synth_gen_s1_diag_recoff_s47 via results/review_2026_09_22/queue/synth_gen_s1_diag_recoff_s47.cmd (attempt 1)
2026-09-22 10:56:46 (re)launching synth_gen_s1_gru_recoff_s43 via results/review_2026_09_22/queue/synth_gen_s1_gru_recoff_s43.cmd (attempt 1)
2026-09-22 10:56:46 (re)launching synth_gen_s1_gru_recoff_s44 via results/review_2026_09_22/queue/synth_gen_s1_gru_recoff_s44.cmd (attempt 1)
2026-09-22 10:56:46 (re)launching synth_gen_s1_gru_recoff_s45 via results/review_2026_09_22/queue/synth_gen_s1_gru_recoff_s45.cmd (attempt 1)
2026-09-22 10:56:46 (re)launching synth_gen_s1_gru_recoff_s46 via results/review_2026_09_22/queue/synth_gen_s1_gru_recoff_s46.cmd (attempt 1)
2026-09-22 10:56:46 (re)launching synth_gen_s1_gru_recoff_s47 via results/review_2026_09_22/queue/synth_gen_s1_gru_recoff_s47.cmd (attempt 1)
2026-09-22 10:56:46 (re)launching synth_gen_s1_identity_recoff_s43 via results/review_2026_09_22/queue/synth_gen_s1_identity_recoff_s43.cmd (attempt 1)
2026-09-22 10:56:46 (re)launching synth_gen_s1_identity_recoff_s44 via results/review_2026_09_22/queue/synth_gen_s1_identity_recoff_s44.cmd (attempt 1)
2026-09-22 10:56:46 (re)launching synth_gen_s1_identity_recoff_s45 via results/review_2026_09_22/queue/synth_gen_s1_identity_recoff_s45.cmd (attempt 1)
2026-09-22 10:56:46 (re)launching synth_gen_s1_identity_recoff_s46 via results/review_2026_09_22/queue/synth_gen_s1_identity_recoff_s46.cmd (attempt 1)
2026-09-22 10:56:46 (re)launching synth_gen_s1_identity_recoff_s47 via results/review_2026_09_22/queue/synth_gen_s1_identity_recoff_s47.cmd (attempt 1)
2026-09-22 10:56:46 (re)launching synth_gen_s1_nodeframe_recoff_s43 via results/review_2026_09_22/queue/synth_gen_s1_nodeframe_recoff_s43.cmd (attempt 1)
2026-09-22 10:56:46 (re)launching synth_gen_s1_nodeframe_recoff_s44 via results/review_2026_09_22/queue/synth_gen_s1_nodeframe_recoff_s44.cmd (attempt 1)
2026-09-22 10:56:46 (re)launching synth_gen_s1_nodeframe_recoff_s45 via results/review_2026_09_22/queue/synth_gen_s1_nodeframe_recoff_s45.cmd (attempt 1)
2026-09-22 10:56:46 (re)launching synth_gen_s1_nodeframe_recoff_s46 via results/review_2026_09_22/queue/synth_gen_s1_nodeframe_recoff_s46.cmd (attempt 1)
2026-09-22 10:56:46 (re)launching synth_gen_s1_nodeframe_recoff_s47 via results/review_2026_09_22/queue/synth_gen_s1_nodeframe_recoff_s47.cmd (attempt 1)
2026-09-22 10:56:46 (re)launching synth_gen_s1_tsd_recoff_s43 via results/review_2026_09_22/queue/synth_gen_s1_tsd_recoff_s43.cmd (attempt 1)
2026-09-22 10:56:46 (re)launching synth_gen_s1_tsd_recoff_s44 via results/review_2026_09_22/queue/synth_gen_s1_tsd_recoff_s44.cmd (attempt 1)
2026-09-22 10:56:46 (re)launching synth_gen_s1_tsd_recoff_s45 via results/review_2026_09_22/queue/synth_gen_s1_tsd_recoff_s45.cmd (attempt 1)
2026-09-22 10:56:46 (re)launching synth_gen_s1_tsd_recoff_s46 via results/review_2026_09_22/queue/synth_gen_s1_tsd_recoff_s46.cmd (attempt 1)
2026-09-22 10:56:46 (re)launching synth_gen_s1_tsd_recoff_s47 via results/review_2026_09_22/queue/synth_gen_s1_tsd_recoff_s47.cmd (attempt 1)
2026-09-22 11:46:58 (re)launching synth_gen_s1r_attention_recoff_rel_s43 via results/review_2026_09_22/queue/synth_gen_s1r_attention_recoff_rel_s43.cmd (attempt 1)
2026-09-22 11:46:58 (re)launching synth_gen_s1r_attention_recoff_rel_s44 via results/review_2026_09_22/queue/synth_gen_s1r_attention_recoff_rel_s44.cmd (attempt 1)
2026-09-22 11:46:58 (re)launching synth_gen_s1r_attention_recoff_rel_s45 via results/review_2026_09_22/queue/synth_gen_s1r_attention_recoff_rel_s45.cmd (attempt 1)
2026-09-22 11:46:58 (re)launching synth_gen_s1r_attention_recoff_rel_s46 via results/review_2026_09_22/queue/synth_gen_s1r_attention_recoff_rel_s46.cmd (attempt 1)
2026-09-22 11:46:58 (re)launching synth_gen_s1r_attention_recoff_rel_s47 via results/review_2026_09_22/queue/synth_gen_s1r_attention_recoff_rel_s47.cmd (attempt 1)
2026-09-22 11:46:58 (re)launching synth_gen_s1r_coreoff_recoff_rel_s43 via results/review_2026_09_22/queue/synth_gen_s1r_coreoff_recoff_rel_s43.cmd (attempt 1)
2026-09-22 11:46:58 (re)launching synth_gen_s1r_coreoff_recoff_rel_s44 via results/review_2026_09_22/queue/synth_gen_s1r_coreoff_recoff_rel_s44.cmd (attempt 1)
2026-09-22 11:46:58 (re)launching synth_gen_s1r_coreoff_recoff_rel_s45 via results/review_2026_09_22/queue/synth_gen_s1r_coreoff_recoff_rel_s45.cmd (attempt 1)
2026-09-22 11:46:58 (re)launching synth_gen_s1r_coreoff_recoff_rel_s46 via results/review_2026_09_22/queue/synth_gen_s1r_coreoff_recoff_rel_s46.cmd (attempt 1)
2026-09-22 11:46:58 (re)launching synth_gen_s1r_coreoff_recoff_rel_s47 via results/review_2026_09_22/queue/synth_gen_s1r_coreoff_recoff_rel_s47.cmd (attempt 1)
2026-09-22 11:46:58 (re)launching synth_gen_s1r_curonly_recoff_rel_s43 via results/review_2026_09_22/queue/synth_gen_s1r_curonly_recoff_rel_s43.cmd (attempt 1)
2026-09-22 11:46:58 (re)launching synth_gen_s1r_curonly_recoff_rel_s44 via results/review_2026_09_22/queue/synth_gen_s1r_curonly_recoff_rel_s44.cmd (attempt 1)
2026-09-22 11:46:58 (re)launching synth_gen_s1r_curonly_recoff_rel_s45 via results/review_2026_09_22/queue/synth_gen_s1r_curonly_recoff_rel_s45.cmd (attempt 1)
2026-09-22 11:46:58 (re)launching synth_gen_s1r_curonly_recoff_rel_s46 via results/review_2026_09_22/queue/synth_gen_s1r_curonly_recoff_rel_s46.cmd (attempt 1)
2026-09-22 11:46:58 (re)launching synth_gen_s1r_curonly_recoff_rel_s47 via results/review_2026_09_22/queue/synth_gen_s1r_curonly_recoff_rel_s47.cmd (attempt 1)
2026-09-22 11:46:58 (re)launching synth_gen_s1r_diag_recoff_rel_s43 via results/review_2026_09_22/queue/synth_gen_s1r_diag_recoff_rel_s43.cmd (attempt 1)
2026-09-22 11:46:58 (re)launching synth_gen_s1r_diag_recoff_rel_s44 via results/review_2026_09_22/queue/synth_gen_s1r_diag_recoff_rel_s44.cmd (attempt 1)
2026-09-22 11:46:58 (re)launching synth_gen_s1r_diag_recoff_rel_s45 via results/review_2026_09_22/queue/synth_gen_s1r_diag_recoff_rel_s45.cmd (attempt 1)
2026-09-22 11:46:58 (re)launching synth_gen_s1r_diag_recoff_rel_s46 via results/review_2026_09_22/queue/synth_gen_s1r_diag_recoff_rel_s46.cmd (attempt 1)
2026-09-22 11:46:58 (re)launching synth_gen_s1r_diag_recoff_rel_s47 via results/review_2026_09_22/queue/synth_gen_s1r_diag_recoff_rel_s47.cmd (attempt 1)
2026-09-22 11:46:58 (re)launching synth_gen_s1r_gru_recoff_rel_s43 via results/review_2026_09_22/queue/synth_gen_s1r_gru_recoff_rel_s43.cmd (attempt 1)
2026-09-22 11:46:58 (re)launching synth_gen_s1r_gru_recoff_rel_s44 via results/review_2026_09_22/queue/synth_gen_s1r_gru_recoff_rel_s44.cmd (attempt 1)
2026-09-22 11:46:58 (re)launching synth_gen_s1r_gru_recoff_rel_s45 via results/review_2026_09_22/queue/synth_gen_s1r_gru_recoff_rel_s45.cmd (attempt 1)
2026-09-22 11:46:58 (re)launching synth_gen_s1r_gru_recoff_rel_s46 via results/review_2026_09_22/queue/synth_gen_s1r_gru_recoff_rel_s46.cmd (attempt 1)
2026-09-22 11:46:58 (re)launching synth_gen_s1r_gru_recoff_rel_s47 via results/review_2026_09_22/queue/synth_gen_s1r_gru_recoff_rel_s47.cmd (attempt 1)
2026-09-22 11:46:58 (re)launching synth_gen_s1r_identity_recoff_rel_s43 via results/review_2026_09_22/queue/synth_gen_s1r_identity_recoff_rel_s43.cmd (attempt 1)
2026-09-22 11:46:58 (re)launching synth_gen_s1r_identity_recoff_rel_s44 via results/review_2026_09_22/queue/synth_gen_s1r_identity_recoff_rel_s44.cmd (attempt 1)
2026-09-22 11:46:58 (re)launching synth_gen_s1r_identity_recoff_rel_s45 via results/review_2026_09_22/queue/synth_gen_s1r_identity_recoff_rel_s45.cmd (attempt 1)
2026-09-22 11:46:58 (re)launching synth_gen_s1r_identity_recoff_rel_s46 via results/review_2026_09_22/queue/synth_gen_s1r_identity_recoff_rel_s46.cmd (attempt 1)
2026-09-22 11:46:58 (re)launching synth_gen_s1r_identity_recoff_rel_s47 via results/review_2026_09_22/queue/synth_gen_s1r_identity_recoff_rel_s47.cmd (attempt 1)
2026-09-22 11:46:58 (re)launching synth_gen_s1r_nodeframe_recoff_rel_s43 via results/review_2026_09_22/queue/synth_gen_s1r_nodeframe_recoff_rel_s43.cmd (attempt 1)
2026-09-22 11:46:58 (re)launching synth_gen_s1r_nodeframe_recoff_rel_s44 via results/review_2026_09_22/queue/synth_gen_s1r_nodeframe_recoff_rel_s44.cmd (attempt 1)
2026-09-22 11:46:58 (re)launching synth_gen_s1r_nodeframe_recoff_rel_s45 via results/review_2026_09_22/queue/synth_gen_s1r_nodeframe_recoff_rel_s45.cmd (attempt 1)
2026-09-22 11:46:58 (re)launching synth_gen_s1r_nodeframe_recoff_rel_s46 via results/review_2026_09_22/queue/synth_gen_s1r_nodeframe_recoff_rel_s46.cmd (attempt 1)
2026-09-22 11:46:58 (re)launching synth_gen_s1r_nodeframe_recoff_rel_s47 via results/review_2026_09_22/queue/synth_gen_s1r_nodeframe_recoff_rel_s47.cmd (attempt 1)
2026-09-22 11:46:58 (re)launching synth_gen_s1r_tsd_recoff_rel_s43 via results/review_2026_09_22/queue/synth_gen_s1r_tsd_recoff_rel_s43.cmd (attempt 1)
2026-09-22 11:46:58 (re)launching synth_gen_s1r_tsd_recoff_rel_s44 via results/review_2026_09_22/queue/synth_gen_s1r_tsd_recoff_rel_s44.cmd (attempt 1)
2026-09-22 11:46:58 (re)launching synth_gen_s1r_tsd_recoff_rel_s45 via results/review_2026_09_22/queue/synth_gen_s1r_tsd_recoff_rel_s45.cmd (attempt 1)
2026-09-22 11:46:58 (re)launching synth_gen_s1r_tsd_recoff_rel_s46 via results/review_2026_09_22/queue/synth_gen_s1r_tsd_recoff_rel_s46.cmd (attempt 1)
2026-09-22 11:46:58 (re)launching synth_gen_s1r_tsd_recoff_rel_s47 via results/review_2026_09_22/queue/synth_gen_s1r_tsd_recoff_rel_s47.cmd (attempt 1)
2026-09-22 12:23:03 (re)launching forum_nodeframe_rec_s43 via results/review_2026_09_22/queue/forum_nodeframe_rec_s43.cmd (attempt 1)
2026-09-22 12:50:42 (re)launching wiki_coreoff_s44_lr1e-3 via results/review_2026_09_22/queue/wiki_coreoff_s44_lr1e-3.cmd (attempt 1)
2026-09-22 12:50:42 (re)launching wiki_coreoff_s45_lr1e-3 via results/review_2026_09_22/queue/wiki_coreoff_s45_lr1e-3.cmd (attempt 1)
2026-09-22 12:50:42 (re)launching wiki_coreoff_s46_lr1e-3 via results/review_2026_09_22/queue/wiki_coreoff_s46_lr1e-3.cmd (attempt 1)
2026-09-22 12:50:42 (re)launching wiki_coreoff_s47_lr1e-3 via results/review_2026_09_22/queue/wiki_coreoff_s47_lr1e-3.cmd (attempt 1)
2026-09-22 12:56:18 (re)launching synth_gen_s1r_gru_recoff_rel_s45 via results/review_2026_09_22/queue/synth_gen_s1r_gru_recoff_rel_s45.cmd (attempt 1)
2026-09-22 13:37:13 (re)launching synth_gen_s2_coreoff_recoff_rel_s43 via results/review_2026_09_22/queue/synth_gen_s2_coreoff_recoff_rel_s43.cmd (attempt 1)
2026-09-22 13:37:13 (re)launching synth_gen_s2_coreoff_recoff_rel_s44 via results/review_2026_09_22/queue/synth_gen_s2_coreoff_recoff_rel_s44.cmd (attempt 1)
2026-09-22 13:37:13 (re)launching synth_gen_s2_coreoff_recoff_rel_s45 via results/review_2026_09_22/queue/synth_gen_s2_coreoff_recoff_rel_s45.cmd (attempt 1)
2026-09-22 13:37:13 (re)launching synth_gen_s2_coreoff_recoff_rel_s46 via results/review_2026_09_22/queue/synth_gen_s2_coreoff_recoff_rel_s46.cmd (attempt 1)
2026-09-22 13:37:13 (re)launching synth_gen_s2_coreoff_recoff_rel_s47 via results/review_2026_09_22/queue/synth_gen_s2_coreoff_recoff_rel_s47.cmd (attempt 1)
2026-09-22 13:37:13 (re)launching synth_gen_s2_curonly_recoff_rel_s43 via results/review_2026_09_22/queue/synth_gen_s2_curonly_recoff_rel_s43.cmd (attempt 1)
2026-09-22 13:37:13 (re)launching synth_gen_s2_curonly_recoff_rel_s44 via results/review_2026_09_22/queue/synth_gen_s2_curonly_recoff_rel_s44.cmd (attempt 1)
2026-09-22 13:37:13 (re)launching synth_gen_s2_curonly_recoff_rel_s45 via results/review_2026_09_22/queue/synth_gen_s2_curonly_recoff_rel_s45.cmd (attempt 1)
2026-09-22 13:37:13 (re)launching synth_gen_s2_curonly_recoff_rel_s46 via results/review_2026_09_22/queue/synth_gen_s2_curonly_recoff_rel_s46.cmd (attempt 1)
2026-09-22 13:37:13 (re)launching synth_gen_s2_curonly_recoff_rel_s47 via results/review_2026_09_22/queue/synth_gen_s2_curonly_recoff_rel_s47.cmd (attempt 1)
2026-09-22 13:37:13 (re)launching synth_gen_s2_gru_recoff_rel_s43 via results/review_2026_09_22/queue/synth_gen_s2_gru_recoff_rel_s43.cmd (attempt 1)
2026-09-22 13:37:13 (re)launching synth_gen_s2_gru_recoff_rel_s44 via results/review_2026_09_22/queue/synth_gen_s2_gru_recoff_rel_s44.cmd (attempt 1)
2026-09-22 13:37:13 (re)launching synth_gen_s2_gru_recoff_rel_s45 via results/review_2026_09_22/queue/synth_gen_s2_gru_recoff_rel_s45.cmd (attempt 1)
2026-09-22 13:37:13 (re)launching synth_gen_s2_gru_recoff_rel_s46 via results/review_2026_09_22/queue/synth_gen_s2_gru_recoff_rel_s46.cmd (attempt 1)
2026-09-22 13:37:13 (re)launching synth_gen_s2_gru_recoff_rel_s47 via results/review_2026_09_22/queue/synth_gen_s2_gru_recoff_rel_s47.cmd (attempt 1)
2026-09-22 13:37:13 (re)launching synth_gen_s2_identity_recoff_rel_s43 via results/review_2026_09_22/queue/synth_gen_s2_identity_recoff_rel_s43.cmd (attempt 1)
2026-09-22 13:37:13 (re)launching synth_gen_s2_identity_recoff_rel_s44 via results/review_2026_09_22/queue/synth_gen_s2_identity_recoff_rel_s44.cmd (attempt 1)
2026-09-22 13:37:13 (re)launching synth_gen_s2_identity_recoff_rel_s45 via results/review_2026_09_22/queue/synth_gen_s2_identity_recoff_rel_s45.cmd (attempt 1)
2026-09-22 13:37:13 (re)launching synth_gen_s2_identity_recoff_rel_s46 via results/review_2026_09_22/queue/synth_gen_s2_identity_recoff_rel_s46.cmd (attempt 1)
2026-09-22 13:37:13 (re)launching synth_gen_s2_identity_recoff_rel_s47 via results/review_2026_09_22/queue/synth_gen_s2_identity_recoff_rel_s47.cmd (attempt 1)
2026-09-22 13:37:13 (re)launching synth_gen_s2_tsd_recoff_rel_s43 via results/review_2026_09_22/queue/synth_gen_s2_tsd_recoff_rel_s43.cmd (attempt 1)
2026-09-22 13:37:13 (re)launching synth_gen_s2_tsd_recoff_rel_s44 via results/review_2026_09_22/queue/synth_gen_s2_tsd_recoff_rel_s44.cmd (attempt 1)
2026-09-22 13:37:13 (re)launching synth_gen_s2_tsd_recoff_rel_s45 via results/review_2026_09_22/queue/synth_gen_s2_tsd_recoff_rel_s45.cmd (attempt 1)
2026-09-22 13:37:13 (re)launching synth_gen_s2_tsd_recoff_rel_s46 via results/review_2026_09_22/queue/synth_gen_s2_tsd_recoff_rel_s46.cmd (attempt 1)
2026-09-22 13:37:13 (re)launching synth_gen_s2_tsd_recoff_rel_s47 via results/review_2026_09_22/queue/synth_gen_s2_tsd_recoff_rel_s47.cmd (attempt 1)
2026-09-22 13:52:58 (re)launching audit_forum_f_s43 via results/review_2026_09_22/queue/audit_forum_f_s43.cmd (attempt 1)
2026-09-22 13:52:58 (re)launching audit_forum_f_s46 via results/review_2026_09_22/queue/audit_forum_f_s46.cmd (attempt 1)
2026-09-22 13:52:58 (re)launching audit_forum_f_s47 via results/review_2026_09_22/queue/audit_forum_f_s47.cmd (attempt 2)
2026-09-22 13:52:58 (re)launching audit_icews_eval_s43 via results/review_2026_09_22/queue/audit_icews_eval_s43.cmd (attempt 1)
2026-09-22 13:52:58 (re)launching audit_icews_eval_s46 via results/review_2026_09_22/queue/audit_icews_eval_s46.cmd (attempt 2)
2026-09-22 13:52:58 (re)launching audit_icews_eval_s47 via results/review_2026_09_22/queue/audit_icews_eval_s47.cmd (attempt 1)
2026-09-22 13:52:58 (re)launching audit_polecat_f_s46 via results/review_2026_09_22/queue/audit_polecat_f_s46.cmd (attempt 2)
2026-09-22 13:52:58 (re)launching audit_polecat_f_s47 via results/review_2026_09_22/queue/audit_polecat_f_s47.cmd (attempt 1)
2026-09-22 13:52:58 (re)launching forum_attention_rec_s43 via results/review_2026_09_22/queue/forum_attention_rec_s43.cmd (attempt 1)
2026-09-22 13:52:58 (re)launching forum_gru_norec_s43 via results/review_2026_09_22/queue/forum_gru_norec_s43.cmd (attempt 1)
2026-09-22 13:52:58 (re)launching forum_gru_norec_s46 via results/review_2026_09_22/queue/forum_gru_norec_s46.cmd (attempt 1)
2026-09-22 13:52:58 (re)launching forum_gru_norec_s47 via results/review_2026_09_22/queue/forum_gru_norec_s47.cmd (attempt 1)
2026-09-22 13:52:58 (re)launching forum_gru_rec_s43 via results/review_2026_09_22/queue/forum_gru_rec_s43.cmd (attempt 1)
2026-09-22 13:52:58 (re)launching forum_gru_rec_s46 via results/review_2026_09_22/queue/forum_gru_rec_s46.cmd (attempt 1)
2026-09-22 13:52:58 (re)launching forum_gru_rec_s47 via results/review_2026_09_22/queue/forum_gru_rec_s47.cmd (attempt 1)
2026-09-22 14:12:27 (re)launching forum_attention_recoff_s43 via results/review_2026_09_22/queue/forum_attention_recoff_s43.cmd (attempt 1)
2026-09-22 14:12:27 (re)launching forum_attention_recoff_s46 via results/review_2026_09_22/queue/forum_attention_recoff_s46.cmd (attempt 1)
2026-09-22 14:12:27 (re)launching forum_attention_recoff_s47 via results/review_2026_09_22/queue/forum_attention_recoff_s47.cmd (attempt 1)
2026-09-22 14:12:27 (re)launching forum_attention_recon_s46 via results/review_2026_09_22/queue/forum_attention_recon_s46.cmd (attempt 1)
2026-09-22 14:12:27 (re)launching forum_attention_recon_s47 via results/review_2026_09_22/queue/forum_attention_recon_s47.cmd (attempt 1)
2026-09-22 14:12:27 (re)launching forum_coreoff_recoff_s44 via results/review_2026_09_22/queue/forum_coreoff_recoff_s44.cmd (attempt 1)
2026-09-22 14:12:27 (re)launching forum_coreoff_recoff_s45 via results/review_2026_09_22/queue/forum_coreoff_recoff_s45.cmd (attempt 1)
2026-09-22 14:12:27 (re)launching forum_coreoff_recon_s44 via results/review_2026_09_22/queue/forum_coreoff_recon_s44.cmd (attempt 1)
2026-09-22 14:12:27 (re)launching forum_coreoff_recon_s45 via results/review_2026_09_22/queue/forum_coreoff_recon_s45.cmd (attempt 1)
2026-09-22 14:12:27 (re)launching forum_curonly_recoff_s44 via results/review_2026_09_22/queue/forum_curonly_recoff_s44.cmd (attempt 1)
2026-09-22 14:12:27 (re)launching forum_curonly_recoff_s45 via results/review_2026_09_22/queue/forum_curonly_recoff_s45.cmd (attempt 1)
2026-09-22 14:12:27 (re)launching forum_curonly_recon_s44 via results/review_2026_09_22/queue/forum_curonly_recon_s44.cmd (attempt 1)
2026-09-22 14:12:27 (re)launching forum_curonly_recon_s45 via results/review_2026_09_22/queue/forum_curonly_recon_s45.cmd (attempt 1)
2026-09-22 14:12:27 (re)launching forum_diag_recoff_s43 via results/review_2026_09_22/queue/forum_diag_recoff_s43.cmd (attempt 1)
2026-09-22 14:12:27 (re)launching forum_diag_recoff_s46 via results/review_2026_09_22/queue/forum_diag_recoff_s46.cmd (attempt 1)
2026-09-22 14:12:27 (re)launching forum_diag_recoff_s47 via results/review_2026_09_22/queue/forum_diag_recoff_s47.cmd (attempt 1)
2026-09-22 14:12:27 (re)launching forum_diag_recon_s43 via results/review_2026_09_22/queue/forum_diag_recon_s43.cmd (attempt 1)
2026-09-22 14:12:27 (re)launching forum_diag_recon_s46 via results/review_2026_09_22/queue/forum_diag_recon_s46.cmd (attempt 1)
2026-09-22 14:12:27 (re)launching forum_diag_recon_s47 via results/review_2026_09_22/queue/forum_diag_recon_s47.cmd (attempt 1)
2026-09-22 14:12:27 (re)launching forum_gru_recoff_s44 via results/review_2026_09_22/queue/forum_gru_recoff_s44.cmd (attempt 1)
2026-09-22 14:12:27 (re)launching forum_gru_recoff_s45 via results/review_2026_09_22/queue/forum_gru_recoff_s45.cmd (attempt 1)
2026-09-22 14:12:27 (re)launching forum_gru_recon_s44 via results/review_2026_09_22/queue/forum_gru_recon_s44.cmd (attempt 1)
2026-09-22 14:12:27 (re)launching forum_gru_recon_s45 via results/review_2026_09_22/queue/forum_gru_recon_s45.cmd (attempt 1)
2026-09-22 14:12:27 (re)launching forum_identity_recoff_s44 via results/review_2026_09_22/queue/forum_identity_recoff_s44.cmd (attempt 1)
2026-09-22 14:12:27 (re)launching forum_identity_recoff_s45 via results/review_2026_09_22/queue/forum_identity_recoff_s45.cmd (attempt 1)
2026-09-22 14:12:27 (re)launching forum_identity_recon_s44 via results/review_2026_09_22/queue/forum_identity_recon_s44.cmd (attempt 1)
2026-09-22 14:12:27 (re)launching forum_identity_recon_s45 via results/review_2026_09_22/queue/forum_identity_recon_s45.cmd (attempt 1)
2026-09-22 14:12:27 (re)launching forum_nodeframe_recoff_s43 via results/review_2026_09_22/queue/forum_nodeframe_recoff_s43.cmd (attempt 1)
2026-09-22 14:12:27 (re)launching forum_nodeframe_recoff_s46 via results/review_2026_09_22/queue/forum_nodeframe_recoff_s46.cmd (attempt 1)
2026-09-22 14:12:27 (re)launching forum_nodeframe_recoff_s47 via results/review_2026_09_22/queue/forum_nodeframe_recoff_s47.cmd (attempt 1)
2026-09-22 14:12:27 (re)launching forum_nodeframe_recon_s46 via results/review_2026_09_22/queue/forum_nodeframe_recon_s46.cmd (attempt 1)
2026-09-22 14:12:27 (re)launching forum_nodeframe_recon_s47 via results/review_2026_09_22/queue/forum_nodeframe_recon_s47.cmd (attempt 1)
2026-09-22 14:12:27 (re)launching forum_tsd_recoff_s44 via results/review_2026_09_22/queue/forum_tsd_recoff_s44.cmd (attempt 1)
2026-09-22 14:12:27 (re)launching forum_tsd_recoff_s45 via results/review_2026_09_22/queue/forum_tsd_recoff_s45.cmd (attempt 1)
2026-09-22 14:12:27 (re)launching forum_tsd_recon_s44 via results/review_2026_09_22/queue/forum_tsd_recon_s44.cmd (attempt 1)
2026-09-22 14:12:27 (re)launching forum_tsd_recon_s45 via results/review_2026_09_22/queue/forum_tsd_recon_s45.cmd (attempt 1)
2026-09-22 14:18:54 (re)launching forum_identity_recon_s44 via results/review_2026_09_22/queue/forum_identity_recon_s44.cmd (attempt 1)
