snapshots: train=179 val=24 test=25 nodes=1505 output_dim=513
reserved 4976 MiB of GPU memory on cuda:0 in the caching allocator (requested 4976; now reserved 4982 MiB)
[epoch 1] {'epoch': 1, 'train_loss': 4.662732580433721} (best epoch -1, best val -inf)
[epoch 2] {'epoch': 2, 'train_loss': 4.104399525600931, 'val_ndcg': 0.4320635602465454, 'val_loss': 4.2284932136535645, 'test_ndcg': 0.42025889038933445, 'test_loss': 4.283891201019287} (best epoch 2, best val 0.4321)
[epoch 3] {'epoch': 3, 'train_loss': 3.9357548070990522} (best epoch 2, best val 0.4321)
[epoch 4] {'epoch': 4, 'train_loss': 3.8701813324638037, 'val_ndcg': 0.4565168703003545, 'val_loss': 4.1001176834106445, 'test_ndcg': 0.4461280403568793, 'test_loss': 4.168748378753662} (best epoch 4, best val 0.4565)
[epoch 5] {'epoch': 5, 'train_loss': 3.8373801086259927} (best epoch 4, best val 0.4565)
[epoch 6] {'epoch': 6, 'train_loss': 3.7864719059156333, 'val_ndcg': 0.4605069967809161, 'val_loss': 4.064112186431885, 'test_ndcg': 0.44895212904195364, 'test_loss': 4.146772861480713} (best epoch 6, best val 0.4605)
[epoch 7] {'epoch': 7, 'train_loss': 3.7636658005092456} (best epoch 6, best val 0.4605)
[epoch 8] {'epoch': 8, 'train_loss': 3.7413010286248247, 'val_ndcg': 0.46390321591749584, 'val_loss': 4.0444841384887695, 'test_ndcg': 0.4556638653293888, 'test_loss': 4.118368625640869} (best epoch 8, best val 0.4639)
[epoch 9] {'epoch': 9, 'train_loss': 3.7214783481929614} (best epoch 8, best val 0.4639)
[epoch 10] {'epoch': 10, 'train_loss': 3.7084092160929805, 'val_ndcg': 0.4628520456753048, 'val_loss': 4.030973434448242, 'test_ndcg': 0.449444881347383, 'test_loss': 4.114542007446289} (best epoch 8, best val 0.4639)
[epoch 11] {'epoch': 11, 'train_loss': 3.679497801739237} (best epoch 8, best val 0.4639)
[epoch 12] {'epoch': 12, 'train_loss': 3.660703016364056, 'val_ndcg': 0.47048125378110567, 'val_loss': 4.008488178253174, 'test_ndcg': 0.46257427732262796, 'test_loss': 4.085621356964111} (best epoch 12, best val 0.4705)
[epoch 13] {'epoch': 13, 'train_loss': 3.6571049275605576} (best epoch 12, best val 0.4705)
[epoch 14] {'epoch': 14, 'train_loss': 3.6496990452642026, 'val_ndcg': 0.4722884515175645, 'val_loss': 3.999983787536621, 'test_ndcg': 0.45986781305698154, 'test_loss': 4.091972827911377} (best epoch 14, best val 0.4723)
[epoch 15] {'epoch': 15, 'train_loss': 3.6275164251742154} (best epoch 14, best val 0.4723)
[epoch 16] {'epoch': 16, 'train_loss': 3.622884460117506, 'val_ndcg': 0.47273438007497176, 'val_loss': 3.994689464569092, 'test_ndcg': 0.4585741541685378, 'test_loss': 4.083024024963379} (best epoch 16, best val 0.4727)
[epoch 17] {'epoch': 17, 'train_loss': 3.6103147320125415} (best epoch 16, best val 0.4727)
[epoch 18] {'epoch': 18, 'train_loss': 3.5985892129981, 'val_ndcg': 0.4682774449097223, 'val_loss': 4.000326633453369, 'test_ndcg': 0.4495574207430671, 'test_loss': 4.116319179534912} (best epoch 16, best val 0.4727)
[epoch 19] {'epoch': 19, 'train_loss': 3.594496198322462} (best epoch 16, best val 0.4727)
[epoch 20] {'epoch': 20, 'train_loss': 3.609920937082042, 'val_ndcg': 0.4692644264989635, 'val_loss': 3.9972357749938965, 'test_ndcg': 0.4551449370480697, 'test_loss': 4.102240562438965} (best epoch 16, best val 0.4727)
[epoch 21] {'epoch': 21, 'train_loss': 3.591121870538463} (best epoch 16, best val 0.4727)
[epoch 22] {'epoch': 22, 'train_loss': 3.5718116241952647, 'val_ndcg': 0.47248228733841946, 'val_loss': 3.9904556274414062, 'test_ndcg': 0.4614232467900102, 'test_loss': 4.087775230407715} (best epoch 16, best val 0.4727)
[epoch 23] {'epoch': 23, 'train_loss': 3.575196888135827} (best epoch 16, best val 0.4727)
[epoch 24] {'epoch': 24, 'train_loss': 3.5728277538133706, 'val_ndcg': 0.47336549633728947, 'val_loss': 3.990314245223999, 'test_ndcg': 0.4613864278784992, 'test_loss': 4.089148998260498} (best epoch 24, best val 0.4734)
[epoch 25] {'epoch': 25, 'train_loss': 3.5621891643690025} (best epoch 24, best val 0.4734)
[epoch 26] {'epoch': 26, 'train_loss': 3.564036037610925, 'val_ndcg': 0.47361605685926356, 'val_loss': 3.9887163639068604, 'test_ndcg': 0.46118285216556343, 'test_loss': 4.090814113616943} (best epoch 26, best val 0.4736)
[epoch 27] {'epoch': 27, 'train_loss': 3.5546013375987178} (best epoch 26, best val 0.4736)
[epoch 28] {'epoch': 28, 'train_loss': 3.5624718977057417, 'val_ndcg': 0.46993274179861744, 'val_loss': 3.9891724586486816, 'test_ndcg': 0.4564860988914908, 'test_loss': 4.089069843292236} (best epoch 26, best val 0.4736)
[epoch 29] {'epoch': 29, 'train_loss': 3.558385113011236} (best epoch 26, best val 0.4736)
[epoch 30] {'epoch': 30, 'train_loss': 3.542590856552124, 'val_ndcg': 0.4748203159600878, 'val_loss': 4.002042770385742, 'test_ndcg': 0.46596476021870237, 'test_loss': 4.106423854827881} (best epoch 30, best val 0.4748)
[epoch 31] {'epoch': 31, 'train_loss': 3.5509499777918276} (best epoch 30, best val 0.4748)
[epoch 32] {'epoch': 32, 'train_loss': 3.53233437952788, 'val_ndcg': 0.4647990264717029, 'val_loss': 3.9981658458709717, 'test_ndcg': 0.4532756222355117, 'test_loss': 4.101402282714844} (best epoch 30, best val 0.4748)
[epoch 33] {'epoch': 33, 'train_loss': 3.52290589913078} (best epoch 30, best val 0.4748)
[epoch 34] {'epoch': 34, 'train_loss': 3.517062943914662, 'val_ndcg': 0.475642338573273, 'val_loss': 3.9871373176574707, 'test_ndcg': 0.4615918943303263, 'test_loss': 4.0976104736328125} (best epoch 34, best val 0.4756)
[epoch 35] {'epoch': 35, 'train_loss': 3.5124919932821523} (best epoch 34, best val 0.4756)
[epoch 36] {'epoch': 36, 'train_loss': 3.501097409621529, 'val_ndcg': 0.4711283317046564, 'val_loss': 3.9915771484375, 'test_ndcg': 0.4567340486716431, 'test_loss': 4.10429048538208} (best epoch 34, best val 0.4756)
[epoch 37] {'epoch': 37, 'train_loss': 3.4970803364463476} (best epoch 34, best val 0.4756)
[epoch 38] {'epoch': 38, 'train_loss': 3.4893860816955566, 'val_ndcg': 0.47447193305633883, 'val_loss': 3.9967880249023438, 'test_ndcg': 0.4621152473552873, 'test_loss': 4.107325553894043} (best epoch 34, best val 0.4756)
[epoch 39] {'epoch': 39, 'train_loss': 3.483220805292544} (best epoch 34, best val 0.4756)
[epoch 40] {'epoch': 40, 'train_loss': 3.489724304365075, 'val_ndcg': 0.46888705998707986, 'val_loss': 4.0080461502075195, 'test_ndcg': 0.45146746064855453, 'test_loss': 4.135890960693359} (best epoch 34, best val 0.4756)
seed 43: val=0.4758 test=0.4617 best_epoch=34 (683.6 min)

== summary ==
 seed  val_ndcg  test_ndcg  best_epoch  n_params    minutes
   43  0.475797   0.461672          34    803289 683.568931
test NDCG mean±std: 0.4617 ± nan
saved to results/leakfree_nodeprop/genre_faithful_weekly_s43.csv
