snapshots: train=1 val=2 test=1 nodes=255 output_dim=255
reserved 4976 MiB of GPU memory on cuda:0 in the caching allocator (requested 4976; now reserved 4982 MiB)
[epoch 1] {'epoch': 1, 'train_loss': 5.555523872375488} (best epoch -1, best val -inf)
[epoch 2] {'epoch': 2, 'train_loss': 4.467874050140381, 'val_ndcg': 0.19537370775168073, 'val_loss': 46.377967834472656, 'test_ndcg': 0.18856643494041161, 'test_loss': 49.07869338989258} (best epoch 2, best val 0.1954)
[epoch 3] {'epoch': 3, 'train_loss': 3.9102373123168945} (best epoch 2, best val 0.1954)
[epoch 4] {'epoch': 4, 'train_loss': 4.031383037567139, 'val_ndcg': 0.16674619049638956, 'val_loss': 28.068925857543945, 'test_ndcg': 0.14772272437385167, 'test_loss': 32.92301940917969} (best epoch 2, best val 0.1954)
[epoch 5] {'epoch': 5, 'train_loss': 3.7363381385803223} (best epoch 2, best val 0.1954)
[epoch 6] {'epoch': 6, 'train_loss': 3.381845474243164, 'val_ndcg': 0.20445310425537497, 'val_loss': 8.540547370910645, 'test_ndcg': 0.17748473693619962, 'test_loss': 9.052298545837402} (best epoch 6, best val 0.2045)
[epoch 7] {'epoch': 7, 'train_loss': 3.0165133476257324} (best epoch 6, best val 0.2045)
[epoch 8] {'epoch': 8, 'train_loss': 2.7913873195648193, 'val_ndcg': 0.29603472815425336, 'val_loss': 5.87028169631958, 'test_ndcg': 0.2554001670105521, 'test_loss': 6.0082550048828125} (best epoch 8, best val 0.2960)
[epoch 9] {'epoch': 9, 'train_loss': 2.6752729415893555} (best epoch 8, best val 0.2960)
[epoch 10] {'epoch': 10, 'train_loss': 2.5565683841705322, 'val_ndcg': 0.36092816940791805, 'val_loss': 5.707797527313232, 'test_ndcg': 0.32690814880763547, 'test_loss': 5.758091449737549} (best epoch 10, best val 0.3609)
[epoch 11] {'epoch': 11, 'train_loss': 2.4895176887512207} (best epoch 10, best val 0.3609)
[epoch 12] {'epoch': 12, 'train_loss': 2.462583065032959, 'val_ndcg': 0.357080522401801, 'val_loss': 5.7335286140441895, 'test_ndcg': 0.32585330999700507, 'test_loss': 5.78303337097168} (best epoch 10, best val 0.3609)
[epoch 13] {'epoch': 13, 'train_loss': 2.4044997692108154} (best epoch 10, best val 0.3609)
[epoch 14] {'epoch': 14, 'train_loss': 2.3250420093536377, 'val_ndcg': 0.3872461638607815, 'val_loss': 5.9097747802734375, 'test_ndcg': 0.35543206209113204, 'test_loss': 5.931265354156494} (best epoch 14, best val 0.3872)
[epoch 15] {'epoch': 15, 'train_loss': 2.297593355178833} (best epoch 14, best val 0.3872)
[epoch 16] {'epoch': 16, 'train_loss': 2.258195638656616, 'val_ndcg': 0.3703604010308206, 'val_loss': 6.002785682678223, 'test_ndcg': 0.33675503045154725, 'test_loss': 6.09485387802124} (best epoch 14, best val 0.3872)
[epoch 17] {'epoch': 17, 'train_loss': 2.227348566055298} (best epoch 14, best val 0.3872)
[epoch 18] {'epoch': 18, 'train_loss': 2.191662073135376, 'val_ndcg': 0.3944117380908345, 'val_loss': 6.228265762329102, 'test_ndcg': 0.35660527015631044, 'test_loss': 6.37189245223999} (best epoch 18, best val 0.3944)
[epoch 19] {'epoch': 19, 'train_loss': 2.1745870113372803} (best epoch 18, best val 0.3944)
[epoch 20] {'epoch': 20, 'train_loss': 2.145301103591919, 'val_ndcg': 0.3849458980903384, 'val_loss': 6.323578834533691, 'test_ndcg': 0.34783571947045916, 'test_loss': 6.564264297485352} (best epoch 18, best val 0.3944)
[epoch 21] {'epoch': 21, 'train_loss': 2.1315696239471436} (best epoch 18, best val 0.3944)
[epoch 22] {'epoch': 22, 'train_loss': 2.114649534225464, 'val_ndcg': 0.389324713756741, 'val_loss': 6.4932990074157715, 'test_ndcg': 0.35344097291985843, 'test_loss': 6.8601508140563965} (best epoch 18, best val 0.3944)
[epoch 23] {'epoch': 23, 'train_loss': 2.0957653522491455} (best epoch 18, best val 0.3944)
[epoch 24] {'epoch': 24, 'train_loss': 2.0844836235046387, 'val_ndcg': 0.39323816929264227, 'val_loss': 6.663676738739014, 'test_ndcg': 0.3509466049376268, 'test_loss': 7.159604549407959} (best epoch 18, best val 0.3944)
[epoch 25] {'epoch': 25, 'train_loss': 2.0689468383789062} (best epoch 18, best val 0.3944)
[epoch 26] {'epoch': 26, 'train_loss': 2.0586886405944824, 'val_ndcg': 0.3919103182851663, 'val_loss': 6.736907958984375, 'test_ndcg': 0.3567236676052577, 'test_loss': 7.268155574798584} (best epoch 18, best val 0.3944)
[epoch 27] {'epoch': 27, 'train_loss': 2.0467960834503174} (best epoch 18, best val 0.3944)
[epoch 28] {'epoch': 28, 'train_loss': 2.0334949493408203, 'val_ndcg': 0.38987126549411655, 'val_loss': 6.91870641708374, 'test_ndcg': 0.35769429351899457, 'test_loss': 7.4544219970703125} (best epoch 18, best val 0.3944)
[epoch 29] {'epoch': 29, 'train_loss': 2.0210342407226562} (best epoch 18, best val 0.3944)
[epoch 30] {'epoch': 30, 'train_loss': 2.015711545944214, 'val_ndcg': 0.3838043521521243, 'val_loss': 7.05517578125, 'test_ndcg': 0.3534625268296588, 'test_loss': 7.569332599639893} (best epoch 18, best val 0.3944)
[epoch 31] {'epoch': 31, 'train_loss': 2.0034327507019043} (best epoch 18, best val 0.3944)
[epoch 32] {'epoch': 32, 'train_loss': 1.9930198192596436, 'val_ndcg': 0.3830669862622243, 'val_loss': 7.075212001800537, 'test_ndcg': 0.3467536094982364, 'test_loss': 7.566595077514648} (best epoch 18, best val 0.3944)
[epoch 33] {'epoch': 33, 'train_loss': 1.9850813150405884} (best epoch 18, best val 0.3944)
[epoch 34] {'epoch': 34, 'train_loss': 1.977220058441162, 'val_ndcg': 0.37123207504257594, 'val_loss': 7.156662940979004, 'test_ndcg': 0.33997309532270065, 'test_loss': 7.644129276275635} (best epoch 18, best val 0.3944)
[epoch 35] {'epoch': 35, 'train_loss': 1.9727622270584106} (best epoch 18, best val 0.3944)
[epoch 36] {'epoch': 36, 'train_loss': 1.967476725578308, 'val_ndcg': 0.3707213638281358, 'val_loss': 7.235689163208008, 'test_ndcg': 0.33377751864098953, 'test_loss': 7.722320556640625} (best epoch 18, best val 0.3944)
[epoch 37] {'epoch': 37, 'train_loss': 1.9624379873275757} (best epoch 18, best val 0.3944)
[epoch 38] {'epoch': 38, 'train_loss': 1.955107569694519, 'val_ndcg': 0.37245114771583443, 'val_loss': 7.300654888153076, 'test_ndcg': 0.3381520745353826, 'test_loss': 7.79906702041626} (best epoch 18, best val 0.3944)
[epoch 39] {'epoch': 39, 'train_loss': 1.9491798877716064} (best epoch 18, best val 0.3944)
[epoch 40] {'epoch': 40, 'train_loss': 1.9385350942611694, 'val_ndcg': 0.3729065990955035, 'val_loss': 7.508068084716797, 'test_ndcg': 0.34103350763766643, 'test_loss': 8.015907287597656} (best epoch 18, best val 0.3944)
[epoch 41] {'epoch': 41, 'train_loss': 1.9427011013031006} (best epoch 18, best val 0.3944)
[epoch 42] {'epoch': 42, 'train_loss': 1.9464185237884521, 'val_ndcg': 0.36500297762430234, 'val_loss': 7.451866149902344, 'test_ndcg': 0.3288253968991419, 'test_loss': 7.999544620513916} (best epoch 18, best val 0.3944)
[epoch 43] {'epoch': 43, 'train_loss': 1.9238770008087158} (best epoch 18, best val 0.3944)
[epoch 44] {'epoch': 44, 'train_loss': 1.9433680772781372, 'val_ndcg': 0.35592285106560856, 'val_loss': 7.410760879516602, 'test_ndcg': 0.32035676285446124, 'test_loss': 7.988195419311523} (best epoch 18, best val 0.3944)
[epoch 45] {'epoch': 45, 'train_loss': 1.9352391958236694} (best epoch 18, best val 0.3944)
[epoch 46] {'epoch': 46, 'train_loss': 1.9104632139205933, 'val_ndcg': 0.3596730792850503, 'val_loss': 7.609313488006592, 'test_ndcg': 0.32494278449134856, 'test_loss': 8.190143585205078} (best epoch 18, best val 0.3944)
[epoch 47] {'epoch': 47, 'train_loss': 1.9238619804382324} (best epoch 18, best val 0.3944)
[epoch 48] {'epoch': 48, 'train_loss': 1.91280996799469, 'val_ndcg': 0.35007921663578234, 'val_loss': 7.476513862609863, 'test_ndcg': 0.3115463712891955, 'test_loss': 8.073529243469238} (best epoch 18, best val 0.3944)
[epoch 49] {'epoch': 49, 'train_loss': 1.9174422025680542} (best epoch 18, best val 0.3944)
[epoch 50] {'epoch': 50, 'train_loss': 1.9226820468902588, 'val_ndcg': 0.3538028176372043, 'val_loss': 7.5679097175598145, 'test_ndcg': 0.317489986014309, 'test_loss': 8.173705101013184} (best epoch 18, best val 0.3944)
[epoch 51] {'epoch': 51, 'train_loss': 1.9198459386825562} (best epoch 18, best val 0.3944)
[epoch 52] {'epoch': 52, 'train_loss': 1.904229760169983, 'val_ndcg': 0.35039044889031473, 'val_loss': 7.4832611083984375, 'test_ndcg': 0.3126661703831251, 'test_loss': 8.06274127960205} (best epoch 18, best val 0.3944)
[epoch 53] {'epoch': 53, 'train_loss': 1.9434726238250732} (best epoch 18, best val 0.3944)
[epoch 54] {'epoch': 54, 'train_loss': 1.92665696144104, 'val_ndcg': 0.3427922674288462, 'val_loss': 7.584475517272949, 'test_ndcg': 0.30759687223008886, 'test_loss': 8.20504093170166} (best epoch 18, best val 0.3944)
[epoch 55] {'epoch': 55, 'train_loss': 1.9323145151138306} (best epoch 18, best val 0.3944)
[epoch 56] {'epoch': 56, 'train_loss': 1.9783188104629517, 'val_ndcg': 0.34116966603360865, 'val_loss': 7.465976715087891, 'test_ndcg': 0.30031294190278424, 'test_loss': 8.061036109924316} (best epoch 18, best val 0.3944)
[epoch 57] {'epoch': 57, 'train_loss': 1.9286189079284668} (best epoch 18, best val 0.3944)
[epoch 58] {'epoch': 58, 'train_loss': 1.9367244243621826, 'val_ndcg': 0.35064034329643257, 'val_loss': 7.520120620727539, 'test_ndcg': 0.30921292854787014, 'test_loss': 8.083534240722656} (best epoch 18, best val 0.3944)
[epoch 59] {'epoch': 59, 'train_loss': 1.9846078157424927} (best epoch 18, best val 0.3944)
[epoch 60] {'epoch': 60, 'train_loss': 1.9060121774673462, 'val_ndcg': 0.34657841722258687, 'val_loss': 7.41960334777832, 'test_ndcg': 0.30646040970847516, 'test_loss': 7.971977233886719} (best epoch 18, best val 0.3944)
[epoch 61] {'epoch': 61, 'train_loss': 1.9199272394180298} (best epoch 18, best val 0.3944)
[epoch 62] {'epoch': 62, 'train_loss': 1.9205063581466675, 'val_ndcg': 0.3474474131919061, 'val_loss': 7.463675498962402, 'test_ndcg': 0.3086218858169422, 'test_loss': 8.053025245666504} (best epoch 18, best val 0.3944)
[epoch 63] {'epoch': 63, 'train_loss': 1.895106315612793} (best epoch 18, best val 0.3944)
[epoch 64] {'epoch': 64, 'train_loss': 1.9012595415115356, 'val_ndcg': 0.35271257198436967, 'val_loss': 7.438886642456055, 'test_ndcg': 0.31585981840579214, 'test_loss': 8.049236297607422} (best epoch 18, best val 0.3944)
[epoch 65] {'epoch': 65, 'train_loss': 1.899135708808899} (best epoch 18, best val 0.3944)
[epoch 66] {'epoch': 66, 'train_loss': 1.8857898712158203, 'val_ndcg': 0.35326702461529, 'val_loss': 7.453329086303711, 'test_ndcg': 0.3136251869263096, 'test_loss': 8.03227710723877} (best epoch 18, best val 0.3944)
[epoch 67] {'epoch': 67, 'train_loss': 1.888555884361267} (best epoch 18, best val 0.3944)
[epoch 68] {'epoch': 68, 'train_loss': 1.8873704671859741, 'val_ndcg': 0.3487009362306926, 'val_loss': 7.3933587074279785, 'test_ndcg': 0.31443114631465446, 'test_loss': 7.973571300506592} (best epoch 18, best val 0.3944)
[epoch 69] {'epoch': 69, 'train_loss': 1.8783072233200073} (best epoch 18, best val 0.3944)
[epoch 70] {'epoch': 70, 'train_loss': 1.877291202545166, 'val_ndcg': 0.3546729888748361, 'val_loss': 7.521522521972656, 'test_ndcg': 0.31608394130749645, 'test_loss': 8.148842811584473} (best epoch 18, best val 0.3944)
[epoch 71] {'epoch': 71, 'train_loss': 1.8770285844802856} (best epoch 18, best val 0.3944)
[epoch 72] {'epoch': 72, 'train_loss': 1.8701125383377075, 'val_ndcg': 0.35033030867061754, 'val_loss': 7.46585750579834, 'test_ndcg': 0.31382048626435183, 'test_loss': 8.073458671569824} (best epoch 18, best val 0.3944)
[epoch 73] {'epoch': 73, 'train_loss': 1.869694709777832} (best epoch 18, best val 0.3944)
[epoch 74] {'epoch': 74, 'train_loss': 1.8664435148239136, 'val_ndcg': 0.35398439751164396, 'val_loss': 7.533907890319824, 'test_ndcg': 0.31791794498836556, 'test_loss': 8.153663635253906} (best epoch 18, best val 0.3944)
[epoch 75] {'epoch': 75, 'train_loss': 1.8634135723114014} (best epoch 18, best val 0.3944)
[epoch 76] {'epoch': 76, 'train_loss': 1.8619592189788818, 'val_ndcg': 0.3522301166380388, 'val_loss': 7.561318874359131, 'test_ndcg': 0.31524278450567583, 'test_loss': 8.189119338989258} (best epoch 18, best val 0.3944)
[epoch 77] {'epoch': 77, 'train_loss': 1.858952522277832} (best epoch 18, best val 0.3944)
[epoch 78] {'epoch': 78, 'train_loss': 1.8569413423538208, 'val_ndcg': 0.34424770391728654, 'val_loss': 7.584537982940674, 'test_ndcg': 0.3097472586755685, 'test_loss': 8.235617637634277} (best epoch 18, best val 0.3944)
[epoch 79] {'epoch': 79, 'train_loss': 1.8548043966293335} (best epoch 18, best val 0.3944)
[epoch 80] {'epoch': 80, 'train_loss': 1.8528316020965576, 'val_ndcg': 0.34531539459381644, 'val_loss': 7.625439167022705, 'test_ndcg': 0.31429903409371046, 'test_loss': 8.263385772705078, 'early_stopped': True} (early stop; best epoch 18)
seed 43: val=0.3989 test=0.3624 best_epoch=18 (13.2 min)
[epoch 1] {'epoch': 1, 'train_loss': 5.571802139282227} (best epoch -1, best val -inf)
[epoch 2] {'epoch': 2, 'train_loss': 5.8585124015808105, 'val_ndcg': 0.14431964645751516, 'val_loss': 98.15365600585938, 'test_ndcg': 0.13120720985456225, 'test_loss': 107.01416778564453} (best epoch 2, best val 0.1443)
[epoch 3] {'epoch': 3, 'train_loss': 4.878373146057129} (best epoch 2, best val 0.1443)
[epoch 4] {'epoch': 4, 'train_loss': 4.2830119132995605, 'val_ndcg': 0.2359257427722308, 'val_loss': 46.164676666259766, 'test_ndcg': 0.21378809343246108, 'test_loss': 52.987060546875} (best epoch 4, best val 0.2359)
[epoch 5] {'epoch': 5, 'train_loss': 3.134995698928833} (best epoch 4, best val 0.2359)
[epoch 6] {'epoch': 6, 'train_loss': 3.042938232421875, 'val_ndcg': 0.27382190545747725, 'val_loss': 10.244450569152832, 'test_ndcg': 0.2365195136575633, 'test_loss': 11.349166870117188} (best epoch 6, best val 0.2738)
[epoch 7] {'epoch': 7, 'train_loss': 2.821852207183838} (best epoch 6, best val 0.2738)
[epoch 8] {'epoch': 8, 'train_loss': 2.678250312805176, 'val_ndcg': 0.3604377172028965, 'val_loss': 6.503929615020752, 'test_ndcg': 0.3275910308768113, 'test_loss': 6.861059665679932} (best epoch 8, best val 0.3604)
[epoch 9] {'epoch': 9, 'train_loss': 2.5166118144989014} (best epoch 8, best val 0.3604)
[epoch 10] {'epoch': 10, 'train_loss': 2.4648220539093018, 'val_ndcg': 0.3884771332593798, 'val_loss': 6.6014556884765625, 'test_ndcg': 0.35001326654030046, 'test_loss': 7.009138584136963} (best epoch 10, best val 0.3885)
[epoch 11] {'epoch': 11, 'train_loss': 2.3876280784606934} (best epoch 10, best val 0.3885)
[epoch 12] {'epoch': 12, 'train_loss': 2.3205654621124268, 'val_ndcg': 0.3894283491525392, 'val_loss': 7.188903331756592, 'test_ndcg': 0.35150517074402404, 'test_loss': 7.802775859832764} (best epoch 12, best val 0.3894)
[epoch 13] {'epoch': 13, 'train_loss': 2.2765889167785645} (best epoch 12, best val 0.3894)
[epoch 14] {'epoch': 14, 'train_loss': 2.2473666667938232, 'val_ndcg': 0.3874857680133413, 'val_loss': 7.7686767578125, 'test_ndcg': 0.35252917766100184, 'test_loss': 8.781231880187988} (best epoch 12, best val 0.3894)
[epoch 15] {'epoch': 15, 'train_loss': 2.211998701095581} (best epoch 12, best val 0.3894)
[epoch 16] {'epoch': 16, 'train_loss': 2.1770434379577637, 'val_ndcg': 0.3833257410653793, 'val_loss': 8.508065223693848, 'test_ndcg': 0.3465901929128297, 'test_loss': 9.959488868713379} (best epoch 12, best val 0.3894)
[epoch 17] {'epoch': 17, 'train_loss': 2.1560840606689453} (best epoch 12, best val 0.3894)
[epoch 18] {'epoch': 18, 'train_loss': 2.134031057357788, 'val_ndcg': 0.3806067991278759, 'val_loss': 9.072880744934082, 'test_ndcg': 0.3404936549151558, 'test_loss': 10.812485694885254} (best epoch 12, best val 0.3894)
[epoch 19] {'epoch': 19, 'train_loss': 2.1157584190368652} (best epoch 12, best val 0.3894)
[epoch 20] {'epoch': 20, 'train_loss': 2.0935583114624023, 'val_ndcg': 0.38271940013289196, 'val_loss': 9.615129470825195, 'test_ndcg': 0.33652198081196144, 'test_loss': 11.314167022705078} (best epoch 12, best val 0.3894)
[epoch 21] {'epoch': 21, 'train_loss': 2.073025941848755} (best epoch 12, best val 0.3894)
[epoch 22] {'epoch': 22, 'train_loss': 2.064049005508423, 'val_ndcg': 0.3774077418688032, 'val_loss': 10.037940979003906, 'test_ndcg': 0.3370917016844069, 'test_loss': 11.698257446289062} (best epoch 12, best val 0.3894)
[epoch 23] {'epoch': 23, 'train_loss': 2.054926633834839} (best epoch 12, best val 0.3894)
[epoch 24] {'epoch': 24, 'train_loss': 2.0454742908477783, 'val_ndcg': 0.36465158611722914, 'val_loss': 10.795934677124023, 'test_ndcg': 0.3246247363534162, 'test_loss': 12.588421821594238} (best epoch 12, best val 0.3894)
[epoch 25] {'epoch': 25, 'train_loss': 2.039315938949585} (best epoch 12, best val 0.3894)
[epoch 26] {'epoch': 26, 'train_loss': 2.0113542079925537, 'val_ndcg': 0.34703403573342273, 'val_loss': 10.419389724731445, 'test_ndcg': 0.30313032850319876, 'test_loss': 12.233113288879395} (best epoch 12, best val 0.3894)
[epoch 27] {'epoch': 27, 'train_loss': 2.008652925491333} (best epoch 12, best val 0.3894)
[epoch 28] {'epoch': 28, 'train_loss': 2.011552333831787, 'val_ndcg': 0.3404292773586396, 'val_loss': 10.818745613098145, 'test_ndcg': 0.2965014707841343, 'test_loss': 12.680022239685059} (best epoch 12, best val 0.3894)
[epoch 29] {'epoch': 29, 'train_loss': 1.9917327165603638} (best epoch 12, best val 0.3894)
[epoch 30] {'epoch': 30, 'train_loss': 2.0232369899749756, 'val_ndcg': 0.34507126625810297, 'val_loss': 10.398365020751953, 'test_ndcg': 0.296740025207582, 'test_loss': 12.176581382751465} (best epoch 12, best val 0.3894)
[epoch 31] {'epoch': 31, 'train_loss': 1.97786545753479} (best epoch 12, best val 0.3894)
[epoch 32] {'epoch': 32, 'train_loss': 1.9857385158538818, 'val_ndcg': 0.3261188164443888, 'val_loss': 10.445472717285156, 'test_ndcg': 0.28226857066974587, 'test_loss': 12.33716106414795} (best epoch 12, best val 0.3894)
[epoch 33] {'epoch': 33, 'train_loss': 1.9679737091064453} (best epoch 12, best val 0.3894)
[epoch 34] {'epoch': 34, 'train_loss': 1.9669963121414185, 'val_ndcg': 0.3254309324206618, 'val_loss': 10.158924102783203, 'test_ndcg': 0.27868855053473607, 'test_loss': 12.025580406188965} (best epoch 12, best val 0.3894)
[epoch 35] {'epoch': 35, 'train_loss': 1.9600580930709839} (best epoch 12, best val 0.3894)
[epoch 36] {'epoch': 36, 'train_loss': 1.95022714138031, 'val_ndcg': 0.31442557108373664, 'val_loss': 10.36561107635498, 'test_ndcg': 0.2649202785432088, 'test_loss': 12.419857025146484} (best epoch 12, best val 0.3894)
[epoch 37] {'epoch': 37, 'train_loss': 1.9443978071212769} (best epoch 12, best val 0.3894)
[epoch 38] {'epoch': 38, 'train_loss': 1.9378963708877563, 'val_ndcg': 0.3181220131211521, 'val_loss': 10.073307991027832, 'test_ndcg': 0.2681356708945045, 'test_loss': 12.112847328186035} (best epoch 12, best val 0.3894)
[epoch 39] {'epoch': 39, 'train_loss': 1.933043122291565} (best epoch 12, best val 0.3894)
[epoch 40] {'epoch': 40, 'train_loss': 1.9236464500427246, 'val_ndcg': 0.3104324232697887, 'val_loss': 10.200679779052734, 'test_ndcg': 0.26578237304905356, 'test_loss': 12.341571807861328} (best epoch 12, best val 0.3894)
[epoch 41] {'epoch': 41, 'train_loss': 1.921795129776001} (best epoch 12, best val 0.3894)
[epoch 42] {'epoch': 42, 'train_loss': 1.914690375328064, 'val_ndcg': 0.30096362762563894, 'val_loss': 10.384786605834961, 'test_ndcg': 0.2591604888928866, 'test_loss': 12.599327087402344} (best epoch 12, best val 0.3894)
[epoch 43] {'epoch': 43, 'train_loss': 1.9122960567474365} (best epoch 12, best val 0.3894)
[epoch 44] {'epoch': 44, 'train_loss': 1.905155897140503, 'val_ndcg': 0.3043299961797561, 'val_loss': 10.316446304321289, 'test_ndcg': 0.26326672868139045, 'test_loss': 12.45744800567627} (best epoch 12, best val 0.3894)
[epoch 45] {'epoch': 45, 'train_loss': 1.903450846672058} (best epoch 12, best val 0.3894)
[epoch 46] {'epoch': 46, 'train_loss': 1.8966708183288574, 'val_ndcg': 0.3022614084019785, 'val_loss': 10.511894226074219, 'test_ndcg': 0.253729297814873, 'test_loss': 12.715888977050781} (best epoch 12, best val 0.3894)
[epoch 47] {'epoch': 47, 'train_loss': 1.8951655626296997} (best epoch 12, best val 0.3894)
[epoch 48] {'epoch': 48, 'train_loss': 1.889703392982483, 'val_ndcg': 0.30711093166387576, 'val_loss': 10.336313247680664, 'test_ndcg': 0.26314508448505364, 'test_loss': 12.47600269317627} (best epoch 12, best val 0.3894)
[epoch 49] {'epoch': 49, 'train_loss': 1.8869575262069702} (best epoch 12, best val 0.3894)
[epoch 50] {'epoch': 50, 'train_loss': 1.8834657669067383, 'val_ndcg': 0.306388541609472, 'val_loss': 10.543936729431152, 'test_ndcg': 0.2591266301486117, 'test_loss': 12.764477729797363} (best epoch 12, best val 0.3894)
[epoch 51] {'epoch': 51, 'train_loss': 1.8793751001358032} (best epoch 12, best val 0.3894)
[epoch 52] {'epoch': 52, 'train_loss': 1.8775798082351685, 'val_ndcg': 0.3120527660814918, 'val_loss': 10.468719482421875, 'test_ndcg': 0.2663757978168867, 'test_loss': 12.658085823059082} (best epoch 12, best val 0.3894)
[epoch 53] {'epoch': 53, 'train_loss': 1.8726035356521606} (best epoch 12, best val 0.3894)
[epoch 54] {'epoch': 54, 'train_loss': 1.8712687492370605, 'val_ndcg': 0.3146621283451633, 'val_loss': 10.584513664245605, 'test_ndcg': 0.27539579109737256, 'test_loss': 12.806702613830566} (best epoch 12, best val 0.3894)
[epoch 55] {'epoch': 55, 'train_loss': 1.8710789680480957} (best epoch 12, best val 0.3894)
[epoch 56] {'epoch': 56, 'train_loss': 1.8868221044540405, 'val_ndcg': 0.2915884068716561, 'val_loss': 10.58092212677002, 'test_ndcg': 0.25700543071800436, 'test_loss': 12.872958183288574} (best epoch 12, best val 0.3894)
[epoch 57] {'epoch': 57, 'train_loss': 1.8808743953704834} (best epoch 12, best val 0.3894)
[epoch 58] {'epoch': 58, 'train_loss': 1.8932734727859497, 'val_ndcg': 0.34208856971978063, 'val_loss': 10.40238094329834, 'test_ndcg': 0.29767421180445713, 'test_loss': 12.651516914367676} (best epoch 12, best val 0.3894)
[epoch 59] {'epoch': 59, 'train_loss': 1.9044448137283325} (best epoch 12, best val 0.3894)
[epoch 60] {'epoch': 60, 'train_loss': 1.86368989944458, 'val_ndcg': 0.29120102339870996, 'val_loss': 10.58248519897461, 'test_ndcg': 0.2622513970927613, 'test_loss': 12.9511079788208} (best epoch 12, best val 0.3894)
[epoch 61] {'epoch': 61, 'train_loss': 1.8908727169036865} (best epoch 12, best val 0.3894)
[epoch 62] {'epoch': 62, 'train_loss': 1.8801783323287964, 'val_ndcg': 0.34881415971145197, 'val_loss': 10.5121431350708, 'test_ndcg': 0.3114777047928731, 'test_loss': 12.79174518585205} (best epoch 12, best val 0.3894)
[epoch 63] {'epoch': 63, 'train_loss': 1.9069818258285522} (best epoch 12, best val 0.3894)
[epoch 64] {'epoch': 64, 'train_loss': 1.8932709693908691, 'val_ndcg': 0.3046240343379204, 'val_loss': 10.37868595123291, 'test_ndcg': 0.2762124073395843, 'test_loss': 12.645339965820312} (best epoch 12, best val 0.3894)
[epoch 65] {'epoch': 65, 'train_loss': 1.9288114309310913} (best epoch 12, best val 0.3894)
[epoch 66] {'epoch': 66, 'train_loss': 1.9193329811096191, 'val_ndcg': 0.36108377441897177, 'val_loss': 10.007512092590332, 'test_ndcg': 0.3199426528175297, 'test_loss': 12.174030303955078} (best epoch 12, best val 0.3894)
[epoch 67] {'epoch': 67, 'train_loss': 1.8952423334121704} (best epoch 12, best val 0.3894)
[epoch 68] {'epoch': 68, 'train_loss': 1.9067147970199585, 'val_ndcg': 0.3555759767629907, 'val_loss': 9.903135299682617, 'test_ndcg': 0.31677858126144537, 'test_loss': 11.998448371887207} (best epoch 12, best val 0.3894)
[epoch 69] {'epoch': 69, 'train_loss': 1.8901761770248413} (best epoch 12, best val 0.3894)
[epoch 70] {'epoch': 70, 'train_loss': 1.8925459384918213, 'val_ndcg': 0.3541920918404939, 'val_loss': 9.726801872253418, 'test_ndcg': 0.31110829777194354, 'test_loss': 11.858683586120605} (best epoch 12, best val 0.3894)
[epoch 71] {'epoch': 71, 'train_loss': 1.8840495347976685} (best epoch 12, best val 0.3894)
[epoch 72] {'epoch': 72, 'train_loss': 1.8866918087005615, 'val_ndcg': 0.37976655594235614, 'val_loss': 9.467397689819336, 'test_ndcg': 0.33610052295162945, 'test_loss': 11.397318840026855} (best epoch 12, best val 0.3894)
[epoch 73] {'epoch': 73, 'train_loss': 1.8776633739471436} (best epoch 12, best val 0.3894)
[epoch 74] {'epoch': 74, 'train_loss': 1.8654770851135254, 'val_ndcg': 0.3656220054253058, 'val_loss': 9.519871711730957, 'test_ndcg': 0.3236034019210367, 'test_loss': 11.489093780517578} (best epoch 12, best val 0.3894)
[epoch 75] {'epoch': 75, 'train_loss': 1.8720325231552124} (best epoch 12, best val 0.3894)
[epoch 76] {'epoch': 76, 'train_loss': 1.8641679286956787, 'val_ndcg': 0.3702327332860249, 'val_loss': 9.426029205322266, 'test_ndcg': 0.3291763971508621, 'test_loss': 11.304286003112793} (best epoch 12, best val 0.3894)
[epoch 77] {'epoch': 77, 'train_loss': 1.858165979385376} (best epoch 12, best val 0.3894)
[epoch 78] {'epoch': 78, 'train_loss': 1.8610484600067139, 'val_ndcg': 0.37043413868253183, 'val_loss': 9.390971183776855, 'test_ndcg': 0.3327609553570285, 'test_loss': 11.266690254211426} (best epoch 12, best val 0.3894)
[epoch 79] {'epoch': 79, 'train_loss': 1.8545283079147339} (best epoch 12, best val 0.3894)
[epoch 80] {'epoch': 80, 'train_loss': 1.8527041673660278, 'val_ndcg': 0.3647310903591797, 'val_loss': 9.495298385620117, 'test_ndcg': 0.32735419853822584, 'test_loss': 11.398552894592285, 'early_stopped': True} (early stop; best epoch 12)
seed 44: val=0.3912 test=0.3524 best_epoch=12 (13.1 min)
[epoch 1] {'epoch': 1, 'train_loss': 5.595442295074463} (best epoch -1, best val -inf)
[epoch 2] {'epoch': 2, 'train_loss': 4.761119365692139, 'val_ndcg': 0.232134478885774, 'val_loss': 77.67318725585938, 'test_ndcg': 0.220285524609486, 'test_loss': 81.1480484008789} (best epoch 2, best val 0.2321)
[epoch 3] {'epoch': 3, 'train_loss': 3.9482710361480713} (best epoch 2, best val 0.2321)
[epoch 4] {'epoch': 4, 'train_loss': 3.5056469440460205, 'val_ndcg': 0.21261470306746844, 'val_loss': 23.257171630859375, 'test_ndcg': 0.19133103718151534, 'test_loss': 25.388671875} (best epoch 2, best val 0.2321)
[epoch 5] {'epoch': 5, 'train_loss': 3.089602470397949} (best epoch 2, best val 0.2321)
[epoch 6] {'epoch': 6, 'train_loss': 2.9405765533447266, 'val_ndcg': 0.29016194617532876, 'val_loss': 13.085054397583008, 'test_ndcg': 0.26487413134086496, 'test_loss': 14.589116096496582} (best epoch 6, best val 0.2902)
[epoch 7] {'epoch': 7, 'train_loss': 2.7824440002441406} (best epoch 6, best val 0.2902)
[epoch 8] {'epoch': 8, 'train_loss': 2.7294135093688965, 'val_ndcg': 0.3344787977082412, 'val_loss': 8.998781204223633, 'test_ndcg': 0.30286953924962684, 'test_loss': 10.014981269836426} (best epoch 8, best val 0.3345)
[epoch 9] {'epoch': 9, 'train_loss': 2.5668890476226807} (best epoch 8, best val 0.3345)
[epoch 10] {'epoch': 10, 'train_loss': 2.4686217308044434, 'val_ndcg': 0.3663160330220067, 'val_loss': 9.36055850982666, 'test_ndcg': 0.3288803083106147, 'test_loss': 10.293577194213867} (best epoch 10, best val 0.3663)
[epoch 11] {'epoch': 11, 'train_loss': 2.3610050678253174} (best epoch 10, best val 0.3663)
[epoch 12] {'epoch': 12, 'train_loss': 2.332819700241089, 'val_ndcg': 0.37001761012064194, 'val_loss': 10.287689208984375, 'test_ndcg': 0.3325874723104619, 'test_loss': 11.18206787109375} (best epoch 12, best val 0.3700)
[epoch 13] {'epoch': 13, 'train_loss': 2.2488934993743896} (best epoch 12, best val 0.3700)
[epoch 14] {'epoch': 14, 'train_loss': 2.2098944187164307, 'val_ndcg': 0.37407339998403216, 'val_loss': 9.905174255371094, 'test_ndcg': 0.32762120880872997, 'test_loss': 11.023301124572754} (best epoch 14, best val 0.3741)
[epoch 15] {'epoch': 15, 'train_loss': 2.178743362426758} (best epoch 14, best val 0.3741)
[epoch 16] {'epoch': 16, 'train_loss': 2.139910936355591, 'val_ndcg': 0.3877598843124131, 'val_loss': 11.168338775634766, 'test_ndcg': 0.3399743845233542, 'test_loss': 12.67475414276123} (best epoch 16, best val 0.3878)
[epoch 17] {'epoch': 17, 'train_loss': 2.1136295795440674} (best epoch 16, best val 0.3878)
[epoch 18] {'epoch': 18, 'train_loss': 2.0960030555725098, 'val_ndcg': 0.3859388013599, 'val_loss': 11.606977462768555, 'test_ndcg': 0.341818436968176, 'test_loss': 13.497085571289062} (best epoch 16, best val 0.3878)
[epoch 19] {'epoch': 19, 'train_loss': 2.0866122245788574} (best epoch 16, best val 0.3878)
[epoch 20] {'epoch': 20, 'train_loss': 2.065061569213867, 'val_ndcg': 0.37732603608702875, 'val_loss': 12.243688583374023, 'test_ndcg': 0.3292385546215953, 'test_loss': 14.161314964294434} (best epoch 16, best val 0.3878)
[epoch 21] {'epoch': 21, 'train_loss': 2.0462400913238525} (best epoch 16, best val 0.3878)
[epoch 22] {'epoch': 22, 'train_loss': 2.024071455001831, 'val_ndcg': 0.3684252108864678, 'val_loss': 12.49724006652832, 'test_ndcg': 0.3178621416253827, 'test_loss': 14.378588676452637} (best epoch 16, best val 0.3878)
[epoch 23] {'epoch': 23, 'train_loss': 2.0148580074310303} (best epoch 16, best val 0.3878)
[epoch 24] {'epoch': 24, 'train_loss': 2.003011703491211, 'val_ndcg': 0.3582447615231498, 'val_loss': 12.910198211669922, 'test_ndcg': 0.31975992417465543, 'test_loss': 14.934565544128418} (best epoch 16, best val 0.3878)
[epoch 25] {'epoch': 25, 'train_loss': 1.9900447130203247} (best epoch 16, best val 0.3878)
[epoch 26] {'epoch': 26, 'train_loss': 1.9814941883087158, 'val_ndcg': 0.3674233273011227, 'val_loss': 12.936272621154785, 'test_ndcg': 0.33018642997013337, 'test_loss': 15.073318481445312} (best epoch 16, best val 0.3878)
[epoch 27] {'epoch': 27, 'train_loss': 1.9759293794631958} (best epoch 16, best val 0.3878)
[epoch 28] {'epoch': 28, 'train_loss': 1.9665879011154175, 'val_ndcg': 0.3633937743285076, 'val_loss': 12.967753410339355, 'test_ndcg': 0.31963278819928215, 'test_loss': 15.128691673278809} (best epoch 16, best val 0.3878)
[epoch 29] {'epoch': 29, 'train_loss': 1.9593181610107422} (best epoch 16, best val 0.3878)
[epoch 30] {'epoch': 30, 'train_loss': 1.9489432573318481, 'val_ndcg': 0.3601568444275672, 'val_loss': 12.940300941467285, 'test_ndcg': 0.31540877654938115, 'test_loss': 15.206649780273438} (best epoch 16, best val 0.3878)
[epoch 31] {'epoch': 31, 'train_loss': 1.9447021484375} (best epoch 16, best val 0.3878)
[epoch 32] {'epoch': 32, 'train_loss': 1.9381715059280396, 'val_ndcg': 0.36643562668320123, 'val_loss': 12.649675369262695, 'test_ndcg': 0.3148913069147926, 'test_loss': 14.893394470214844} (best epoch 16, best val 0.3878)
[epoch 33] {'epoch': 33, 'train_loss': 1.9291709661483765} (best epoch 16, best val 0.3878)
[epoch 34] {'epoch': 34, 'train_loss': 1.9223684072494507, 'val_ndcg': 0.3631229604591215, 'val_loss': 12.734320640563965, 'test_ndcg': 0.3124617517963599, 'test_loss': 15.099555969238281} (best epoch 16, best val 0.3878)
[epoch 35] {'epoch': 35, 'train_loss': 1.9162448644638062} (best epoch 16, best val 0.3878)
[epoch 36] {'epoch': 36, 'train_loss': 1.9077645540237427, 'val_ndcg': 0.3587617317105067, 'val_loss': 12.859041213989258, 'test_ndcg': 0.30731529991781154, 'test_loss': 15.339614868164062} (best epoch 16, best val 0.3878)
[epoch 37] {'epoch': 37, 'train_loss': 1.9057542085647583} (best epoch 16, best val 0.3878)
[epoch 38] {'epoch': 38, 'train_loss': 1.9055594205856323, 'val_ndcg': 0.3652569500781043, 'val_loss': 12.879262924194336, 'test_ndcg': 0.3143734354729834, 'test_loss': 15.43679428100586} (best epoch 16, best val 0.3878)
[epoch 39] {'epoch': 39, 'train_loss': 1.8985610008239746} (best epoch 16, best val 0.3878)
[epoch 40] {'epoch': 40, 'train_loss': 1.8970067501068115, 'val_ndcg': 0.36165577772861984, 'val_loss': 12.779337882995605, 'test_ndcg': 0.3098103371020932, 'test_loss': 15.399703979492188} (best epoch 16, best val 0.3878)
[epoch 41] {'epoch': 41, 'train_loss': 1.8943307399749756} (best epoch 16, best val 0.3878)
[epoch 42] {'epoch': 42, 'train_loss': 1.889164686203003, 'val_ndcg': 0.35725179871867024, 'val_loss': 12.572643280029297, 'test_ndcg': 0.3107583338922357, 'test_loss': 15.129969596862793} (best epoch 16, best val 0.3878)
[epoch 43] {'epoch': 43, 'train_loss': 1.883863925933838} (best epoch 16, best val 0.3878)
[epoch 44] {'epoch': 44, 'train_loss': 1.8902199268341064, 'val_ndcg': 0.34811050375171215, 'val_loss': 12.522196769714355, 'test_ndcg': 0.2989389612263372, 'test_loss': 15.149889945983887} (best epoch 16, best val 0.3878)
[epoch 45] {'epoch': 45, 'train_loss': 1.8837835788726807} (best epoch 16, best val 0.3878)
[epoch 46] {'epoch': 46, 'train_loss': 1.8930007219314575, 'val_ndcg': 0.36636709510056226, 'val_loss': 12.784661293029785, 'test_ndcg': 0.3149473276504086, 'test_loss': 15.450386047363281} (best epoch 16, best val 0.3878)
[epoch 47] {'epoch': 47, 'train_loss': 1.8959280252456665} (best epoch 16, best val 0.3878)
[epoch 48] {'epoch': 48, 'train_loss': 1.8998111486434937, 'val_ndcg': 0.3476122844915135, 'val_loss': 11.741692543029785, 'test_ndcg': 0.3012291254782841, 'test_loss': 14.188998222351074} (best epoch 16, best val 0.3878)
[epoch 49] {'epoch': 49, 'train_loss': 1.8937053680419922} (best epoch 16, best val 0.3878)
[epoch 50] {'epoch': 50, 'train_loss': 1.9087677001953125, 'val_ndcg': 0.36814095408649933, 'val_loss': 12.129037857055664, 'test_ndcg': 0.31284422140108153, 'test_loss': 14.640730857849121} (best epoch 16, best val 0.3878)
[epoch 51] {'epoch': 51, 'train_loss': 1.8911097049713135} (best epoch 16, best val 0.3878)
[epoch 52] {'epoch': 52, 'train_loss': 1.9114145040512085, 'val_ndcg': 0.3814478804233604, 'val_loss': 11.33968734741211, 'test_ndcg': 0.32562095900254007, 'test_loss': 13.679400444030762} (best epoch 16, best val 0.3878)
[epoch 53] {'epoch': 53, 'train_loss': 1.8830724954605103} (best epoch 16, best val 0.3878)
[epoch 54] {'epoch': 54, 'train_loss': 1.8842906951904297, 'val_ndcg': 0.3714404758495113, 'val_loss': 11.334125518798828, 'test_ndcg': 0.31819590446434093, 'test_loss': 13.654194831848145} (best epoch 16, best val 0.3878)
[epoch 55] {'epoch': 55, 'train_loss': 1.880419373512268} (best epoch 16, best val 0.3878)
[epoch 56] {'epoch': 56, 'train_loss': 1.8730131387710571, 'val_ndcg': 0.3761615118959153, 'val_loss': 11.18614387512207, 'test_ndcg': 0.3266322534748078, 'test_loss': 13.524035453796387} (best epoch 16, best val 0.3878)
[epoch 57] {'epoch': 57, 'train_loss': 1.8724377155303955} (best epoch 16, best val 0.3878)
[epoch 58] {'epoch': 58, 'train_loss': 1.868137240409851, 'val_ndcg': 0.38051556687235716, 'val_loss': 11.174491882324219, 'test_ndcg': 0.33131817832165483, 'test_loss': 13.49483585357666} (best epoch 16, best val 0.3878)
[epoch 59] {'epoch': 59, 'train_loss': 1.8630239963531494} (best epoch 16, best val 0.3878)
[epoch 60] {'epoch': 60, 'train_loss': 1.8633085489273071, 'val_ndcg': 0.37838492366947446, 'val_loss': 11.094285011291504, 'test_ndcg': 0.32248672408645207, 'test_loss': 13.4620361328125} (best epoch 16, best val 0.3878)
[epoch 61] {'epoch': 61, 'train_loss': 1.8589524030685425} (best epoch 16, best val 0.3878)
[epoch 62] {'epoch': 62, 'train_loss': 1.8540878295898438, 'val_ndcg': 0.38325041671418525, 'val_loss': 11.09273624420166, 'test_ndcg': 0.3319692609150003, 'test_loss': 13.484664916992188} (best epoch 16, best val 0.3878)
[epoch 63] {'epoch': 63, 'train_loss': 1.8544305562973022} (best epoch 16, best val 0.3878)
[epoch 64] {'epoch': 64, 'train_loss': 1.85037362575531, 'val_ndcg': 0.3751094802605244, 'val_loss': 11.164833068847656, 'test_ndcg': 0.3234974141799216, 'test_loss': 13.61534595489502} (best epoch 16, best val 0.3878)
[epoch 65] {'epoch': 65, 'train_loss': 1.8485941886901855} (best epoch 16, best val 0.3878)
[epoch 66] {'epoch': 66, 'train_loss': 1.8462316989898682, 'val_ndcg': 0.3764045015376076, 'val_loss': 11.163606643676758, 'test_ndcg': 0.3218126825625043, 'test_loss': 13.602962493896484} (best epoch 16, best val 0.3878)
[epoch 67] {'epoch': 67, 'train_loss': 1.8431768417358398} (best epoch 16, best val 0.3878)
[epoch 68] {'epoch': 68, 'train_loss': 1.8418234586715698, 'val_ndcg': 0.37804950117364616, 'val_loss': 11.179418563842773, 'test_ndcg': 0.3264240681380259, 'test_loss': 13.6453218460083} (best epoch 16, best val 0.3878)
[epoch 69] {'epoch': 69, 'train_loss': 1.8397444486618042} (best epoch 16, best val 0.3878)
[epoch 70] {'epoch': 70, 'train_loss': 1.8384439945220947, 'val_ndcg': 0.37370658466472934, 'val_loss': 11.36460018157959, 'test_ndcg': 0.3221166130733361, 'test_loss': 13.899971961975098} (best epoch 16, best val 0.3878)
[epoch 71] {'epoch': 71, 'train_loss': 1.8361448049545288} (best epoch 16, best val 0.3878)
[epoch 72] {'epoch': 72, 'train_loss': 1.8358644247055054, 'val_ndcg': 0.3717298876377993, 'val_loss': 11.378568649291992, 'test_ndcg': 0.31864271277516765, 'test_loss': 13.947219848632812} (best epoch 16, best val 0.3878)
[epoch 73] {'epoch': 73, 'train_loss': 1.8333032131195068} (best epoch 16, best val 0.3878)
[epoch 74] {'epoch': 74, 'train_loss': 1.8322327136993408, 'val_ndcg': 0.37120129898558524, 'val_loss': 11.475310325622559, 'test_ndcg': 0.31453566623041945, 'test_loss': 14.065948486328125} (best epoch 16, best val 0.3878)
[epoch 75] {'epoch': 75, 'train_loss': 1.8313238620758057} (best epoch 16, best val 0.3878)
[epoch 76] {'epoch': 76, 'train_loss': 1.8309953212738037, 'val_ndcg': 0.36502593874482, 'val_loss': 11.61039924621582, 'test_ndcg': 0.31351425372323055, 'test_loss': 14.247928619384766} (best epoch 16, best val 0.3878)
[epoch 77] {'epoch': 77, 'train_loss': 1.8301509618759155} (best epoch 16, best val 0.3878)
[epoch 78] {'epoch': 78, 'train_loss': 1.8291648626327515, 'val_ndcg': 0.3677344226724564, 'val_loss': 11.673161506652832, 'test_ndcg': 0.31703030925191283, 'test_loss': 14.311073303222656} (best epoch 16, best val 0.3878)
[epoch 79] {'epoch': 79, 'train_loss': 1.827772855758667} (best epoch 16, best val 0.3878)
[epoch 80] {'epoch': 80, 'train_loss': 1.8284070491790771, 'val_ndcg': 0.36478158787406006, 'val_loss': 11.567501068115234, 'test_ndcg': 0.3098503041005, 'test_loss': 14.188896179199219, 'early_stopped': True} (early stop; best epoch 16)
seed 45: val=0.3943 test=0.3505 best_epoch=16 (13.1 min)
[epoch 1] {'epoch': 1, 'train_loss': 5.572575092315674} (best epoch -1, best val -inf)
[epoch 2] {'epoch': 2, 'train_loss': 4.422145843505859, 'val_ndcg': 0.2760477944566056, 'val_loss': 47.66263961791992, 'test_ndcg': 0.2677826508259872, 'test_loss': 50.84110641479492} (best epoch 2, best val 0.2760)
[epoch 3] {'epoch': 3, 'train_loss': 3.6997764110565186} (best epoch 2, best val 0.2760)
[epoch 4] {'epoch': 4, 'train_loss': 3.5301337242126465, 'val_ndcg': 0.22695331205808927, 'val_loss': 41.78123474121094, 'test_ndcg': 0.20586849505294202, 'test_loss': 43.9642333984375} (best epoch 2, best val 0.2760)
[epoch 5] {'epoch': 5, 'train_loss': 3.3924596309661865} (best epoch 2, best val 0.2760)
[epoch 6] {'epoch': 6, 'train_loss': 3.124793529510498, 'val_ndcg': 0.06821935038226512, 'val_loss': 52.7057991027832, 'test_ndcg': 0.07438404123440505, 'test_loss': 59.103515625} (best epoch 2, best val 0.2760)
[epoch 7] {'epoch': 7, 'train_loss': 3.233301877975464} (best epoch 2, best val 0.2760)
[epoch 8] {'epoch': 8, 'train_loss': 3.3215999603271484, 'val_ndcg': 0.04134450413538773, 'val_loss': 30.486112594604492, 'test_ndcg': 0.03973681986694915, 'test_loss': 35.51127243041992} (best epoch 2, best val 0.2760)
[epoch 9] {'epoch': 9, 'train_loss': 3.1389896869659424} (best epoch 2, best val 0.2760)
[epoch 10] {'epoch': 10, 'train_loss': 2.8165781497955322, 'val_ndcg': 0.05020869725851408, 'val_loss': 17.683435440063477, 'test_ndcg': 0.05299258335573179, 'test_loss': 20.462614059448242} (best epoch 2, best val 0.2760)
[epoch 11] {'epoch': 11, 'train_loss': 2.6918039321899414} (best epoch 2, best val 0.2760)
[epoch 12] {'epoch': 12, 'train_loss': 2.6671810150146484, 'val_ndcg': 0.061127620839568006, 'val_loss': 30.048717498779297, 'test_ndcg': 0.05803665109610123, 'test_loss': 35.84878921508789} (best epoch 2, best val 0.2760)
[epoch 13] {'epoch': 13, 'train_loss': 2.739093065261841} (best epoch 2, best val 0.2760)
[epoch 14] {'epoch': 14, 'train_loss': 2.962470293045044, 'val_ndcg': 0.05537167035789823, 'val_loss': 31.31852912902832, 'test_ndcg': 0.04744327226047367, 'test_loss': 37.07538986206055} (best epoch 2, best val 0.2760)
[epoch 15] {'epoch': 15, 'train_loss': 2.9620871543884277} (best epoch 2, best val 0.2760)
[epoch 16] {'epoch': 16, 'train_loss': 2.8878540992736816, 'val_ndcg': 0.12057638129955268, 'val_loss': 13.160398483276367, 'test_ndcg': 0.10706121716744454, 'test_loss': 15.2676420211792} (best epoch 2, best val 0.2760)
[epoch 17] {'epoch': 17, 'train_loss': 2.7738282680511475} (best epoch 2, best val 0.2760)
[epoch 18] {'epoch': 18, 'train_loss': 2.707918882369995, 'val_ndcg': 0.14744072828399005, 'val_loss': 10.177425384521484, 'test_ndcg': 0.12300329228045488, 'test_loss': 11.8810453414917} (best epoch 2, best val 0.2760)
[epoch 19] {'epoch': 19, 'train_loss': 2.6189451217651367} (best epoch 2, best val 0.2760)
[epoch 20] {'epoch': 20, 'train_loss': 2.5140957832336426, 'val_ndcg': 0.12471339760519722, 'val_loss': 12.382144927978516, 'test_ndcg': 0.11118103930068372, 'test_loss': 15.074748039245605} (best epoch 2, best val 0.2760)
[epoch 21] {'epoch': 21, 'train_loss': 2.450138568878174} (best epoch 2, best val 0.2760)
[epoch 22] {'epoch': 22, 'train_loss': 2.392977237701416, 'val_ndcg': 0.1668442691866487, 'val_loss': 12.397841453552246, 'test_ndcg': 0.14049947631128468, 'test_loss': 15.197070121765137} (best epoch 2, best val 0.2760)
[epoch 23] {'epoch': 23, 'train_loss': 2.315500020980835} (best epoch 2, best val 0.2760)
[epoch 24] {'epoch': 24, 'train_loss': 2.280996084213257, 'val_ndcg': 0.17138182026692217, 'val_loss': 12.400432586669922, 'test_ndcg': 0.14362392224785744, 'test_loss': 15.447644233703613} (best epoch 2, best val 0.2760)
[epoch 25] {'epoch': 25, 'train_loss': 2.2819669246673584} (best epoch 2, best val 0.2760)
[epoch 26] {'epoch': 26, 'train_loss': 2.226522207260132, 'val_ndcg': 0.21284091348287246, 'val_loss': 11.17911148071289, 'test_ndcg': 0.1686860780914098, 'test_loss': 14.194363594055176} (best epoch 2, best val 0.2760)
[epoch 27] {'epoch': 27, 'train_loss': 2.341245412826538} (best epoch 2, best val 0.2760)
[epoch 28] {'epoch': 28, 'train_loss': 2.3749842643737793, 'val_ndcg': 0.23134403402725198, 'val_loss': 8.896146774291992, 'test_ndcg': 0.18626713892315636, 'test_loss': 10.812600135803223} (best epoch 2, best val 0.2760)
[epoch 29] {'epoch': 29, 'train_loss': 2.27455997467041} (best epoch 2, best val 0.2760)
[epoch 30] {'epoch': 30, 'train_loss': 2.2599997520446777, 'val_ndcg': 0.1742834360229184, 'val_loss': 11.375582695007324, 'test_ndcg': 0.1386465237919756, 'test_loss': 14.407784461975098} (best epoch 2, best val 0.2760)
[epoch 31] {'epoch': 31, 'train_loss': 2.1854476928710938} (best epoch 2, best val 0.2760)
[epoch 32] {'epoch': 32, 'train_loss': 2.277078628540039, 'val_ndcg': 0.21921181697732284, 'val_loss': 11.748688697814941, 'test_ndcg': 0.1761547847638217, 'test_loss': 14.806519508361816} (best epoch 2, best val 0.2760)
[epoch 33] {'epoch': 33, 'train_loss': 2.3730709552764893} (best epoch 2, best val 0.2760)
[epoch 34] {'epoch': 34, 'train_loss': 2.3909990787506104, 'val_ndcg': 0.2744907561918739, 'val_loss': 9.3113374710083, 'test_ndcg': 0.22960195485091162, 'test_loss': 11.328628540039062} (best epoch 2, best val 0.2760)
[epoch 35] {'epoch': 35, 'train_loss': 2.345183849334717} (best epoch 2, best val 0.2760)
[epoch 36] {'epoch': 36, 'train_loss': 2.2947213649749756, 'val_ndcg': 0.2559969545870579, 'val_loss': 10.122732162475586, 'test_ndcg': 0.21224769140977653, 'test_loss': 12.645919799804688} (best epoch 2, best val 0.2760)
[epoch 37] {'epoch': 37, 'train_loss': 2.2474451065063477} (best epoch 2, best val 0.2760)
[epoch 38] {'epoch': 38, 'train_loss': 2.178140878677368, 'val_ndcg': 0.2784591233758599, 'val_loss': 9.577335357666016, 'test_ndcg': 0.22945616296007612, 'test_loss': 11.980904579162598} (best epoch 38, best val 0.2785)
[epoch 39] {'epoch': 39, 'train_loss': 2.1528420448303223} (best epoch 38, best val 0.2785)
[epoch 40] {'epoch': 40, 'train_loss': 2.134443998336792, 'val_ndcg': 0.3109436315484585, 'val_loss': 8.282838821411133, 'test_ndcg': 0.25334116796041495, 'test_loss': 9.95173454284668} (best epoch 40, best val 0.3109)
[epoch 41] {'epoch': 41, 'train_loss': 2.094663619995117} (best epoch 40, best val 0.3109)
[epoch 42] {'epoch': 42, 'train_loss': 2.0907223224639893, 'val_ndcg': 0.28801515727806826, 'val_loss': 9.01618766784668, 'test_ndcg': 0.226730947328159, 'test_loss': 11.32335376739502} (best epoch 40, best val 0.3109)
[epoch 43] {'epoch': 43, 'train_loss': 2.074028253555298} (best epoch 40, best val 0.3109)
[epoch 44] {'epoch': 44, 'train_loss': 2.070549488067627, 'val_ndcg': 0.28771765792531423, 'val_loss': 8.874730110168457, 'test_ndcg': 0.2309014095130684, 'test_loss': 11.08542537689209} (best epoch 40, best val 0.3109)
[epoch 45] {'epoch': 45, 'train_loss': 2.06838321685791} (best epoch 40, best val 0.3109)
[epoch 46] {'epoch': 46, 'train_loss': 2.0313642024993896, 'val_ndcg': 0.29651373354826427, 'val_loss': 8.149041175842285, 'test_ndcg': 0.25102881162861, 'test_loss': 9.792218208312988} (best epoch 40, best val 0.3109)
[epoch 47] {'epoch': 47, 'train_loss': 2.0509374141693115} (best epoch 40, best val 0.3109)
[epoch 48] {'epoch': 48, 'train_loss': 2.070610761642456, 'val_ndcg': 0.29260985236915904, 'val_loss': 9.023916244506836, 'test_ndcg': 0.23721432084149244, 'test_loss': 11.426666259765625} (best epoch 40, best val 0.3109)
[epoch 49] {'epoch': 49, 'train_loss': 2.024108409881592} (best epoch 40, best val 0.3109)
[epoch 50] {'epoch': 50, 'train_loss': 2.0988330841064453, 'val_ndcg': 0.30335372741520833, 'val_loss': 9.068098068237305, 'test_ndcg': 0.2439512797273706, 'test_loss': 11.414275169372559} (best epoch 40, best val 0.3109)
[epoch 51] {'epoch': 51, 'train_loss': 2.1504242420196533} (best epoch 40, best val 0.3109)
[epoch 52] {'epoch': 52, 'train_loss': 2.0638725757598877, 'val_ndcg': 0.3070831958655012, 'val_loss': 7.828880310058594, 'test_ndcg': 0.2643810745756778, 'test_loss': 9.245949745178223} (best epoch 40, best val 0.3109)
[epoch 53] {'epoch': 53, 'train_loss': 2.116070032119751} (best epoch 40, best val 0.3109)
[epoch 54] {'epoch': 54, 'train_loss': 2.150289535522461, 'val_ndcg': 0.3155145836994905, 'val_loss': 8.146288871765137, 'test_ndcg': 0.265025401938608, 'test_loss': 9.744525909423828} (best epoch 54, best val 0.3155)
[epoch 55] {'epoch': 55, 'train_loss': 2.0250113010406494} (best epoch 54, best val 0.3155)
[epoch 56] {'epoch': 56, 'train_loss': 2.0848190784454346, 'val_ndcg': 0.3243728396379288, 'val_loss': 8.33954906463623, 'test_ndcg': 0.2635290517733895, 'test_loss': 10.203103065490723} (best epoch 56, best val 0.3244)
[epoch 57] {'epoch': 57, 'train_loss': 2.119708776473999} (best epoch 56, best val 0.3244)
[epoch 58] {'epoch': 58, 'train_loss': 2.09086275100708, 'val_ndcg': 0.27604113793697715, 'val_loss': 8.944046020507812, 'test_ndcg': 0.23041058038349516, 'test_loss': 11.549290657043457} (best epoch 56, best val 0.3244)
[epoch 59] {'epoch': 59, 'train_loss': 2.1380584239959717} (best epoch 56, best val 0.3244)
[epoch 60] {'epoch': 60, 'train_loss': 2.2064554691314697, 'val_ndcg': 0.27717979222204037, 'val_loss': 7.937421798706055, 'test_ndcg': 0.2457724510327004, 'test_loss': 9.820626258850098} (best epoch 56, best val 0.3244)
[epoch 61] {'epoch': 61, 'train_loss': 2.2406888008117676} (best epoch 56, best val 0.3244)
[epoch 62] {'epoch': 62, 'train_loss': 2.0366830825805664, 'val_ndcg': 0.3354732113273534, 'val_loss': 8.055524826049805, 'test_ndcg': 0.2768506168063037, 'test_loss': 9.36618423461914} (best epoch 62, best val 0.3355)
[epoch 63] {'epoch': 63, 'train_loss': 2.1125149726867676} (best epoch 62, best val 0.3355)
[epoch 64] {'epoch': 64, 'train_loss': 2.165799140930176, 'val_ndcg': 0.31139753644457047, 'val_loss': 8.150259971618652, 'test_ndcg': 0.24227481332535886, 'test_loss': 9.53243350982666} (best epoch 62, best val 0.3355)
[epoch 65] {'epoch': 65, 'train_loss': 2.112731695175171} (best epoch 62, best val 0.3355)
[epoch 66] {'epoch': 66, 'train_loss': 2.0817625522613525, 'val_ndcg': 0.3132580697033226, 'val_loss': 7.4969587326049805, 'test_ndcg': 0.24791719317340966, 'test_loss': 8.62658977508545} (best epoch 62, best val 0.3355)
[epoch 67] {'epoch': 67, 'train_loss': 2.034217357635498} (best epoch 62, best val 0.3355)
[epoch 68] {'epoch': 68, 'train_loss': 2.039710760116577, 'val_ndcg': 0.3387525076688995, 'val_loss': 7.618233680725098, 'test_ndcg': 0.27197258245497546, 'test_loss': 8.803722381591797} (best epoch 68, best val 0.3388)
[epoch 69] {'epoch': 69, 'train_loss': 1.9997621774673462} (best epoch 68, best val 0.3388)
[epoch 70] {'epoch': 70, 'train_loss': 2.018911123275757, 'val_ndcg': 0.34245837162485127, 'val_loss': 7.665034294128418, 'test_ndcg': 0.27899150423710856, 'test_loss': 8.875843048095703} (best epoch 70, best val 0.3425)
[epoch 71] {'epoch': 71, 'train_loss': 1.981127381324768} (best epoch 70, best val 0.3425)
[epoch 72] {'epoch': 72, 'train_loss': 1.9889163970947266, 'val_ndcg': 0.33741712037230503, 'val_loss': 7.542903423309326, 'test_ndcg': 0.26753161106971807, 'test_loss': 8.790604591369629} (best epoch 70, best val 0.3425)
[epoch 73] {'epoch': 73, 'train_loss': 1.9718458652496338} (best epoch 70, best val 0.3425)
[epoch 74] {'epoch': 74, 'train_loss': 1.9549058675765991, 'val_ndcg': 0.34251826677598957, 'val_loss': 7.860126972198486, 'test_ndcg': 0.2739665363997392, 'test_loss': 9.31256103515625} (best epoch 74, best val 0.3425)
[epoch 75] {'epoch': 75, 'train_loss': 1.9470794200897217} (best epoch 74, best val 0.3425)
[epoch 76] {'epoch': 76, 'train_loss': 1.9666171073913574, 'val_ndcg': 0.35866080426906544, 'val_loss': 7.7739715576171875, 'test_ndcg': 0.29813673323468093, 'test_loss': 9.04770565032959} (best epoch 76, best val 0.3587)
[epoch 77] {'epoch': 77, 'train_loss': 1.9839084148406982} (best epoch 76, best val 0.3587)
[epoch 78] {'epoch': 78, 'train_loss': 1.9899210929870605, 'val_ndcg': 0.3471046979028547, 'val_loss': 7.8541412353515625, 'test_ndcg': 0.28165502261964853, 'test_loss': 9.235179901123047} (best epoch 76, best val 0.3587)
[epoch 79] {'epoch': 79, 'train_loss': 1.9840004444122314} (best epoch 76, best val 0.3587)
[epoch 80] {'epoch': 80, 'train_loss': 1.938001275062561, 'val_ndcg': 0.3304438250723494, 'val_loss': 7.956494331359863, 'test_ndcg': 0.26952229864755156, 'test_loss': 9.360785484313965} (best epoch 76, best val 0.3587)
[epoch 81] {'epoch': 81, 'train_loss': 1.941734790802002} (best epoch 76, best val 0.3587)
[epoch 82] {'epoch': 82, 'train_loss': 1.9346076250076294, 'val_ndcg': 0.35923471080993813, 'val_loss': 7.794485569000244, 'test_ndcg': 0.3004631047257898, 'test_loss': 8.966547966003418} (best epoch 82, best val 0.3592)
[epoch 83] {'epoch': 83, 'train_loss': 1.9513978958129883} (best epoch 82, best val 0.3592)
[epoch 84] {'epoch': 84, 'train_loss': 1.9691511392593384, 'val_ndcg': 0.3295138230959917, 'val_loss': 8.33282470703125, 'test_ndcg': 0.270189012668669, 'test_loss': 9.797837257385254} (best epoch 82, best val 0.3592)
[epoch 85] {'epoch': 85, 'train_loss': 1.9845340251922607} (best epoch 82, best val 0.3592)
[epoch 86] {'epoch': 86, 'train_loss': 1.987149953842163, 'val_ndcg': 0.3219365172102265, 'val_loss': 8.44161319732666, 'test_ndcg': 0.27004219107211375, 'test_loss': 9.928458213806152} (best epoch 82, best val 0.3592)
[epoch 87] {'epoch': 87, 'train_loss': 1.9747061729431152} (best epoch 82, best val 0.3592)
[epoch 88] {'epoch': 88, 'train_loss': 1.9607434272766113, 'val_ndcg': 0.35419140030427765, 'val_loss': 8.01888656616211, 'test_ndcg': 0.2931662365270799, 'test_loss': 9.240069389343262} (best epoch 82, best val 0.3592)
[epoch 89] {'epoch': 89, 'train_loss': 1.946212649345398} (best epoch 82, best val 0.3592)
[epoch 90] {'epoch': 90, 'train_loss': 1.9295058250427246, 'val_ndcg': 0.3314254331407581, 'val_loss': 8.37942123413086, 'test_ndcg': 0.2669660330105109, 'test_loss': 9.922358512878418} (best epoch 82, best val 0.3592)
[epoch 91] {'epoch': 91, 'train_loss': 1.9132277965545654} (best epoch 82, best val 0.3592)
[epoch 92] {'epoch': 92, 'train_loss': 1.9343736171722412, 'val_ndcg': 0.327060028443266, 'val_loss': 8.382234573364258, 'test_ndcg': 0.26716081238380945, 'test_loss': 9.831121444702148} (best epoch 82, best val 0.3592)
[epoch 93] {'epoch': 93, 'train_loss': 1.9555870294570923} (best epoch 82, best val 0.3592)
[epoch 94] {'epoch': 94, 'train_loss': 1.9645785093307495, 'val_ndcg': 0.3548171019259501, 'val_loss': 7.852566719055176, 'test_ndcg': 0.2962369989672872, 'test_loss': 9.000712394714355} (best epoch 82, best val 0.3592)
[epoch 95] {'epoch': 95, 'train_loss': 1.9385960102081299} (best epoch 82, best val 0.3592)
[epoch 96] {'epoch': 96, 'train_loss': 1.9377902746200562, 'val_ndcg': 0.34582107100368226, 'val_loss': 7.981936454772949, 'test_ndcg': 0.2778530383681001, 'test_loss': 9.416533470153809} (best epoch 82, best val 0.3592)
[epoch 97] {'epoch': 97, 'train_loss': 1.937412977218628} (best epoch 82, best val 0.3592)
[epoch 98] {'epoch': 98, 'train_loss': 1.9303761720657349, 'val_ndcg': 0.35616824480302905, 'val_loss': 7.87317419052124, 'test_ndcg': 0.28586828547061793, 'test_loss': 9.16913890838623} (best epoch 82, best val 0.3592)
[epoch 99] {'epoch': 99, 'train_loss': 1.9149072170257568} (best epoch 82, best val 0.3592)
[epoch 100] {'epoch': 100, 'train_loss': 1.8978902101516724, 'val_ndcg': 0.38247405607051244, 'val_loss': 7.58250617980957, 'test_ndcg': 0.32258090138704126, 'test_loss': 8.536812782287598} (best epoch 100, best val 0.3825)
[epoch 101] {'epoch': 101, 'train_loss': 1.9185231924057007} (best epoch 100, best val 0.3825)
[epoch 102] {'epoch': 102, 'train_loss': 1.9378864765167236, 'val_ndcg': 0.3532613423419071, 'val_loss': 7.881968021392822, 'test_ndcg': 0.2895911986699436, 'test_loss': 9.042670249938965} (best epoch 100, best val 0.3825)
[epoch 103] {'epoch': 103, 'train_loss': 1.9309892654418945} (best epoch 100, best val 0.3825)
[epoch 104] {'epoch': 104, 'train_loss': 1.9026895761489868, 'val_ndcg': 0.35081412216867464, 'val_loss': 7.831408500671387, 'test_ndcg': 0.28600788595775756, 'test_loss': 8.959565162658691} (best epoch 100, best val 0.3825)
[epoch 105] {'epoch': 105, 'train_loss': 1.8974884748458862} (best epoch 100, best val 0.3825)
[epoch 106] {'epoch': 106, 'train_loss': 1.8830440044403076, 'val_ndcg': 0.3813357583836694, 'val_loss': 7.659444808959961, 'test_ndcg': 0.30922274801271876, 'test_loss': 8.657840728759766} (best epoch 100, best val 0.3825)
[epoch 107] {'epoch': 107, 'train_loss': 1.9000993967056274} (best epoch 100, best val 0.3825)
[epoch 108] {'epoch': 108, 'train_loss': 1.9158531427383423, 'val_ndcg': 0.36389262428448216, 'val_loss': 7.791351318359375, 'test_ndcg': 0.2961412443763896, 'test_loss': 8.86044692993164} (best epoch 100, best val 0.3825)
[epoch 109] {'epoch': 109, 'train_loss': 1.8754366636276245} (best epoch 100, best val 0.3825)
[epoch 110] {'epoch': 110, 'train_loss': 1.890763282775879, 'val_ndcg': 0.3446093703840886, 'val_loss': 7.745981693267822, 'test_ndcg': 0.28681629658605307, 'test_loss': 8.775195121765137} (best epoch 100, best val 0.3825)
[epoch 111] {'epoch': 111, 'train_loss': 1.9212791919708252} (best epoch 100, best val 0.3825)
[epoch 112] {'epoch': 112, 'train_loss': 1.8787033557891846, 'val_ndcg': 0.36186743061736837, 'val_loss': 7.898558616638184, 'test_ndcg': 0.300280048409269, 'test_loss': 9.026487350463867} (best epoch 100, best val 0.3825)
[epoch 113] {'epoch': 113, 'train_loss': 1.9127309322357178} (best epoch 100, best val 0.3825)
[epoch 114] {'epoch': 114, 'train_loss': 1.9490931034088135, 'val_ndcg': 0.3748883764784832, 'val_loss': 7.735689163208008, 'test_ndcg': 0.31262520035431374, 'test_loss': 8.768318176269531} (best epoch 100, best val 0.3825)
[epoch 115] {'epoch': 115, 'train_loss': 1.8971564769744873} (best epoch 100, best val 0.3825)
[epoch 116] {'epoch': 116, 'train_loss': 1.8932716846466064, 'val_ndcg': 0.3447623410224333, 'val_loss': 7.888042449951172, 'test_ndcg': 0.2743925862956593, 'test_loss': 9.016341209411621} (best epoch 100, best val 0.3825)
[epoch 117] {'epoch': 117, 'train_loss': 1.896396517753601} (best epoch 100, best val 0.3825)
[epoch 118] {'epoch': 118, 'train_loss': 1.8774348497390747, 'val_ndcg': 0.35986411695572257, 'val_loss': 7.7294535636901855, 'test_ndcg': 0.2997516954115648, 'test_loss': 8.68529987335205} (best epoch 100, best val 0.3825)
[epoch 119] {'epoch': 119, 'train_loss': 1.892578125} (best epoch 100, best val 0.3825)
[epoch 120] {'epoch': 120, 'train_loss': 1.897497296333313, 'val_ndcg': 0.35394144211295575, 'val_loss': 7.888577461242676, 'test_ndcg': 0.29135302337785585, 'test_loss': 8.939019203186035} (best epoch 100, best val 0.3825)
[epoch 121] {'epoch': 121, 'train_loss': 1.8852195739746094} (best epoch 100, best val 0.3825)
[epoch 122] {'epoch': 122, 'train_loss': 1.8713957071304321, 'val_ndcg': 0.37175384644318277, 'val_loss': 7.719920635223389, 'test_ndcg': 0.3104804322336689, 'test_loss': 8.695919036865234} (best epoch 100, best val 0.3825)
[epoch 123] {'epoch': 123, 'train_loss': 1.8758009672164917} (best epoch 100, best val 0.3825)
[epoch 124] {'epoch': 124, 'train_loss': 1.8821096420288086, 'val_ndcg': 0.36583455292900624, 'val_loss': 7.846807956695557, 'test_ndcg': 0.29498138561385145, 'test_loss': 8.929112434387207} (best epoch 100, best val 0.3825)
[epoch 125] {'epoch': 125, 'train_loss': 1.8577148914337158} (best epoch 100, best val 0.3825)
[epoch 126] {'epoch': 126, 'train_loss': 1.8636293411254883, 'val_ndcg': 0.3627352191149362, 'val_loss': 7.75745153427124, 'test_ndcg': 0.2986844193170561, 'test_loss': 8.715228080749512} (best epoch 100, best val 0.3825)
[epoch 127] {'epoch': 127, 'train_loss': 1.891298770904541} (best epoch 100, best val 0.3825)
[epoch 128] {'epoch': 128, 'train_loss': 1.893311858177185, 'val_ndcg': 0.34791901928921476, 'val_loss': 7.9835710525512695, 'test_ndcg': 0.28489679188753625, 'test_loss': 9.063191413879395} (best epoch 100, best val 0.3825)
[epoch 129] {'epoch': 129, 'train_loss': 1.8758857250213623} (best epoch 100, best val 0.3825)
[epoch 130] {'epoch': 130, 'train_loss': 1.863020658493042, 'val_ndcg': 0.366817881034055, 'val_loss': 7.85292911529541, 'test_ndcg': 0.2995418563307889, 'test_loss': 8.86663818359375} (best epoch 100, best val 0.3825)
[epoch 131] {'epoch': 131, 'train_loss': 1.8677693605422974} (best epoch 100, best val 0.3825)
[epoch 132] {'epoch': 132, 'train_loss': 1.8742899894714355, 'val_ndcg': 0.36096062099471526, 'val_loss': 8.002588272094727, 'test_ndcg': 0.2904211936754296, 'test_loss': 9.123026847839355} (best epoch 100, best val 0.3825)
[epoch 133] {'epoch': 133, 'train_loss': 1.8562308549880981} (best epoch 100, best val 0.3825)
[epoch 134] {'epoch': 134, 'train_loss': 1.851828932762146, 'val_ndcg': 0.36780101830734346, 'val_loss': 7.845633029937744, 'test_ndcg': 0.30572452726974847, 'test_loss': 8.834380149841309} (best epoch 100, best val 0.3825)
[epoch 135] {'epoch': 135, 'train_loss': 1.8703868389129639} (best epoch 100, best val 0.3825)
[epoch 136] {'epoch': 136, 'train_loss': 1.8673032522201538, 'val_ndcg': 0.3516831376800431, 'val_loss': 8.101609230041504, 'test_ndcg': 0.2868630698566368, 'test_loss': 9.230003356933594} (best epoch 100, best val 0.3825)
[epoch 137] {'epoch': 137, 'train_loss': 1.8591458797454834} (best epoch 100, best val 0.3825)
[epoch 138] {'epoch': 138, 'train_loss': 1.8541615009307861, 'val_ndcg': 0.3628885767282196, 'val_loss': 7.99155330657959, 'test_ndcg': 0.2983292789240997, 'test_loss': 9.025537490844727} (best epoch 100, best val 0.3825)
[epoch 139] {'epoch': 139, 'train_loss': 1.8517661094665527} (best epoch 100, best val 0.3825)
[epoch 140] {'epoch': 140, 'train_loss': 1.85023033618927, 'val_ndcg': 0.35352686081021567, 'val_loss': 8.134160041809082, 'test_ndcg': 0.2882537645741478, 'test_loss': 9.267441749572754} (best epoch 100, best val 0.3825)
[epoch 141] {'epoch': 141, 'train_loss': 1.8485487699508667} (best epoch 100, best val 0.3825)
[epoch 142] {'epoch': 142, 'train_loss': 1.8466522693634033, 'val_ndcg': 0.36541858470213107, 'val_loss': 7.939380645751953, 'test_ndcg': 0.30076785703009806, 'test_loss': 8.943156242370605} (best epoch 100, best val 0.3825)
[epoch 143] {'epoch': 143, 'train_loss': 1.8446835279464722} (best epoch 100, best val 0.3825)
[epoch 144] {'epoch': 144, 'train_loss': 1.8424113988876343, 'val_ndcg': 0.3489979941174465, 'val_loss': 8.141359329223633, 'test_ndcg': 0.2858225940907741, 'test_loss': 9.280092239379883} (best epoch 100, best val 0.3825)
[epoch 145] {'epoch': 145, 'train_loss': 1.8415250778198242} (best epoch 100, best val 0.3825)
[epoch 146] {'epoch': 146, 'train_loss': 1.841546654701233, 'val_ndcg': 0.3636141594912237, 'val_loss': 8.035531997680664, 'test_ndcg': 0.29909290258758814, 'test_loss': 9.08781909942627} (best epoch 100, best val 0.3825)
[epoch 147] {'epoch': 147, 'train_loss': 1.839579701423645} (best epoch 100, best val 0.3825)
[epoch 148] {'epoch': 148, 'train_loss': 1.836523175239563, 'val_ndcg': 0.35080479032937156, 'val_loss': 8.216737747192383, 'test_ndcg': 0.2832589555785447, 'test_loss': 9.382431983947754} (best epoch 100, best val 0.3825)
[epoch 149] {'epoch': 149, 'train_loss': 1.8348652124404907} (best epoch 100, best val 0.3825)
[epoch 150] {'epoch': 150, 'train_loss': 1.8359776735305786, 'val_ndcg': 0.36420562645029836, 'val_loss': 8.068436622619629, 'test_ndcg': 0.2972618466479248, 'test_loss': 9.110879898071289} (best epoch 100, best val 0.3825)
[epoch 151] {'epoch': 151, 'train_loss': 1.8358798027038574} (best epoch 100, best val 0.3825)
[epoch 152] {'epoch': 152, 'train_loss': 1.8342007398605347, 'val_ndcg': 0.3469764786185954, 'val_loss': 8.288764953613281, 'test_ndcg': 0.28241313984702526, 'test_loss': 9.470536231994629} (best epoch 100, best val 0.3825)
[epoch 153] {'epoch': 153, 'train_loss': 1.8319271802902222} (best epoch 100, best val 0.3825)
[epoch 154] {'epoch': 154, 'train_loss': 1.8309322595596313, 'val_ndcg': 0.3603480109728087, 'val_loss': 8.177379608154297, 'test_ndcg': 0.2906326057572572, 'test_loss': 9.263537406921387} (best epoch 100, best val 0.3825)
[epoch 155] {'epoch': 155, 'train_loss': 1.8305466175079346} (best epoch 100, best val 0.3825)
[epoch 156] {'epoch': 156, 'train_loss': 1.830926775932312, 'val_ndcg': 0.34544449249913434, 'val_loss': 8.363443374633789, 'test_ndcg': 0.27706676299264327, 'test_loss': 9.568293571472168} (best epoch 100, best val 0.3825)
[epoch 157] {'epoch': 157, 'train_loss': 1.8298585414886475} (best epoch 100, best val 0.3825)
[epoch 158] {'epoch': 158, 'train_loss': 1.828433632850647, 'val_ndcg': 0.3585326165802777, 'val_loss': 8.204261779785156, 'test_ndcg': 0.292093978055953, 'test_loss': 9.291423797607422} (best epoch 100, best val 0.3825)
[epoch 159] {'epoch': 159, 'train_loss': 1.827073335647583} (best epoch 100, best val 0.3825)
[epoch 160] {'epoch': 160, 'train_loss': 1.8274400234222412, 'val_ndcg': 0.34218893791983734, 'val_loss': 8.413017272949219, 'test_ndcg': 0.28070594463805265, 'test_loss': 9.627720832824707, 'early_stopped': True} (early stop; best epoch 100)
seed 46: val=0.3982 test=0.3310 best_epoch=100 (25.9 min)
[epoch 1] {'epoch': 1, 'train_loss': 5.567193031311035} (best epoch -1, best val -inf)
[epoch 2] {'epoch': 2, 'train_loss': 6.061108589172363, 'val_ndcg': 0.1820576969773635, 'val_loss': 67.1219482421875, 'test_ndcg': 0.19071352105993467, 'test_loss': 89.36104583740234} (best epoch 2, best val 0.1821)
[epoch 3] {'epoch': 3, 'train_loss': 4.250969409942627} (best epoch 2, best val 0.1821)
[epoch 4] {'epoch': 4, 'train_loss': 4.06805944442749, 'val_ndcg': 0.17063538568533676, 'val_loss': 28.245447158813477, 'test_ndcg': 0.14825418358470754, 'test_loss': 30.669931411743164} (best epoch 2, best val 0.1821)
[epoch 5] {'epoch': 5, 'train_loss': 3.182743549346924} (best epoch 2, best val 0.1821)
[epoch 6] {'epoch': 6, 'train_loss': 2.9617724418640137, 'val_ndcg': 0.32427110495632366, 'val_loss': 10.745161056518555, 'test_ndcg': 0.29771639890757057, 'test_loss': 11.617088317871094} (best epoch 6, best val 0.3243)
[epoch 7] {'epoch': 7, 'train_loss': 2.829578161239624} (best epoch 6, best val 0.3243)
[epoch 8] {'epoch': 8, 'train_loss': 2.6190874576568604, 'val_ndcg': 0.3538269334349333, 'val_loss': 6.501656532287598, 'test_ndcg': 0.3203230460217387, 'test_loss': 6.739724636077881} (best epoch 8, best val 0.3538)
[epoch 9] {'epoch': 9, 'train_loss': 2.5688397884368896} (best epoch 8, best val 0.3538)
[epoch 10] {'epoch': 10, 'train_loss': 2.4591197967529297, 'val_ndcg': 0.37994557689574404, 'val_loss': 6.232850074768066, 'test_ndcg': 0.34594566269248933, 'test_loss': 6.287534713745117} (best epoch 10, best val 0.3799)
[epoch 11] {'epoch': 11, 'train_loss': 2.3984224796295166} (best epoch 10, best val 0.3799)
[epoch 12] {'epoch': 12, 'train_loss': 2.349965810775757, 'val_ndcg': 0.3892729457071737, 'val_loss': 6.218347072601318, 'test_ndcg': 0.3531661330027458, 'test_loss': 6.349404811859131} (best epoch 12, best val 0.3893)
[epoch 13] {'epoch': 13, 'train_loss': 2.288447856903076} (best epoch 12, best val 0.3893)
[epoch 14] {'epoch': 14, 'train_loss': 2.2538719177246094, 'val_ndcg': 0.3882878895036658, 'val_loss': 6.463716983795166, 'test_ndcg': 0.351661702750842, 'test_loss': 6.715593338012695} (best epoch 12, best val 0.3893)
[epoch 15] {'epoch': 15, 'train_loss': 2.2154324054718018} (best epoch 12, best val 0.3893)
[epoch 16] {'epoch': 16, 'train_loss': 2.1896090507507324, 'val_ndcg': 0.38354194093669824, 'val_loss': 6.783342361450195, 'test_ndcg': 0.35191620281631125, 'test_loss': 7.210378170013428} (best epoch 12, best val 0.3893)
[epoch 17] {'epoch': 17, 'train_loss': 2.1657485961914062} (best epoch 12, best val 0.3893)
[epoch 18] {'epoch': 18, 'train_loss': 2.143113613128662, 'val_ndcg': 0.3810271465607272, 'val_loss': 6.998452186584473, 'test_ndcg': 0.35683209124129006, 'test_loss': 7.64154577255249} (best epoch 12, best val 0.3893)
[epoch 19] {'epoch': 19, 'train_loss': 2.1212868690490723} (best epoch 12, best val 0.3893)
[epoch 20] {'epoch': 20, 'train_loss': 2.1025161743164062, 'val_ndcg': 0.3876170670764298, 'val_loss': 7.225435256958008, 'test_ndcg': 0.3552624777385416, 'test_loss': 7.985755920410156} (best epoch 12, best val 0.3893)
[epoch 21] {'epoch': 21, 'train_loss': 2.0915815830230713} (best epoch 12, best val 0.3893)
[epoch 22] {'epoch': 22, 'train_loss': 2.0773773193359375, 'val_ndcg': 0.38412553299185814, 'val_loss': 7.472568035125732, 'test_ndcg': 0.3566866463065263, 'test_loss': 8.323861122131348} (best epoch 12, best val 0.3893)
[epoch 23] {'epoch': 23, 'train_loss': 2.05889892578125} (best epoch 12, best val 0.3893)
[epoch 24] {'epoch': 24, 'train_loss': 2.0481278896331787, 'val_ndcg': 0.386582909562226, 'val_loss': 7.825364112854004, 'test_ndcg': 0.3517687175169984, 'test_loss': 8.611214637756348} (best epoch 12, best val 0.3893)
[epoch 25] {'epoch': 25, 'train_loss': 2.035027265548706} (best epoch 12, best val 0.3893)
[epoch 26] {'epoch': 26, 'train_loss': 2.0261685848236084, 'val_ndcg': 0.38029992954537417, 'val_loss': 8.11523151397705, 'test_ndcg': 0.34096514436895387, 'test_loss': 8.856297492980957} (best epoch 12, best val 0.3893)
[epoch 27] {'epoch': 27, 'train_loss': 2.0156519412994385} (best epoch 12, best val 0.3893)
[epoch 28] {'epoch': 28, 'train_loss': 2.0112743377685547, 'val_ndcg': 0.3810875217675485, 'val_loss': 8.310192108154297, 'test_ndcg': 0.35419281570640765, 'test_loss': 9.07738971710205} (best epoch 12, best val 0.3893)
[epoch 29] {'epoch': 29, 'train_loss': 2.0107221603393555} (best epoch 12, best val 0.3893)
[epoch 30] {'epoch': 30, 'train_loss': 2.0022494792938232, 'val_ndcg': 0.36503620527499003, 'val_loss': 8.514113426208496, 'test_ndcg': 0.34194618837021545, 'test_loss': 9.264543533325195} (best epoch 12, best val 0.3893)
[epoch 31] {'epoch': 31, 'train_loss': 1.9824092388153076} (best epoch 12, best val 0.3893)
[epoch 32] {'epoch': 32, 'train_loss': 1.9730194807052612, 'val_ndcg': 0.33691910570041694, 'val_loss': 8.583508491516113, 'test_ndcg': 0.3115399655966957, 'test_loss': 9.32604694366455} (best epoch 12, best val 0.3893)
[epoch 33] {'epoch': 33, 'train_loss': 1.9725760221481323} (best epoch 12, best val 0.3893)
[epoch 34] {'epoch': 34, 'train_loss': 1.9675933122634888, 'val_ndcg': 0.3485234751968675, 'val_loss': 8.73166561126709, 'test_ndcg': 0.3204122252465504, 'test_loss': 9.491320610046387} (best epoch 12, best val 0.3893)
[epoch 35] {'epoch': 35, 'train_loss': 1.9529019594192505} (best epoch 12, best val 0.3893)
[epoch 36] {'epoch': 36, 'train_loss': 1.9502182006835938, 'val_ndcg': 0.36002428022953165, 'val_loss': 8.921451568603516, 'test_ndcg': 0.32506529632733666, 'test_loss': 9.75103759765625} (best epoch 12, best val 0.3893)
[epoch 37] {'epoch': 37, 'train_loss': 1.9508486986160278} (best epoch 12, best val 0.3893)
[epoch 38] {'epoch': 38, 'train_loss': 1.9382526874542236, 'val_ndcg': 0.3425522276182457, 'val_loss': 8.89874267578125, 'test_ndcg': 0.31044452177452503, 'test_loss': 9.776259422302246} (best epoch 12, best val 0.3893)
[epoch 39] {'epoch': 39, 'train_loss': 1.932874321937561} (best epoch 12, best val 0.3893)
[epoch 40] {'epoch': 40, 'train_loss': 1.9325109720230103, 'val_ndcg': 0.3407289547504765, 'val_loss': 8.943665504455566, 'test_ndcg': 0.3067712470732252, 'test_loss': 9.865962028503418} (best epoch 12, best val 0.3893)
[epoch 41] {'epoch': 41, 'train_loss': 1.925474762916565} (best epoch 12, best val 0.3893)
[epoch 42] {'epoch': 42, 'train_loss': 1.9185253381729126, 'val_ndcg': 0.34959184398109205, 'val_loss': 9.152935981750488, 'test_ndcg': 0.31217006285818066, 'test_loss': 10.127530097961426} (best epoch 12, best val 0.3893)
[epoch 43] {'epoch': 43, 'train_loss': 1.9180384874343872} (best epoch 12, best val 0.3893)
[epoch 44] {'epoch': 44, 'train_loss': 1.9135775566101074, 'val_ndcg': 0.3389528912096791, 'val_loss': 9.134092330932617, 'test_ndcg': 0.3071914466922602, 'test_loss': 10.144137382507324} (best epoch 12, best val 0.3893)
[epoch 45] {'epoch': 45, 'train_loss': 1.9068127870559692} (best epoch 12, best val 0.3893)
[epoch 46] {'epoch': 46, 'train_loss': 1.9063509702682495, 'val_ndcg': 0.33046368102937285, 'val_loss': 9.156562805175781, 'test_ndcg': 0.30338960718195823, 'test_loss': 10.167500495910645} (best epoch 12, best val 0.3893)
[epoch 47] {'epoch': 47, 'train_loss': 1.9057879447937012} (best epoch 12, best val 0.3893)
[epoch 48] {'epoch': 48, 'train_loss': 1.8973673582077026, 'val_ndcg': 0.3366628760037921, 'val_loss': 9.341836929321289, 'test_ndcg': 0.30261086365602813, 'test_loss': 10.407820701599121} (best epoch 12, best val 0.3893)
[epoch 49] {'epoch': 49, 'train_loss': 1.8950470685958862} (best epoch 12, best val 0.3893)
[epoch 50] {'epoch': 50, 'train_loss': 1.8953843116760254, 'val_ndcg': 0.3368401754184162, 'val_loss': 9.35891342163086, 'test_ndcg': 0.2990175950805625, 'test_loss': 10.4349946975708} (best epoch 12, best val 0.3893)
[epoch 51] {'epoch': 51, 'train_loss': 1.8871655464172363} (best epoch 12, best val 0.3893)
[epoch 52] {'epoch': 52, 'train_loss': 1.8868677616119385, 'val_ndcg': 0.3354514035926851, 'val_loss': 9.338552474975586, 'test_ndcg': 0.29790994080044836, 'test_loss': 10.444010734558105} (best epoch 12, best val 0.3893)
[epoch 53] {'epoch': 53, 'train_loss': 1.8854916095733643} (best epoch 12, best val 0.3893)
[epoch 54] {'epoch': 54, 'train_loss': 1.8803547620773315, 'val_ndcg': 0.3360222112598355, 'val_loss': 9.516297340393066, 'test_ndcg': 0.29970691687183915, 'test_loss': 10.690642356872559} (best epoch 12, best val 0.3893)
[epoch 55] {'epoch': 55, 'train_loss': 1.8808139562606812} (best epoch 12, best val 0.3893)
[epoch 56] {'epoch': 56, 'train_loss': 1.883034110069275, 'val_ndcg': 0.3271644688654086, 'val_loss': 9.51327133178711, 'test_ndcg': 0.29141812008729023, 'test_loss': 10.745220184326172} (best epoch 12, best val 0.3893)
[epoch 57] {'epoch': 57, 'train_loss': 1.8846851587295532} (best epoch 12, best val 0.3893)
[epoch 58] {'epoch': 58, 'train_loss': 1.8882594108581543, 'val_ndcg': 0.3222770410807803, 'val_loss': 9.413185119628906, 'test_ndcg': 0.28686320714352753, 'test_loss': 10.644373893737793} (best epoch 12, best val 0.3893)
[epoch 59] {'epoch': 59, 'train_loss': 1.8887441158294678} (best epoch 12, best val 0.3893)
[epoch 60] {'epoch': 60, 'train_loss': 1.8800280094146729, 'val_ndcg': 0.32992633587751885, 'val_loss': 9.607038497924805, 'test_ndcg': 0.28137050990580376, 'test_loss': 10.915267944335938} (best epoch 12, best val 0.3893)
[epoch 61] {'epoch': 61, 'train_loss': 1.8781812191009521} (best epoch 12, best val 0.3893)
[epoch 62] {'epoch': 62, 'train_loss': 1.8768644332885742, 'val_ndcg': 0.3443327556550623, 'val_loss': 9.493324279785156, 'test_ndcg': 0.29791577293634286, 'test_loss': 10.683540344238281} (best epoch 12, best val 0.3893)
[epoch 63] {'epoch': 63, 'train_loss': 1.866189956665039} (best epoch 12, best val 0.3893)
[epoch 64] {'epoch': 64, 'train_loss': 1.8722927570343018, 'val_ndcg': 0.33784502535139443, 'val_loss': 9.379292488098145, 'test_ndcg': 0.29406742792523793, 'test_loss': 10.54586410522461} (best epoch 12, best val 0.3893)
[epoch 65] {'epoch': 65, 'train_loss': 1.8660775423049927} (best epoch 12, best val 0.3893)
[epoch 66] {'epoch': 66, 'train_loss': 1.860505223274231, 'val_ndcg': 0.34080254155311374, 'val_loss': 9.418965339660645, 'test_ndcg': 0.29056377131128114, 'test_loss': 10.620893478393555} (best epoch 12, best val 0.3893)
[epoch 67] {'epoch': 67, 'train_loss': 1.8654130697250366} (best epoch 12, best val 0.3893)
[epoch 68] {'epoch': 68, 'train_loss': 1.8576987981796265, 'val_ndcg': 0.34330826081516125, 'val_loss': 9.29344367980957, 'test_ndcg': 0.2961317151946455, 'test_loss': 10.425018310546875} (best epoch 12, best val 0.3893)
[epoch 69] {'epoch': 69, 'train_loss': 1.8581342697143555} (best epoch 12, best val 0.3893)
[epoch 70] {'epoch': 70, 'train_loss': 1.855430006980896, 'val_ndcg': 0.34973651907373693, 'val_loss': 9.409952163696289, 'test_ndcg': 0.2936018011070474, 'test_loss': 10.581119537353516} (best epoch 12, best val 0.3893)
[epoch 71] {'epoch': 71, 'train_loss': 1.8534018993377686} (best epoch 12, best val 0.3893)
[epoch 72] {'epoch': 72, 'train_loss': 1.8520957231521606, 'val_ndcg': 0.3460510288705977, 'val_loss': 9.369146347045898, 'test_ndcg': 0.2954252424887203, 'test_loss': 10.503397941589355} (best epoch 12, best val 0.3893)
[epoch 73] {'epoch': 73, 'train_loss': 1.8499937057495117} (best epoch 12, best val 0.3893)
[epoch 74] {'epoch': 74, 'train_loss': 1.8492270708084106, 'val_ndcg': 0.34140987999379974, 'val_loss': 9.337531089782715, 'test_ndcg': 0.2960094148764841, 'test_loss': 10.49570083618164} (best epoch 12, best val 0.3893)
[epoch 75] {'epoch': 75, 'train_loss': 1.8478457927703857} (best epoch 12, best val 0.3893)
[epoch 76] {'epoch': 76, 'train_loss': 1.849603295326233, 'val_ndcg': 0.34916461461520976, 'val_loss': 9.386028289794922, 'test_ndcg': 0.3017665740209241, 'test_loss': 10.539937019348145} (best epoch 12, best val 0.3893)
[epoch 77] {'epoch': 77, 'train_loss': 1.8485780954360962} (best epoch 12, best val 0.3893)
[epoch 78] {'epoch': 78, 'train_loss': 1.852508544921875, 'val_ndcg': 0.34974029046806676, 'val_loss': 9.381258964538574, 'test_ndcg': 0.30935617723289727, 'test_loss': 10.50961685180664} (best epoch 12, best val 0.3893)
[epoch 79] {'epoch': 79, 'train_loss': 1.8490147590637207} (best epoch 12, best val 0.3893)
[epoch 80] {'epoch': 80, 'train_loss': 1.8441905975341797, 'val_ndcg': 0.34024920038568196, 'val_loss': 9.484058380126953, 'test_ndcg': 0.2951717538425774, 'test_loss': 10.687176704406738, 'early_stopped': True} (early stop; best epoch 12)
seed 47: val=0.3909 test=0.3566 best_epoch=12 (13.2 min)

== summary ==
 seed  val_ndcg  test_ndcg  best_epoch  n_params   minutes
   43  0.398884   0.362391          18    736855 13.153302
   44  0.391194   0.352374          12    736855 13.145000
   45  0.394264   0.350535          16    736855 13.095988
   46  0.398213   0.331019         100    736855 25.886307
   47  0.390856   0.356618          12    736855 13.204818
test NDCG mean±std: 0.3506 ± 0.0119
saved to results/leakfree_nodeprop/trade_faithful_paper.csv
