reserved 20976 MiB of GPU memory on cuda:0 in the caching allocator (requested 20976; now reserved 20980 MiB)
device=cuda:0 sha=09c27e8f3879 config={'dataset': 'thgl-forum', 'seed': 46, 'model': 'faithful', 'feedback_dim': 16, 'no_memory_readout': False, 'sheaf_conditioning': 'history', 'epochs': 4, 'patience': 3, 'min_epochs': 2, 'time_window': 600.0, 'context_edges': 50000, 'train_edges_cap': 4000000, 'val_edges_cap': None, 'test_edges_cap': None, 'track_val_edges': 20000, 'train_loss': 'softplus', 'learn_node_emb': False, 'emb_in_head': False, 'node_type_emb': True, 'predict_from_previous': True, 'reserve_gpu_mb': None, 'delta_time_scale': 'auto', 'sheaf_identity': True, 'no_delta_t': False, 'no_memory': False, 'recurrency_symmetric': False, 'recurrency_untyped': False, 'cache_warm_history': False, 'recurrency_decoder': False, 'relation_in_input': True, 'no_dst_range': False, 'd': 2, 'layers': 2, 'hidden_channels': 8, 'temporal_d_model': 64, 'closure_hops': 1, 'train_negatives_per_pos': 32, 'candidate_chunk_size': 1024, 'max_score_elements': 4000000, 'bptt_steps': 1, 'lr': 0.001, 'weight_decay': 0.0, 'grad_clip': 1.0, 'skip_final_eval': False, 'save_checkpoint': True, 'eval_only': None, 'out': 'results/event_bench/leakfree2/forum_norec_identity_s46'}
split_source=official_tgb_masks
destination_range=None
snapshots: train=740 (edges=4000000) track_val=3 final_val=687 final_test=625 | prep_sec=9.3
negative-sample sets loaded in 38.8s
node_types: present
delta_time_scale=600 (Delta_k is measured in units of the median training inter-snapshot gap)
protocol: predict-from-previous-state (leak-free) for training and evaluation
parameter_count=630142 num_relations=2 num_nodes=152816
[epoch 1/4] {'epoch': 1, 'train_loss': 0.16308235742040836, 'track_val_mrr': 0.3383564528167248, 'track_val_loss': 0.3945257365703583, 'train_sec': 4964.4, 'track_eval_sec': 4878.6, 'peak_gpu_mem_mb': 16638.4}
[epoch 2/4] {'epoch': 2, 'train_loss': 0.14395024291717312, 'track_val_mrr': 0.2673448922932148, 'track_val_loss': 0.3662944734096527, 'train_sec': 4954.2, 'track_eval_sec': 4906.7, 'peak_gpu_mem_mb': 20088.1}
[epoch 3/4] {'epoch': 3, 'train_loss': 0.1424281660149804, 'track_val_mrr': 0.11409452261999249, 'track_val_loss': 0.736656904220581, 'train_sec': 4953.1, 'track_eval_sec': 4907.6, 'peak_gpu_mem_mb': 20088.1}
[epoch 4/4] {'epoch': 4, 'train_loss': 0.1420989745827102, 'track_val_mrr': 0.26320889532864095, 'track_val_loss': 0.364153116941452, 'train_sec': 4955.7, 'track_eval_sec': 4950.8, 'peak_gpu_mem_mb': 20088.1}
early stop at epoch 4 (patience 3)
checkpoint saved: results/event_bench/leakfree2/forum_norec_identity_s46/best.pt
final val_mrr=0.3414 (9389.9s so far)
FINAL val_mrr=0.3414 test_mrr=0.3325 test_hits10=0.5274 eval_sec=13654.8
{
  "dataset": "thgl-forum",
  "model": "FaithfulEventTemporalSheaf",
  "seed": 46,
  "epochs": 4,
  "best_track_epoch": 1,
  "best_track_val_mrr": 0.3383564528167248,
  "parameter_count": 630142,
  "commit_hash": "09c27e8f3879cb2cebf51a3f945374c3edfeb766",
  "train_edges": 4000000,
  "final_val_edges": 3563658,
  "final_test_edges": 3563653,
  "validation_mrr": 0.3414231625868361,
  "test_mrr": 0.33245494360327865,
  "final_val_loss": 0.4093030095100403,
  "final_test_loss": 0.42877906560897827,
  "final_eval_sec": 13654.8,
  "final_eval_peak_gpu_mem_mb": 3917.1,
  "test_hits10": 0.5273900141969372
}
