reserved 14976 MiB of GPU memory on cuda:0 in the caching allocator (requested 14976; now reserved 14980 MiB)
device=cuda:0 sha=09c27e8f3879 config={'dataset': 'thgl-forum', 'seed': 43, 'model': 'faithful', 'feedback_dim': 16, 'no_memory_readout': False, 'sheaf_conditioning': 'history', 'epochs': 4, 'patience': 3, 'min_epochs': 2, 'time_window': 600.0, 'context_edges': 50000, 'train_edges_cap': 4000000, 'val_edges_cap': None, 'test_edges_cap': None, 'track_val_edges': 20000, 'train_loss': 'softplus', 'learn_node_emb': False, 'emb_in_head': False, 'node_type_emb': True, 'predict_from_previous': True, 'reserve_gpu_mb': None, 'delta_time_scale': 'auto', 'sheaf_identity': False, 'no_delta_t': False, 'no_memory': True, 'recurrency_symmetric': False, 'recurrency_untyped': False, 'cache_warm_history': False, 'recurrency_decoder': False, 'relation_in_input': True, 'no_dst_range': False, 'd': 2, 'layers': 0, 'hidden_channels': 8, 'temporal_d_model': 64, 'closure_hops': 1, 'train_negatives_per_pos': 32, 'candidate_chunk_size': 1024, 'max_score_elements': 4000000, 'bptt_steps': 1, 'lr': 0.001, 'weight_decay': 0.0, 'grad_clip': 1.0, 'skip_final_eval': False, 'save_checkpoint': True, 'eval_only': None, 'out': 'results/event_bench/leakfree2/forum_coreoff_norec'}
split_source=official_tgb_masks
destination_range=None
snapshots: train=740 (edges=4000000) track_val=3 final_val=687 final_test=625 | prep_sec=6.1
negative-sample sets loaded in 38.5s
node_types: present
delta_time_scale=600 (Delta_k is measured in units of the median training inter-snapshot gap)
protocol: predict-from-previous-state (leak-free) for training and evaluation
parameter_count=634300 num_relations=2 num_nodes=152816
[epoch 1/4] {'epoch': 1, 'train_loss': 0.23005371438956873, 'track_val_mrr': 0.1999621009066701, 'track_val_loss': 0.4816545248031616, 'train_sec': 4912.0, 'track_eval_sec': 4906.5, 'peak_gpu_mem_mb': 4963.2}
[epoch 2/4] {'epoch': 2, 'train_loss': 0.1665320805146665, 'track_val_mrr': 0.21328469023555519, 'track_val_loss': 0.4672638475894928, 'train_sec': 5021.0, 'track_eval_sec': 5028.5, 'peak_gpu_mem_mb': 5056.5}
[epoch 3/4] {'epoch': 3, 'train_loss': 0.16424081411026167, 'track_val_mrr': 0.250098588873446, 'track_val_loss': 0.4564613103866577, 'train_sec': 5008.1, 'track_eval_sec': 4869.2, 'peak_gpu_mem_mb': 5056.5}
[epoch 4/4] {'epoch': 4, 'train_loss': 0.16311118158944082, 'track_val_mrr': 0.2717910132974386, 'track_val_loss': 0.45150795578956604, 'train_sec': 4800.8, 'track_eval_sec': 4725.9, 'peak_gpu_mem_mb': 5056.5}
checkpoint saved: results/event_bench/leakfree2/forum_coreoff_norec/best.pt
final val_mrr=0.2536 (9123.4s so far)
FINAL val_mrr=0.2536 test_mrr=0.2373 test_hits10=0.3462 eval_sec=13282.1
{
  "dataset": "thgl-forum",
  "model": "FaithfulEventTemporalSheaf",
  "seed": 43,
  "epochs": 4,
  "best_track_epoch": 4,
  "best_track_val_mrr": 0.2717910132974386,
  "parameter_count": 634300,
  "commit_hash": "09c27e8f3879cb2cebf51a3f945374c3edfeb766",
  "train_edges": 4000000,
  "final_val_edges": 3563658,
  "final_test_edges": 3563653,
  "validation_mrr": 0.25364137304012147,
  "test_mrr": 0.23726445421690875,
  "final_val_loss": 0.4789082109928131,
  "final_test_loss": 0.511803150177002,
  "final_eval_sec": 13282.1,
  "final_eval_peak_gpu_mem_mb": 3732.4,
  "test_hits10": 0.3461855013492428
}
