reserved 14976 MiB of GPU memory on cuda:0 in the caching allocator (requested 14976; now reserved 14980 MiB)
device=cuda:0 sha=fbb1aa8169da config={'dataset': 'thgl-forum', 'seed': 47, 'model': 'faithful', 'feedback_dim': 16, 'no_memory_readout': False, 'sheaf_conditioning': 'history', 'epochs': 4, 'patience': 3, 'min_epochs': 2, 'time_window': 600.0, 'context_edges': 50000, 'train_edges_cap': 4000000, 'val_edges_cap': None, 'test_edges_cap': None, 'track_val_edges': 20000, 'train_loss': 'softplus', 'learn_node_emb': False, 'emb_in_head': False, 'node_type_emb': True, 'predict_from_previous': True, 'reserve_gpu_mb': None, 'delta_time_scale': 'auto', 'sheaf_identity': False, 'no_delta_t': False, 'no_memory': True, 'recurrency_symmetric': False, 'recurrency_untyped': True, 'cache_warm_history': False, 'recurrency_decoder': True, 'relation_in_input': True, 'no_dst_range': False, 'd': 2, 'layers': 0, 'hidden_channels': 8, 'temporal_d_model': 64, 'closure_hops': 1, 'train_negatives_per_pos': 32, 'candidate_chunk_size': 1024, 'max_score_elements': 4000000, 'bptt_steps': 1, 'lr': 0.001, 'weight_decay': 0.0, 'grad_clip': 1.0, 'skip_final_eval': False, 'save_checkpoint': True, 'eval_only': None, 'out': 'results/event_bench/leakfree2/forum_coreoff_rec_s47'}
split_source=official_tgb_masks
destination_range=None
snapshots: train=740 (edges=4000000) track_val=3 final_val=687 final_test=625 | prep_sec=37.9
negative-sample sets loaded in 39.5s
node_types: present
delta_time_scale=600 (Delta_k is measured in units of the median training inter-snapshot gap)
protocol: predict-from-previous-state (leak-free) for training and evaluation
parameter_count=634429 num_relations=2 num_nodes=152816
[epoch 1/4] {'epoch': 1, 'train_loss': 0.18283402668728074, 'track_val_mrr': 0.6043306650280953, 'track_val_loss': 0.27008023858070374, 'train_sec': 6837.2, 'track_eval_sec': 6624.6, 'peak_gpu_mem_mb': 5053.3}
[epoch 2/4] {'epoch': 2, 'train_loss': 0.13829439133405685, 'track_val_mrr': 0.6031129336714744, 'track_val_loss': 0.2699752151966095, 'train_sec': 6849.1, 'track_eval_sec': 6502.2, 'peak_gpu_mem_mb': 5146.6}
[epoch 3/4] {'epoch': 3, 'train_loss': 0.13669018671219016, 'track_val_mrr': 0.6053649362385273, 'track_val_loss': 0.2672524154186249, 'train_sec': 6741.2, 'track_eval_sec': 5965.9, 'peak_gpu_mem_mb': 5146.6}
[epoch 4/4] {'epoch': 4, 'train_loss': 0.13608903797779417, 'track_val_mrr': 0.6108076602756977, 'track_val_loss': 0.26599112153053284, 'train_sec': 5714.1, 'track_eval_sec': 5469.2, 'peak_gpu_mem_mb': 5146.6}
checkpoint saved: results/event_bench/leakfree2/forum_coreoff_rec_s47/best.pt
final val_mrr=0.6042 (9999.5s so far)
FINAL val_mrr=0.6042 test_mrr=0.6166 test_hits10=0.6489 eval_sec=14520.1
{
  "dataset": "thgl-forum",
  "model": "FaithfulEventTemporalSheaf",
  "seed": 47,
  "epochs": 4,
  "best_track_epoch": 4,
  "best_track_val_mrr": 0.6108076602756977,
  "parameter_count": 634429,
  "commit_hash": "fbb1aa8169da3f65bd4223d934642ed09a21c580",
  "train_edges": 4000000,
  "final_val_edges": 3563658,
  "final_test_edges": 3563653,
  "validation_mrr": 0.6041782985926805,
  "test_mrr": 0.6165638598502671,
  "final_val_loss": 0.27907437086105347,
  "final_test_loss": 0.2782345712184906,
  "final_eval_sec": 14520.1,
  "final_eval_peak_gpu_mem_mb": 3928.2,
  "test_hits10": 0.6488521752770827
}
