device=cuda:0 sha=09c27e8f3879 config={'dataset': 'thgl-forum', 'seed': 43, 'model': 'faithful', 'feedback_dim': 16, 'no_memory_readout': False, 'sheaf_conditioning': 'history', 'epochs': 4, 'patience': 3, 'min_epochs': 2, 'time_window': 600.0, 'context_edges': 50000, 'train_edges_cap': 4000000, 'val_edges_cap': None, 'test_edges_cap': None, 'track_val_edges': 20000, 'train_loss': 'softplus', 'learn_node_emb': False, 'node_type_emb': True, 'predict_from_previous': True, 'delta_time_scale': 'auto', 'sheaf_identity': False, 'no_delta_t': False, 'recurrency_symmetric': False, 'recurrency_untyped': True, 'cache_warm_history': False, 'recurrency_decoder': True, 'relation_in_input': True, 'no_dst_range': False, 'd': 2, 'layers': 2, 'hidden_channels': 8, 'temporal_d_model': 64, 'closure_hops': 1, 'train_negatives_per_pos': 32, 'candidate_chunk_size': 1024, 'max_score_elements': 4000000, 'bptt_steps': 1, 'lr': 0.001, 'weight_decay': 0.0, 'grad_clip': 1.0, 'skip_final_eval': False, 'save_checkpoint': True, 'eval_only': None, 'out': 'results/event_bench/leakfree2/forum_f_s43'}
split_source=official_tgb_masks
destination_range=None
snapshots: train=740 (edges=4000000) track_val=3 final_val=687 final_test=625 | prep_sec=6.2
negative-sample sets loaded in 38.4s
node_types: present
delta_time_scale=600 (Delta_k is measured in units of the median training inter-snapshot gap)
protocol: predict-from-previous-state (leak-free) for training and evaluation
parameter_count=630271 num_relations=2 num_nodes=152816
[epoch 1/4] {'epoch': 1, 'train_loss': 0.1452371735070329, 'track_val_mrr': 0.6240451690375804, 'track_val_loss': 0.26117196679115295, 'train_sec': 5395.1, 'track_eval_sec': 5335.1, 'peak_gpu_mem_mb': 20339.7}
[epoch 2/4] {'epoch': 2, 'train_loss': 0.12636439114083134, 'track_val_mrr': 0.5863398208379745, 'track_val_loss': 0.25992462038993835, 'train_sec': 5391.9, 'track_eval_sec': 5244.4, 'peak_gpu_mem_mb': 20339.7}
[epoch 3/4] {'epoch': 3, 'train_loss': 0.12278967021040729, 'track_val_mrr': 0.46819676631987095, 'track_val_loss': 0.3906775712966919, 'train_sec': 5249.4, 'track_eval_sec': 5309.9, 'peak_gpu_mem_mb': 20494.9}
[epoch 4/4] {'epoch': 4, 'train_loss': 0.12214711826692899, 'track_val_mrr': 0.5517441478848457, 'track_val_loss': 0.3473943769931793, 'train_sec': 5325.0, 'track_eval_sec': 5225.8, 'peak_gpu_mem_mb': 20494.9}
early stop at epoch 4 (patience 3)
checkpoint saved: results/event_bench/leakfree2/forum_f_s43/best.pt
final val_mrr=0.6230 (9956.2s so far)
FINAL val_mrr=0.6230 test_mrr=0.6280 test_hits10=0.6826 eval_sec=14452.3
{
  "dataset": "thgl-forum",
  "model": "FaithfulEventTemporalSheaf",
  "seed": 43,
  "epochs": 4,
  "best_track_epoch": 1,
  "best_track_val_mrr": 0.6240451690375804,
  "parameter_count": 630271,
  "commit_hash": "09c27e8f3879cb2cebf51a3f945374c3edfeb766",
  "train_edges": 4000000,
  "final_val_edges": 3563658,
  "final_test_edges": 3563653,
  "validation_mrr": 0.6229663878828519,
  "test_mrr": 0.6279851863704754,
  "final_val_loss": 0.2662288546562195,
  "final_test_loss": 0.2716633677482605,
  "final_eval_sec": 14452.3,
  "final_eval_peak_gpu_mem_mb": 4510.4,
  "test_hits10": 0.6825754371571802
}
