reserved 20976 MiB of GPU memory on cuda:0 in the caching allocator (requested 20976; now reserved 20980 MiB)
device=cuda:0 sha=09c27e8f3879 config={'dataset': 'thgl-forum', 'seed': 46, 'model': 'faithful', 'feedback_dim': 16, 'no_memory_readout': False, 'sheaf_conditioning': 'history', 'epochs': 4, 'patience': 3, 'min_epochs': 2, 'time_window': 600.0, 'context_edges': 50000, 'train_edges_cap': 4000000, 'val_edges_cap': None, 'test_edges_cap': None, 'track_val_edges': 20000, 'train_loss': 'softplus', 'learn_node_emb': False, 'emb_in_head': False, 'node_type_emb': True, 'predict_from_previous': True, 'reserve_gpu_mb': None, 'delta_time_scale': 'auto', 'sheaf_identity': False, 'no_delta_t': False, 'no_memory': True, 'recurrency_symmetric': False, 'recurrency_untyped': False, 'cache_warm_history': False, 'recurrency_decoder': False, 'relation_in_input': True, 'no_dst_range': False, 'd': 2, 'layers': 2, 'hidden_channels': 8, 'temporal_d_model': 64, 'closure_hops': 1, 'train_negatives_per_pos': 32, 'candidate_chunk_size': 1024, 'max_score_elements': 4000000, 'bptt_steps': 1, 'lr': 0.001, 'weight_decay': 0.0, 'grad_clip': 1.0, 'skip_final_eval': False, 'save_checkpoint': True, 'eval_only': None, 'out': 'results/event_bench/leakfree2/forum_norec_nomem_s46'}
split_source=official_tgb_masks
destination_range=None
snapshots: train=740 (edges=4000000) track_val=3 final_val=687 final_test=625 | prep_sec=6.6
negative-sample sets loaded in 42.2s
node_types: present
delta_time_scale=600 (Delta_k is measured in units of the median training inter-snapshot gap)
protocol: predict-from-previous-state (leak-free) for training and evaluation
parameter_count=634302 num_relations=2 num_nodes=152816
[epoch 1/4] {'epoch': 1, 'train_loss': 0.20712679488450814, 'track_val_mrr': 0.4034055763781071, 'track_val_loss': 0.36672329902648926, 'train_sec': 4867.9, 'track_eval_sec': 4864.2, 'peak_gpu_mem_mb': 4963.3}
[epoch 2/4] {'epoch': 2, 'train_loss': 0.15970360243715678, 'track_val_mrr': 0.3440478667199612, 'track_val_loss': 0.3916110694408417, 'train_sec': 4826.7, 'track_eval_sec': 4861.1, 'peak_gpu_mem_mb': 5056.5}
[epoch 3/4] {'epoch': 3, 'train_loss': 0.1572678966172977, 'track_val_mrr': 0.3701448548823595, 'track_val_loss': 0.36621785163879395, 'train_sec': 4851.1, 'track_eval_sec': 4864.2, 'peak_gpu_mem_mb': 5056.5}
[epoch 4/4] {'epoch': 4, 'train_loss': 0.1571221221465219, 'track_val_mrr': 0.3844411376297474, 'track_val_loss': 0.3804543912410736, 'train_sec': 4850.7, 'track_eval_sec': 4838.7, 'peak_gpu_mem_mb': 5056.5}
early stop at epoch 4 (patience 3)
checkpoint saved: results/event_bench/leakfree2/forum_norec_nomem_s46/best.pt
final val_mrr=0.3913 (9260.6s so far)
FINAL val_mrr=0.3913 test_mrr=0.3829 test_hits10=0.5354 eval_sec=13478.9
{
  "dataset": "thgl-forum",
  "model": "FaithfulEventTemporalSheaf",
  "seed": 46,
  "epochs": 4,
  "best_track_epoch": 1,
  "best_track_val_mrr": 0.4034055763781071,
  "parameter_count": 634302,
  "commit_hash": "09c27e8f3879cb2cebf51a3f945374c3edfeb766",
  "train_edges": 4000000,
  "final_val_edges": 3563658,
  "final_test_edges": 3563653,
  "validation_mrr": 0.3912564177746654,
  "test_mrr": 0.38291933153112256,
  "final_val_loss": 0.3889164924621582,
  "final_test_loss": 0.40649130940437317,
  "final_eval_sec": 13478.9,
  "final_eval_peak_gpu_mem_mb": 3732.5,
  "test_hits10": 0.5353725517099881
}
