reserved 20976 MiB of GPU memory on cuda:0 in the caching allocator (requested 20976; now reserved 20980 MiB)
device=cuda:0 sha=09c27e8f3879 config={'dataset': 'thgl-forum', 'seed': 46, 'model': 'faithful', 'feedback_dim': 16, 'no_memory_readout': False, 'sheaf_conditioning': 'current_only', 'epochs': 4, 'patience': 3, 'min_epochs': 2, 'time_window': 600.0, 'context_edges': 50000, 'train_edges_cap': 4000000, 'val_edges_cap': None, 'test_edges_cap': None, 'track_val_edges': 20000, 'train_loss': 'softplus', 'learn_node_emb': False, 'emb_in_head': False, 'node_type_emb': True, 'predict_from_previous': True, 'reserve_gpu_mb': None, 'delta_time_scale': 'auto', 'sheaf_identity': False, 'no_delta_t': False, 'no_memory': False, 'recurrency_symmetric': False, 'recurrency_untyped': False, 'cache_warm_history': False, 'recurrency_decoder': False, 'relation_in_input': True, 'no_dst_range': False, 'd': 2, 'layers': 2, 'hidden_channels': 8, 'temporal_d_model': 64, 'closure_hops': 1, 'train_negatives_per_pos': 32, 'candidate_chunk_size': 1024, 'max_score_elements': 4000000, 'bptt_steps': 1, 'lr': 0.001, 'weight_decay': 0.0, 'grad_clip': 1.0, 'skip_final_eval': False, 'save_checkpoint': True, 'eval_only': None, 'out': 'results/event_bench/leakfree2/forum_norec_curonly_s46'}
split_source=official_tgb_masks
destination_range=None
snapshots: train=740 (edges=4000000) track_val=3 final_val=687 final_test=625 | prep_sec=7.1
negative-sample sets loaded in 49.7s
node_types: present
delta_time_scale=600 (Delta_k is measured in units of the median training inter-snapshot gap)
protocol: predict-from-previous-state (leak-free) for training and evaluation
parameter_count=634302 num_relations=2 num_nodes=152816
[epoch 1/4] {'epoch': 1, 'train_loss': 0.16602287961722065, 'track_val_mrr': 0.30053114243745804, 'track_val_loss': 0.4116799533367157, 'train_sec': 5224.7, 'track_eval_sec': 5158.9, 'peak_gpu_mem_mb': 19602.6}
[epoch 2/4] {'epoch': 2, 'train_loss': 0.14589070731393378, 'track_val_mrr': 0.21046868534833194, 'track_val_loss': 0.6342136263847351, 'train_sec': 5191.9, 'track_eval_sec': 4929.0, 'peak_gpu_mem_mb': 19602.6}
[epoch 3/4] {'epoch': 3, 'train_loss': 0.14498891667317956, 'track_val_mrr': 0.14405667249113321, 'track_val_loss': 0.6463482975959778, 'train_sec': 4972.4, 'track_eval_sec': 4939.5, 'peak_gpu_mem_mb': 19602.6}
[epoch 4/4] {'epoch': 4, 'train_loss': 0.14959175745592387, 'track_val_mrr': 0.4084809601306915, 'track_val_loss': 0.37788596749305725, 'train_sec': 4967.0, 'track_eval_sec': 4931.7, 'peak_gpu_mem_mb': 19602.6}
checkpoint saved: results/event_bench/leakfree2/forum_norec_curonly_s46/best.pt
final val_mrr=0.4163 (9371.6s so far)
FINAL val_mrr=0.4163 test_mrr=0.4113 test_hits10=0.5450 eval_sec=13630.3
{
  "dataset": "thgl-forum",
  "model": "FaithfulEventTemporalSheaf",
  "seed": 46,
  "epochs": 4,
  "best_track_epoch": 4,
  "best_track_val_mrr": 0.4084809601306915,
  "parameter_count": 634302,
  "commit_hash": "09c27e8f3879cb2cebf51a3f945374c3edfeb766",
  "train_edges": 4000000,
  "final_val_edges": 3563658,
  "final_test_edges": 3563653,
  "validation_mrr": 0.416308126405197,
  "test_mrr": 0.41126017958776556,
  "final_val_loss": 0.3814862072467804,
  "final_test_loss": 0.3955461084842682,
  "final_eval_sec": 13630.3,
  "final_eval_peak_gpu_mem_mb": 4147.5,
  "test_hits10": 0.5449860025182013
}
