reserved 14976 MiB of GPU memory on cuda:0 in the caching allocator (requested 14976; now reserved 14980 MiB)
device=cuda:0 sha=09c27e8f3879 config={'dataset': 'thgl-forum', 'seed': 47, 'model': 'faithful', 'feedback_dim': 16, 'no_memory_readout': False, 'sheaf_conditioning': 'history', 'epochs': 4, 'patience': 3, 'min_epochs': 2, 'time_window': 600.0, 'context_edges': 50000, 'train_edges_cap': 4000000, 'val_edges_cap': None, 'test_edges_cap': None, 'track_val_edges': 20000, 'train_loss': 'softplus', 'learn_node_emb': False, 'emb_in_head': False, 'node_type_emb': True, 'predict_from_previous': True, 'reserve_gpu_mb': None, 'delta_time_scale': 'auto', 'sheaf_identity': False, 'no_delta_t': False, 'no_memory': True, 'recurrency_symmetric': False, 'recurrency_untyped': False, 'cache_warm_history': False, 'recurrency_decoder': False, 'relation_in_input': True, 'no_dst_range': False, 'd': 2, 'layers': 0, 'hidden_channels': 8, 'temporal_d_model': 64, 'closure_hops': 1, 'train_negatives_per_pos': 32, 'candidate_chunk_size': 1024, 'max_score_elements': 4000000, 'bptt_steps': 1, 'lr': 0.001, 'weight_decay': 0.0, 'grad_clip': 1.0, 'skip_final_eval': False, 'save_checkpoint': True, 'eval_only': None, 'out': 'results/event_bench/leakfree2/forum_coreoff_norec_s47'}
split_source=official_tgb_masks
destination_range=None
snapshots: train=740 (edges=4000000) track_val=3 final_val=687 final_test=625 | prep_sec=5.7
negative-sample sets loaded in 38.4s
node_types: present
delta_time_scale=600 (Delta_k is measured in units of the median training inter-snapshot gap)
protocol: predict-from-previous-state (leak-free) for training and evaluation
parameter_count=634300 num_relations=2 num_nodes=152816
[epoch 1/4] {'epoch': 1, 'train_loss': 0.21864032872394232, 'track_val_mrr': 0.2099000278159976, 'track_val_loss': 0.4733983278274536, 'train_sec': 5146.3, 'track_eval_sec': 6249.6, 'peak_gpu_mem_mb': 4963.2}
[epoch 2/4] {'epoch': 2, 'train_loss': 0.16610826586192934, 'track_val_mrr': 0.23300044737309217, 'track_val_loss': 0.4568467438220978, 'train_sec': 6915.8, 'track_eval_sec': 7280.5, 'peak_gpu_mem_mb': 5056.5}
[epoch 3/4] {'epoch': 3, 'train_loss': 0.16345502071193493, 'track_val_mrr': 0.23623924797475337, 'track_val_loss': 0.4560020864009857, 'train_sec': 7053.9, 'track_eval_sec': 7526.6, 'peak_gpu_mem_mb': 5056.5}
[epoch 4/4] {'epoch': 4, 'train_loss': 0.1627594268955139, 'track_val_mrr': 0.2596610799789429, 'track_val_loss': 0.4473910629749298, 'train_sec': 6568.2, 'track_eval_sec': 6204.0, 'peak_gpu_mem_mb': 5056.5}
checkpoint saved: results/event_bench/leakfree2/forum_coreoff_norec_s47/best.pt
final val_mrr=0.2488 (10943.3s so far)
FINAL val_mrr=0.2488 test_mrr=0.2320 test_hits10=0.3502 eval_sec=15661.9
{
  "dataset": "thgl-forum",
  "model": "FaithfulEventTemporalSheaf",
  "seed": 47,
  "epochs": 4,
  "best_track_epoch": 4,
  "best_track_val_mrr": 0.2596610799789429,
  "parameter_count": 634300,
  "commit_hash": "09c27e8f3879cb2cebf51a3f945374c3edfeb766",
  "train_edges": 4000000,
  "final_val_edges": 3563658,
  "final_test_edges": 3563653,
  "validation_mrr": 0.24878402830040733,
  "test_mrr": 0.23202609883857672,
  "final_val_loss": 0.47370949387550354,
  "final_test_loss": 0.5078074932098389,
  "final_eval_sec": 15661.9,
  "final_eval_peak_gpu_mem_mb": 3732.4,
  "test_hits10": 0.35024902792240753
}
