reserved 14976 MiB of GPU memory on cuda:0 in the caching allocator (requested 14976; now reserved 14980 MiB)
device=cuda:0 sha=09c27e8f3879 config={'dataset': 'thgl-forum', 'seed': 43, 'model': 'faithful', 'feedback_dim': 16, 'no_memory_readout': False, 'sheaf_conditioning': 'history', 'epochs': 4, 'patience': 3, 'min_epochs': 2, 'time_window': 600.0, 'context_edges': 50000, 'train_edges_cap': 4000000, 'val_edges_cap': None, 'test_edges_cap': None, 'track_val_edges': 20000, 'train_loss': 'softplus', 'learn_node_emb': False, 'emb_in_head': False, 'node_type_emb': True, 'predict_from_previous': True, 'reserve_gpu_mb': None, 'delta_time_scale': 'auto', 'sheaf_identity': False, 'no_delta_t': False, 'no_memory': True, 'recurrency_symmetric': False, 'recurrency_untyped': True, 'cache_warm_history': False, 'recurrency_decoder': True, 'relation_in_input': True, 'no_dst_range': False, 'd': 2, 'layers': 0, 'hidden_channels': 8, 'temporal_d_model': 64, 'closure_hops': 1, 'train_negatives_per_pos': 32, 'candidate_chunk_size': 1024, 'max_score_elements': 4000000, 'bptt_steps': 1, 'lr': 0.001, 'weight_decay': 0.0, 'grad_clip': 1.0, 'skip_final_eval': False, 'save_checkpoint': True, 'eval_only': None, 'out': 'results/event_bench/leakfree2/forum_coreoff_rec'}
split_source=official_tgb_masks
destination_range=None
snapshots: train=740 (edges=4000000) track_val=3 final_val=687 final_test=625 | prep_sec=6.1
negative-sample sets loaded in 38.4s
node_types: present
delta_time_scale=600 (Delta_k is measured in units of the median training inter-snapshot gap)
protocol: predict-from-previous-state (leak-free) for training and evaluation
parameter_count=634429 num_relations=2 num_nodes=152816
[epoch 1/4] {'epoch': 1, 'train_loss': 0.19497949448546473, 'track_val_mrr': 0.5929552206158638, 'track_val_loss': 0.27495262026786804, 'train_sec': 4712.2, 'track_eval_sec': 4759.9, 'peak_gpu_mem_mb': 5053.3}
[epoch 2/4] {'epoch': 2, 'train_loss': 0.13870356993117094, 'track_val_mrr': 0.600313658452034, 'track_val_loss': 0.2697782814502716, 'train_sec': 4792.6, 'track_eval_sec': 4771.5, 'peak_gpu_mem_mb': 5146.6}
[epoch 3/4] {'epoch': 3, 'train_loss': 0.13733946067231917, 'track_val_mrr': 0.6089603195130825, 'track_val_loss': 0.266263872385025, 'train_sec': 4622.1, 'track_eval_sec': 4647.5, 'peak_gpu_mem_mb': 5146.6}
[epoch 4/4] {'epoch': 4, 'train_loss': 0.13650667230839336, 'track_val_mrr': 0.6000257074177265, 'track_val_loss': 0.2671022117137909, 'train_sec': 4582.0, 'track_eval_sec': 4525.0, 'peak_gpu_mem_mb': 5146.6}
checkpoint saved: results/event_bench/leakfree2/forum_coreoff_rec/best.pt
final val_mrr=0.6020 (8503.2s so far)
FINAL val_mrr=0.6020 test_mrr=0.6151 test_hits10=0.6475 eval_sec=12356.5
{
  "dataset": "thgl-forum",
  "model": "FaithfulEventTemporalSheaf",
  "seed": 43,
  "epochs": 4,
  "best_track_epoch": 3,
  "best_track_val_mrr": 0.6089603195130825,
  "parameter_count": 634429,
  "commit_hash": "09c27e8f3879cb2cebf51a3f945374c3edfeb766",
  "train_edges": 4000000,
  "final_val_edges": 3563658,
  "final_test_edges": 3563653,
  "validation_mrr": 0.601966775580632,
  "test_mrr": 0.6150883266127067,
  "final_val_loss": 0.2812541425228119,
  "final_test_loss": 0.28046149015426636,
  "final_eval_sec": 12356.5,
  "final_eval_peak_gpu_mem_mb": 3928.2,
  "test_hits10": 0.6475150643355128
}
