reserved 24976 MiB of GPU memory on cuda:0 in the caching allocator (requested 24976; now reserved 24980 MiB)
device=cuda:0 sha=09c27e8f3879 config={'dataset': 'thgl-forum', 'seed': 46, 'model': 'faithful', 'feedback_dim': 16, 'no_memory_readout': False, 'sheaf_conditioning': 'history', 'epochs': 4, 'patience': 3, 'min_epochs': 2, 'time_window': 600.0, 'context_edges': 50000, 'train_edges_cap': 4000000, 'val_edges_cap': None, 'test_edges_cap': None, 'track_val_edges': 20000, 'train_loss': 'softplus', 'learn_node_emb': False, 'emb_in_head': False, 'node_type_emb': True, 'predict_from_previous': True, 'reserve_gpu_mb': None, 'delta_time_scale': 'auto', 'sheaf_identity': True, 'no_delta_t': False, 'recurrency_symmetric': False, 'recurrency_untyped': True, 'cache_warm_history': False, 'recurrency_decoder': True, 'relation_in_input': True, 'no_dst_range': False, 'd': 2, 'layers': 2, 'hidden_channels': 8, 'temporal_d_model': 64, 'closure_hops': 1, 'train_negatives_per_pos': 32, 'candidate_chunk_size': 1024, 'max_score_elements': 4000000, 'bptt_steps': 1, 'lr': 0.001, 'weight_decay': 0.0, 'grad_clip': 1.0, 'skip_final_eval': False, 'save_checkpoint': True, 'eval_only': None, 'out': 'results/event_bench/leakfree2/forum_abl_identity_s46'}
split_source=official_tgb_masks
destination_range=None
snapshots: train=740 (edges=4000000) track_val=3 final_val=687 final_test=625 | prep_sec=7.6
negative-sample sets loaded in 39.0s
node_types: present
delta_time_scale=600 (Delta_k is measured in units of the median training inter-snapshot gap)
protocol: predict-from-previous-state (leak-free) for training and evaluation
parameter_count=630271 num_relations=2 num_nodes=152816
[epoch 1/4] {'epoch': 1, 'train_loss': 0.13985299328102632, 'track_val_mrr': 0.5802786221504211, 'track_val_loss': 0.2735503017902374, 'train_sec': 5026.4, 'track_eval_sec': 4919.6, 'peak_gpu_mem_mb': 15593.7}
[epoch 2/4] {'epoch': 2, 'train_loss': 0.12887000500228313, 'track_val_mrr': 0.6124979960381984, 'track_val_loss': 0.2585674822330475, 'train_sec': 5094.8, 'track_eval_sec': 5058.7, 'peak_gpu_mem_mb': 20844.6}
[epoch 3/4] {'epoch': 3, 'train_loss': 0.12490520072806027, 'track_val_mrr': 0.6129920418560505, 'track_val_loss': 0.28017690777778625, 'train_sec': 5125.3, 'track_eval_sec': 4953.1, 'peak_gpu_mem_mb': 20844.6}
[epoch 4/4] {'epoch': 4, 'train_loss': 0.12293228069484154, 'track_val_mrr': 0.6500115834891796, 'track_val_loss': 0.23542742431163788, 'train_sec': 4899.0, 'track_eval_sec': 4768.5, 'peak_gpu_mem_mb': 20844.6}
checkpoint saved: results/event_bench/leakfree2/forum_abl_identity_s46/best.pt
final val_mrr=0.6438 (9101.1s so far)
FINAL val_mrr=0.6438 test_mrr=0.6501 test_hits10=0.7030 eval_sec=13233.2
{
  "dataset": "thgl-forum",
  "model": "FaithfulEventTemporalSheaf",
  "seed": 46,
  "epochs": 4,
  "best_track_epoch": 4,
  "best_track_val_mrr": 0.6500115834891796,
  "parameter_count": 630271,
  "commit_hash": "09c27e8f3879cb2cebf51a3f945374c3edfeb766",
  "train_edges": 4000000,
  "final_val_edges": 3563658,
  "final_test_edges": 3563653,
  "validation_mrr": 0.643751651384947,
  "test_mrr": 0.6500633659490559,
  "final_val_loss": 0.24825720489025116,
  "final_test_loss": 0.2500728666782379,
  "final_eval_sec": 13233.2,
  "final_eval_peak_gpu_mem_mb": 4455.5,
  "test_hits10": 0.7030246771979136
}
