reserved 20976 MiB of GPU memory on cuda:0 in the caching allocator (requested 20976; now reserved 20980 MiB)
device=cuda:0 sha=09c27e8f3879 config={'dataset': 'thgl-forum', 'seed': 43, 'model': 'faithful', 'feedback_dim': 16, 'no_memory_readout': False, 'sheaf_conditioning': 'current_only', 'epochs': 4, 'patience': 3, 'min_epochs': 2, 'time_window': 600.0, 'context_edges': 50000, 'train_edges_cap': 4000000, 'val_edges_cap': None, 'test_edges_cap': None, 'track_val_edges': 20000, 'train_loss': 'softplus', 'learn_node_emb': False, 'emb_in_head': False, 'node_type_emb': True, 'predict_from_previous': True, 'reserve_gpu_mb': None, 'delta_time_scale': 'auto', 'sheaf_identity': False, 'no_delta_t': False, 'no_memory': False, 'recurrency_symmetric': False, 'recurrency_untyped': False, 'cache_warm_history': False, 'recurrency_decoder': False, 'relation_in_input': True, 'no_dst_range': False, 'd': 2, 'layers': 2, 'hidden_channels': 8, 'temporal_d_model': 64, 'closure_hops': 1, 'train_negatives_per_pos': 32, 'candidate_chunk_size': 1024, 'max_score_elements': 4000000, 'bptt_steps': 1, 'lr': 0.001, 'weight_decay': 0.0, 'grad_clip': 1.0, 'skip_final_eval': False, 'save_checkpoint': True, 'eval_only': None, 'out': 'results/event_bench/leakfree2/forum_norec_curonly'}
split_source=official_tgb_masks
destination_range=None
snapshots: train=740 (edges=4000000) track_val=3 final_val=687 final_test=625 | prep_sec=5.3
negative-sample sets loaded in 39.2s
node_types: present
delta_time_scale=600 (Delta_k is measured in units of the median training inter-snapshot gap)
protocol: predict-from-previous-state (leak-free) for training and evaluation
parameter_count=634302 num_relations=2 num_nodes=152816
[epoch 1/4] {'epoch': 1, 'train_loss': 0.16359502943144438, 'track_val_mrr': 0.31878957769274713, 'track_val_loss': 0.4893726408481598, 'train_sec': 6778.9, 'track_eval_sec': 6758.0, 'peak_gpu_mem_mb': 19968.9}
[epoch 2/4] {'epoch': 2, 'train_loss': 0.14358138159945788, 'track_val_mrr': 0.29022009005844596, 'track_val_loss': 0.4782285690307617, 'train_sec': 6815.9, 'track_eval_sec': 6721.3, 'peak_gpu_mem_mb': 20480.4}
[epoch 3/4] {'epoch': 3, 'train_loss': 0.1431950250179261, 'track_val_mrr': 0.25180685579180717, 'track_val_loss': 0.3685826361179352, 'train_sec': 6795.1, 'track_eval_sec': 6723.6, 'peak_gpu_mem_mb': 20480.4}
[epoch 4/4] {'epoch': 4, 'train_loss': 0.13954090551852535, 'track_val_mrr': 0.38626719669997694, 'track_val_loss': 0.3512361943721771, 'train_sec': 6755.3, 'track_eval_sec': 6694.7, 'peak_gpu_mem_mb': 20480.4}
checkpoint saved: results/event_bench/leakfree2/forum_norec_curonly/best.pt
final val_mrr=0.3910 (10725.4s so far)
FINAL val_mrr=0.3910 test_mrr=0.3842 test_hits10=0.5674 eval_sec=14971.1
{
  "dataset": "thgl-forum",
  "model": "FaithfulEventTemporalSheaf",
  "seed": 43,
  "epochs": 4,
  "best_track_epoch": 4,
  "best_track_val_mrr": 0.38626719669997694,
  "parameter_count": 634302,
  "commit_hash": "09c27e8f3879cb2cebf51a3f945374c3edfeb766",
  "train_edges": 4000000,
  "final_val_edges": 3563658,
  "final_test_edges": 3563653,
  "validation_mrr": 0.3909623752280976,
  "test_mrr": 0.38424560074126746,
  "final_val_loss": 0.36125868558883667,
  "final_test_loss": 0.3747786283493042,
  "final_eval_sec": 14971.1,
  "final_eval_peak_gpu_mem_mb": 4066.4,
  "test_hits10": 0.5673899781077126
}
