reserved 24976 MiB of GPU memory on cuda:0 in the caching allocator (requested 24976; now reserved 24980 MiB)
device=cuda:0 sha=09c27e8f3879 config={'dataset': 'thgl-forum', 'seed': 46, 'model': 'faithful', 'feedback_dim': 16, 'no_memory_readout': False, 'sheaf_conditioning': 'current_only', 'epochs': 4, 'patience': 3, 'min_epochs': 2, 'time_window': 600.0, 'context_edges': 50000, 'train_edges_cap': 4000000, 'val_edges_cap': None, 'test_edges_cap': None, 'track_val_edges': 20000, 'train_loss': 'softplus', 'learn_node_emb': False, 'emb_in_head': False, 'node_type_emb': True, 'predict_from_previous': True, 'reserve_gpu_mb': None, 'delta_time_scale': 'auto', 'sheaf_identity': False, 'no_delta_t': False, 'recurrency_symmetric': False, 'recurrency_untyped': True, 'cache_warm_history': False, 'recurrency_decoder': True, 'relation_in_input': True, 'no_dst_range': False, 'd': 2, 'layers': 2, 'hidden_channels': 8, 'temporal_d_model': 64, 'closure_hops': 1, 'train_negatives_per_pos': 32, 'candidate_chunk_size': 1024, 'max_score_elements': 4000000, 'bptt_steps': 1, 'lr': 0.001, 'weight_decay': 0.0, 'grad_clip': 1.0, 'skip_final_eval': False, 'save_checkpoint': True, 'eval_only': None, 'out': 'results/event_bench/leakfree2/forum_abl_curonly_s46'}
split_source=official_tgb_masks
destination_range=None
snapshots: train=740 (edges=4000000) track_val=3 final_val=687 final_test=625 | prep_sec=5.6
negative-sample sets loaded in 42.6s
node_types: present
delta_time_scale=600 (Delta_k is measured in units of the median training inter-snapshot gap)
protocol: predict-from-previous-state (leak-free) for training and evaluation
parameter_count=634431 num_relations=2 num_nodes=152816
[epoch 1/4] {'epoch': 1, 'train_loss': 0.14507249233606542, 'track_val_mrr': 0.5842073170125485, 'track_val_loss': 0.29283377528190613, 'train_sec': 6746.4, 'track_eval_sec': 6760.9, 'peak_gpu_mem_mb': 21582.0}
[epoch 2/4] {'epoch': 2, 'train_loss': 0.12437010707689074, 'track_val_mrr': 0.5626091526448727, 'track_val_loss': 0.3170619010925293, 'train_sec': 6825.6, 'track_eval_sec': 6739.6, 'peak_gpu_mem_mb': 21582.0}
[epoch 3/4] {'epoch': 3, 'train_loss': 0.12267019990856819, 'track_val_mrr': 0.5646150800943375, 'track_val_loss': 0.31055623292922974, 'train_sec': 6816.3, 'track_eval_sec': 6770.4, 'peak_gpu_mem_mb': 21582.0}
[epoch 4/4] {'epoch': 4, 'train_loss': 0.12283826678870334, 'track_val_mrr': 0.5702820086181164, 'track_val_loss': 0.3010307252407074, 'train_sec': 6803.5, 'track_eval_sec': 6699.8, 'peak_gpu_mem_mb': 21582.0}
early stop at epoch 4 (patience 3)
checkpoint saved: results/event_bench/leakfree2/forum_abl_curonly_s46/best.pt
final val_mrr=0.5971 (11171.4s so far)
FINAL val_mrr=0.5971 test_mrr=0.6099 test_hits10=0.6602 eval_sec=15402.1
{
  "dataset": "thgl-forum",
  "model": "FaithfulEventTemporalSheaf",
  "seed": 46,
  "epochs": 4,
  "best_track_epoch": 1,
  "best_track_val_mrr": 0.5842073170125485,
  "parameter_count": 634431,
  "commit_hash": "09c27e8f3879cb2cebf51a3f945374c3edfeb766",
  "train_edges": 4000000,
  "final_val_edges": 3563658,
  "final_test_edges": 3563653,
  "validation_mrr": 0.5970923248663716,
  "test_mrr": 0.6099031559287126,
  "final_val_loss": 0.28407129645347595,
  "final_test_loss": 0.28851479291915894,
  "final_eval_sec": 15402.1,
  "final_eval_peak_gpu_mem_mb": 5077.9,
  "test_hits10": 0.6601871731578661
}
