reserved 20976 MiB of GPU memory on cuda:0 in the caching allocator (requested 20976; now reserved 20980 MiB)
device=cuda:0 sha=09c27e8f3879 config={'dataset': 'thgl-forum', 'seed': 46, 'model': 'faithful', 'feedback_dim': 16, 'no_memory_readout': False, 'sheaf_conditioning': 'history', 'epochs': 4, 'patience': 3, 'min_epochs': 2, 'time_window': 600.0, 'context_edges': 50000, 'train_edges_cap': 4000000, 'val_edges_cap': None, 'test_edges_cap': None, 'track_val_edges': 20000, 'train_loss': 'softplus', 'learn_node_emb': False, 'emb_in_head': False, 'node_type_emb': True, 'predict_from_previous': True, 'reserve_gpu_mb': None, 'delta_time_scale': 'auto', 'sheaf_identity': False, 'no_delta_t': False, 'no_memory': False, 'recurrency_symmetric': False, 'recurrency_untyped': False, 'cache_warm_history': False, 'recurrency_decoder': False, 'relation_in_input': True, 'no_dst_range': False, 'd': 2, 'layers': 2, 'hidden_channels': 8, 'temporal_d_model': 64, 'closure_hops': 1, 'train_negatives_per_pos': 32, 'candidate_chunk_size': 1024, 'max_score_elements': 4000000, 'bptt_steps': 1, 'lr': 0.001, 'weight_decay': 0.0, 'grad_clip': 1.0, 'skip_final_eval': False, 'save_checkpoint': True, 'eval_only': None, 'out': 'results/event_bench/leakfree2/forum_norec_full_s46'}
split_source=official_tgb_masks
destination_range=None
snapshots: train=740 (edges=4000000) track_val=3 final_val=687 final_test=625 | prep_sec=7.2
negative-sample sets loaded in 41.8s
node_types: present
delta_time_scale=600 (Delta_k is measured in units of the median training inter-snapshot gap)
protocol: predict-from-previous-state (leak-free) for training and evaluation
parameter_count=630142 num_relations=2 num_nodes=152816
[epoch 1/4] {'epoch': 1, 'train_loss': 0.1679150986514169, 'track_val_mrr': 0.04195730580165982, 'track_val_loss': 0.8193551898002625, 'train_sec': 4946.9, 'track_eval_sec': 4861.9, 'peak_gpu_mem_mb': 16506.4}
[epoch 2/4] {'epoch': 2, 'train_loss': 0.14623012457229448, 'track_val_mrr': 0.3128286021947861, 'track_val_loss': 0.38418295979499817, 'train_sec': 4919.2, 'track_eval_sec': 4872.0, 'peak_gpu_mem_mb': 18459.2}
[epoch 3/4] {'epoch': 3, 'train_loss': 0.13927662156834816, 'track_val_mrr': 0.30922784160673616, 'track_val_loss': 0.34746253490448, 'train_sec': 4928.5, 'track_eval_sec': 4876.1, 'peak_gpu_mem_mb': 18459.2}
[epoch 4/4] {'epoch': 4, 'train_loss': 0.14255604083386422, 'track_val_mrr': 0.39946908654272556, 'track_val_loss': 0.37842127680778503, 'train_sec': 4937.9, 'track_eval_sec': 4779.1, 'peak_gpu_mem_mb': 20795.8}
checkpoint saved: results/event_bench/leakfree2/forum_norec_full_s46/best.pt
final val_mrr=0.4091 (9158.3s so far)
FINAL val_mrr=0.4091 test_mrr=0.4007 test_hits10=0.5359 eval_sec=13410.1
{
  "dataset": "thgl-forum",
  "model": "FaithfulEventTemporalSheaf",
  "seed": 46,
  "epochs": 4,
  "best_track_epoch": 4,
  "best_track_val_mrr": 0.39946908654272556,
  "parameter_count": 630142,
  "commit_hash": "09c27e8f3879cb2cebf51a3f945374c3edfeb766",
  "train_edges": 4000000,
  "final_val_edges": 3563658,
  "final_test_edges": 3563653,
  "validation_mrr": 0.40909585454218106,
  "test_mrr": 0.4006918595762869,
  "final_val_loss": 0.38800445199012756,
  "final_test_loss": 0.4143613278865814,
  "final_eval_sec": 13410.1,
  "final_eval_peak_gpu_mem_mb": 4075.3,
  "test_hits10": 0.5359211455592578
}
