reserved 24976 MiB of GPU memory on cuda:0 in the caching allocator (requested 24976; now reserved 24980 MiB)
device=cuda:0 sha=09c27e8f3879 config={'dataset': 'thgl-forum', 'seed': 43, 'model': 'faithful', 'feedback_dim': 16, 'no_memory_readout': False, 'sheaf_conditioning': 'current_only', 'epochs': 4, 'patience': 3, 'min_epochs': 2, 'time_window': 600.0, 'context_edges': 50000, 'train_edges_cap': 4000000, 'val_edges_cap': None, 'test_edges_cap': None, 'track_val_edges': 20000, 'train_loss': 'softplus', 'learn_node_emb': False, 'emb_in_head': False, 'node_type_emb': True, 'predict_from_previous': True, 'reserve_gpu_mb': None, 'delta_time_scale': 'auto', 'sheaf_identity': False, 'no_delta_t': False, 'recurrency_symmetric': False, 'recurrency_untyped': True, 'cache_warm_history': False, 'recurrency_decoder': True, 'relation_in_input': True, 'no_dst_range': False, 'd': 2, 'layers': 2, 'hidden_channels': 8, 'temporal_d_model': 64, 'closure_hops': 1, 'train_negatives_per_pos': 32, 'candidate_chunk_size': 1024, 'max_score_elements': 4000000, 'bptt_steps': 1, 'lr': 0.001, 'weight_decay': 0.0, 'grad_clip': 1.0, 'skip_final_eval': False, 'save_checkpoint': True, 'eval_only': None, 'out': 'results/event_bench/leakfree2/forum_abl_curonly'}
split_source=official_tgb_masks
destination_range=None
snapshots: train=740 (edges=4000000) track_val=3 final_val=687 final_test=625 | prep_sec=9.9
negative-sample sets loaded in 47.9s
node_types: present
delta_time_scale=600 (Delta_k is measured in units of the median training inter-snapshot gap)
protocol: predict-from-previous-state (leak-free) for training and evaluation
parameter_count=634431 num_relations=2 num_nodes=152816
[epoch 1/4] {'epoch': 1, 'train_loss': 0.14420253410431302, 'track_val_mrr': 0.6032924011886119, 'track_val_loss': 0.26796457171440125, 'train_sec': 6499.5, 'track_eval_sec': 5856.7, 'peak_gpu_mem_mb': 20397.1}
[epoch 2/4] {'epoch': 2, 'train_loss': 0.1253974817400856, 'track_val_mrr': 0.6304325197815895, 'track_val_loss': 0.24935956299304962, 'train_sec': 6036.3, 'track_eval_sec': 5786.4, 'peak_gpu_mem_mb': 20397.1}
[epoch 3/4] {'epoch': 3, 'train_loss': 0.12269743862631195, 'track_val_mrr': 0.5715080682277679, 'track_val_loss': 0.274777889251709, 'train_sec': 5489.4, 'track_eval_sec': 4991.4, 'peak_gpu_mem_mb': 20397.1}
[epoch 4/4] {'epoch': 4, 'train_loss': 0.1220858704112218, 'track_val_mrr': 0.616958502626419, 'track_val_loss': 0.2525728642940521, 'train_sec': 5249.3, 'track_eval_sec': 4934.4, 'peak_gpu_mem_mb': 20397.1}
checkpoint saved: results/event_bench/leakfree2/forum_abl_curonly/best.pt
final val_mrr=0.6390 (10924.7s so far)
FINAL val_mrr=0.6390 test_mrr=0.6475 test_hits10=0.7028 eval_sec=16469.5
{
  "dataset": "thgl-forum",
  "model": "FaithfulEventTemporalSheaf",
  "seed": 43,
  "epochs": 4,
  "best_track_epoch": 2,
  "best_track_val_mrr": 0.6304325197815895,
  "parameter_count": 634431,
  "commit_hash": "09c27e8f3879cb2cebf51a3f945374c3edfeb766",
  "train_edges": 4000000,
  "final_val_edges": 3563658,
  "final_test_edges": 3563653,
  "validation_mrr": 0.6390461442090046,
  "test_mrr": 0.6475029310472113,
  "final_val_loss": 0.25668179988861084,
  "final_test_loss": 0.2592199444770813,
  "final_eval_sec": 16469.5,
  "final_eval_peak_gpu_mem_mb": 4559.7,
  "test_hits10": 0.7027667955805105
}
