reserved 24976 MiB of GPU memory on cuda:0 in the caching allocator (requested 24976; now reserved 24980 MiB)
device=cuda:0 sha=09c27e8f3879 config={'dataset': 'thgl-forum', 'seed': 46, 'model': 'faithful', 'feedback_dim': 16, 'no_memory_readout': False, 'sheaf_conditioning': 'history', 'epochs': 4, 'patience': 3, 'min_epochs': 2, 'time_window': 600.0, 'context_edges': 50000, 'train_edges_cap': 4000000, 'val_edges_cap': None, 'test_edges_cap': None, 'track_val_edges': 20000, 'train_loss': 'softplus', 'learn_node_emb': False, 'emb_in_head': False, 'node_type_emb': True, 'predict_from_previous': True, 'reserve_gpu_mb': None, 'delta_time_scale': 'auto', 'sheaf_identity': False, 'no_delta_t': True, 'recurrency_symmetric': False, 'recurrency_untyped': True, 'cache_warm_history': False, 'recurrency_decoder': True, 'relation_in_input': True, 'no_dst_range': False, 'd': 2, 'layers': 2, 'hidden_channels': 8, 'temporal_d_model': 64, 'closure_hops': 1, 'train_negatives_per_pos': 32, 'candidate_chunk_size': 1024, 'max_score_elements': 4000000, 'bptt_steps': 1, 'lr': 0.001, 'weight_decay': 0.0, 'grad_clip': 1.0, 'skip_final_eval': False, 'save_checkpoint': True, 'eval_only': None, 'out': 'results/event_bench/leakfree2/forum_abl_nodelta_s46'}
split_source=official_tgb_masks
destination_range=None
snapshots: train=740 (edges=4000000) track_val=3 final_val=687 final_test=625 | prep_sec=7.4
negative-sample sets loaded in 38.8s
node_types: present
delta_time_scale=600 (Delta_k is measured in units of the median training inter-snapshot gap)
protocol: predict-from-previous-state (leak-free) for training and evaluation
parameter_count=630271 num_relations=2 num_nodes=152816
[epoch 1/4] {'epoch': 1, 'train_loss': 0.14619347437994407, 'track_val_mrr': 0.6025128041446209, 'track_val_loss': 0.26694855093955994, 'train_sec': 6760.0, 'track_eval_sec': 6744.0, 'peak_gpu_mem_mb': 18569.2}
[epoch 2/4] {'epoch': 2, 'train_loss': 0.12540340933731992, 'track_val_mrr': 0.5912091103017331, 'track_val_loss': 0.26894208788871765, 'train_sec': 6806.3, 'track_eval_sec': 6711.0, 'peak_gpu_mem_mb': 19082.6}
[epoch 3/4] {'epoch': 3, 'train_loss': 0.1206070345918445, 'track_val_mrr': 0.5934544001877308, 'track_val_loss': 0.2641635239124298, 'train_sec': 6786.4, 'track_eval_sec': 6719.4, 'peak_gpu_mem_mb': 19082.6}
[epoch 4/4] {'epoch': 4, 'train_loss': 0.12090876315378853, 'track_val_mrr': 0.5841675554931164, 'track_val_loss': 0.2869468629360199, 'train_sec': 6771.0, 'track_eval_sec': 6683.1, 'peak_gpu_mem_mb': 19082.6}
early stop at epoch 4 (patience 3)
checkpoint saved: results/event_bench/leakfree2/forum_abl_nodelta_s46/best.pt
final val_mrr=0.6119 (11210.2s so far)
FINAL val_mrr=0.6119 test_mrr=0.6233 test_hits10=0.6927 eval_sec=15436.5
{
  "dataset": "thgl-forum",
  "model": "FaithfulEventTemporalSheaf",
  "seed": 46,
  "epochs": 4,
  "best_track_epoch": 1,
  "best_track_val_mrr": 0.6025128041446209,
  "parameter_count": 630271,
  "commit_hash": "09c27e8f3879cb2cebf51a3f945374c3edfeb766",
  "train_edges": 4000000,
  "final_val_edges": 3563658,
  "final_test_edges": 3563653,
  "validation_mrr": 0.6119040134212504,
  "test_mrr": 0.6233383256856021,
  "final_val_loss": 0.2604518532752991,
  "final_test_loss": 0.26306480169296265,
  "final_eval_sec": 15436.5,
  "final_eval_peak_gpu_mem_mb": 4279.0,
  "test_hits10": 0.6927054924865418
}
