reserved 14976 MiB of GPU memory on cuda:0 in the caching allocator (requested 14976; now reserved 14980 MiB)
device=cuda:0 sha=09c27e8f3879 config={'dataset': 'tkgl-icews', 'seed': 46, 'model': 'faithful', 'feedback_dim': 16, 'no_memory_readout': False, 'sheaf_conditioning': 'history', 'epochs': 6, 'patience': 3, 'min_epochs': 3, 'time_window': None, 'context_edges': 50000, 'train_edges_cap': 2000000, 'val_edges_cap': None, 'test_edges_cap': None, 'track_val_edges': 30000, 'train_loss': 'softplus', 'learn_node_emb': False, 'emb_in_head': False, 'node_type_emb': False, 'predict_from_previous': True, 'reserve_gpu_mb': None, 'delta_time_scale': 'auto', 'sheaf_identity': False, 'no_delta_t': False, 'recurrency_symmetric': False, 'recurrency_untyped': True, 'cache_warm_history': False, 'recurrency_decoder': True, 'relation_in_input': True, 'no_dst_range': False, 'd': 2, 'layers': 2, 'hidden_channels': 8, 'temporal_d_model': 64, 'closure_hops': 1, 'train_negatives_per_pos': 32, 'candidate_chunk_size': 1024, 'max_score_elements': 4000000, 'bptt_steps': 1, 'lr': 0.003, 'weight_decay': 0.0, 'grad_clip': 1.0, 'skip_final_eval': True, 'save_checkpoint': True, 'eval_only': None, 'out': 'results/event_bench/leakfree2/icews_f_s46'}
split_source=official_tgb_masks
destination_range=None
snapshots: train=1263 (edges=2000000) track_val=14 final_val=1341 final_test=1696 | prep_sec=9.5
negative-sample sets loaded in 41.3s
delta_time_scale=86400 (Delta_k is measured in units of the median training inter-snapshot gap)
protocol: predict-from-previous-state (leak-free) for training and evaluation
parameter_count=655883 num_relations=782 num_nodes=87856
[epoch 1/6] {'epoch': 1, 'train_loss': 0.07520484282427044, 'track_val_mrr': 0.1867685243775447, 'track_val_loss': 0.6236432790756226, 'train_sec': 10096.9, 'track_eval_sec': 8715.9, 'peak_gpu_mem_mb': 6599.6}
[epoch 2/6] {'epoch': 2, 'train_loss': 0.06072907651170923, 'track_val_mrr': 0.2439661872078975, 'track_val_loss': 0.528387188911438, 'train_sec': 8213.1, 'track_eval_sec': 7694.5, 'peak_gpu_mem_mb': 8088.0}
[epoch 3/6] {'epoch': 3, 'train_loss': 0.061304244568509456, 'track_val_mrr': 0.25586943149218955, 'track_val_loss': 0.4709472060203552, 'train_sec': 7656.1, 'track_eval_sec': 6843.4, 'peak_gpu_mem_mb': 8088.0}
[epoch 4/6] {'epoch': 4, 'train_loss': 0.06255612534023644, 'track_val_mrr': 0.27220127267390487, 'track_val_loss': 0.3300169110298157, 'train_sec': 6760.5, 'track_eval_sec': 6570.2, 'peak_gpu_mem_mb': 8088.0}
[epoch 5/6] {'epoch': 5, 'train_loss': 0.0640138848411678, 'track_val_mrr': 0.25390138776103655, 'track_val_loss': 0.2843014597892761, 'train_sec': 7421.0, 'track_eval_sec': 8434.7, 'peak_gpu_mem_mb': 8088.0}
[epoch 6/6] {'epoch': 6, 'train_loss': 0.0659649794753021, 'track_val_mrr': 0.268746187783281, 'track_val_loss': 0.30576440691947937, 'train_sec': 8288.8, 'track_eval_sec': 6947.7, 'peak_gpu_mem_mb': 11005.7}
checkpoint saved: results/event_bench/leakfree2/icews_f_s46/best.pt
{
  "dataset": "tkgl-icews",
  "model": "FaithfulEventTemporalSheaf",
  "seed": 46,
  "epochs": 6,
  "best_track_epoch": 4,
  "best_track_val_mrr": 0.27220127267390487,
  "parameter_count": 655883,
  "commit_hash": "09c27e8f3879cb2cebf51a3f945374c3edfeb766",
  "train_edges": 2000000,
  "final_val_edges": 4652314,
  "final_test_edges": 4651378
}
