reserved 12976 MiB of GPU memory on cuda:0 in the caching allocator (requested 12976; now reserved 12980 MiB)
device=cuda:0 sha=cf5c31668885 config={'dataset': 'tkgl-polecat', 'seed': 46, 'model': 'faithful', 'feedback_dim': 16, 'no_memory_readout': False, 'sheaf_conditioning': 'current_only', 'epochs': 10, 'patience': 5, 'min_epochs': 4, 'time_window': None, 'context_edges': 50000, 'train_edges_cap': None, 'val_edges_cap': None, 'test_edges_cap': None, 'track_val_edges': 30000, 'train_loss': 'softplus', 'learn_node_emb': False, 'emb_in_head': False, 'node_type_emb': False, 'predict_from_previous': True, 'reserve_gpu_mb': None, 'delta_time_scale': 'auto', 'sheaf_identity': False, 'no_delta_t': False, 'no_memory': False, 'recurrency_symmetric': False, 'recurrency_untyped': True, 'cache_warm_history': False, 'recurrency_decoder': True, 'relation_in_input': True, 'no_dst_range': False, 'd': 2, 'layers': 2, 'hidden_channels': 8, 'temporal_d_model': 64, 'closure_hops': 1, 'train_negatives_per_pos': 32, 'candidate_chunk_size': 1024, 'max_score_elements': 4000000, 'bptt_steps': 1, 'lr': 0.003, 'weight_decay': 0.0, 'grad_clip': 1.0, 'skip_final_eval': False, 'save_checkpoint': True, 'eval_only': None, 'out': 'results/event_bench/leakfree2/polecat_abl_curonly_s46'}
split_source=official_tgb_masks
destination_range=None
snapshots: train=1193 (edges=2493112) track_val=37 final_val=329 final_test=304 | prep_sec=4.2
negative-sample sets loaded in 6.3s
delta_time_scale=86400 (Delta_k is measured in units of the median training inter-snapshot gap)
protocol: predict-from-previous-state (leak-free) for training and evaluation
parameter_count=635293 num_relations=32 num_nodes=150931
[epoch 1/10] {'epoch': 1, 'train_loss': 0.15920170935983427, 'track_val_mrr': 0.21844727149953444, 'track_val_loss': 0.3628336191177368, 'train_sec': 4394.1, 'track_eval_sec': 4197.7, 'peak_gpu_mem_mb': 5726.6}
[epoch 2/10] {'epoch': 2, 'train_loss': 0.140990348354657, 'track_val_mrr': 0.23525731700559457, 'track_val_loss': 0.30344584584236145, 'train_sec': 4354.7, 'track_eval_sec': 4157.1, 'peak_gpu_mem_mb': 6835.0}
[epoch 3/10] {'epoch': 3, 'train_loss': 0.14382203302702448, 'track_val_mrr': 0.2347654506708185, 'track_val_loss': 0.2923307418823242, 'train_sec': 4328.4, 'track_eval_sec': 4152.4, 'peak_gpu_mem_mb': 6835.0}
[epoch 4/10] {'epoch': 4, 'train_loss': 0.1469342961513606, 'track_val_mrr': 0.2395763537665208, 'track_val_loss': 0.2556082606315613, 'train_sec': 4336.3, 'track_eval_sec': 4154.8, 'peak_gpu_mem_mb': 6835.0}
[epoch 5/10] {'epoch': 5, 'train_loss': 0.1437011619361005, 'track_val_mrr': 0.23108506024430195, 'track_val_loss': 0.3293885290622711, 'train_sec': 4339.9, 'track_eval_sec': 4137.2, 'peak_gpu_mem_mb': 6961.1}
[epoch 6/10] {'epoch': 6, 'train_loss': 0.14811410968373187, 'track_val_mrr': 0.23569308610906203, 'track_val_loss': 0.2374497503042221, 'train_sec': 4322.2, 'track_eval_sec': 4135.6, 'peak_gpu_mem_mb': 6961.1}
[epoch 7/10] {'epoch': 7, 'train_loss': 0.14372082104306394, 'track_val_mrr': 0.2410208982139826, 'track_val_loss': 0.28501543402671814, 'train_sec': 4331.1, 'track_eval_sec': 4129.7, 'peak_gpu_mem_mb': 6961.1}
[epoch 8/10] {'epoch': 8, 'train_loss': 0.14403526843744235, 'track_val_mrr': 0.2504333412264784, 'track_val_loss': 0.27672991156578064, 'train_sec': 4311.5, 'track_eval_sec': 4125.0, 'peak_gpu_mem_mb': 6961.1}
[epoch 9/10] {'epoch': 9, 'train_loss': 0.1427492134729338, 'track_val_mrr': 0.25274780669411023, 'track_val_loss': 0.3074319064617157, 'train_sec': 4327.4, 'track_eval_sec': 4141.7, 'peak_gpu_mem_mb': 6961.1}
[epoch 10/10] {'epoch': 10, 'train_loss': 0.1429892071247751, 'track_val_mrr': 0.24554768915226063, 'track_val_loss': 0.25678396224975586, 'train_sec': 4350.7, 'track_eval_sec': 4155.4, 'peak_gpu_mem_mb': 6961.1}
checkpoint saved: results/event_bench/leakfree2/polecat_abl_curonly_s46/best.pt
final val_mrr=0.2530 (6653.5s so far)
FINAL val_mrr=0.2530 test_mrr=0.2468 test_hits10=0.3987 eval_sec=9213.1
{
  "dataset": "tkgl-polecat",
  "model": "FaithfulEventTemporalSheaf",
  "seed": 46,
  "epochs": 10,
  "best_track_epoch": 9,
  "best_track_val_mrr": 0.25274780669411023,
  "parameter_count": 635293,
  "commit_hash": "cf5c31668885a1cbcc8bd416213835c6b81298df",
  "train_edges": 2493112,
  "final_val_edges": 533472,
  "final_test_edges": 532636,
  "validation_mrr": 0.25296089548577266,
  "test_mrr": 0.24678995767031484,
  "final_val_loss": 0.32548025250434875,
  "final_test_loss": 0.3504801094532013,
  "final_eval_sec": 9213.1,
  "final_eval_peak_gpu_mem_mb": 9788.8,
  "test_hits10": 0.3987357216182811
}
