device=cuda:0 sha=09c27e8f3879 config={'dataset': 'tkgl-smallpedia', 'seed': 47, 'model': 'faithful', 'feedback_dim': 16, 'no_memory_readout': False, 'sheaf_conditioning': 'history', 'epochs': 40, 'patience': 10, 'min_epochs': 15, 'time_window': None, 'context_edges': 50000, 'train_edges_cap': None, 'val_edges_cap': None, 'test_edges_cap': None, 'track_val_edges': 50000, 'train_loss': 'softplus', 'learn_node_emb': False, 'node_type_emb': False, 'predict_from_previous': True, 'delta_time_scale': 'auto', 'sheaf_identity': False, 'no_delta_t': False, 'recurrency_symmetric': True, 'recurrency_untyped': True, 'cache_warm_history': False, 'recurrency_decoder': True, 'relation_in_input': True, 'no_dst_range': False, 'd': 2, 'layers': 2, 'hidden_channels': 8, 'temporal_d_model': 64, 'closure_hops': 1, 'train_negatives_per_pos': 32, 'candidate_chunk_size': 1024, 'max_score_elements': 4000000, 'bptt_steps': 1, 'lr': 0.01, 'weight_decay': 0.0, 'grad_clip': 1.0, 'skip_final_eval': False, 'save_checkpoint': True, 'eval_only': None, 'out': 'results/event_bench/leakfree2/sp_f_s47'}
split_source=official_tgb_masks
destination_range=None
snapshots: train=98 (edges=775514) track_val=7 final_val=10 final_test=17 | prep_sec=1.6
negative-sample sets loaded in 1.2s
delta_time_scale=1 (Delta_k is measured in units of the median training inter-snapshot gap)
protocol: predict-from-previous-state (leak-free) for training and evaluation
parameter_count=648803 num_relations=566 num_nodes=47433
[epoch 1/40] {'epoch': 1, 'train_loss': 0.11151031220389396, 'track_val_mrr': 0.5843270249330997, 'track_val_loss': 0.11369136720895767, 'train_sec': 236.1, 'track_eval_sec': 258.2, 'peak_gpu_mem_mb': 8333.3}
[epoch 2/40] {'epoch': 2, 'train_loss': 0.05153741142184464, 'track_val_mrr': 0.634326806820631, 'track_val_loss': 0.08431578427553177, 'train_sec': 237.9, 'track_eval_sec': 262.9, 'peak_gpu_mem_mb': 8469.2}
[epoch 3/40] {'epoch': 3, 'train_loss': 0.04865950234618384, 'track_val_mrr': 0.670981171143055, 'track_val_loss': 0.07826739549636841, 'train_sec': 235.6, 'track_eval_sec': 260.0, 'peak_gpu_mem_mb': 8518.4}
[epoch 4/40] {'epoch': 4, 'train_loss': 0.04751819710141605, 'track_val_mrr': 0.7174216610693932, 'track_val_loss': 0.06795159727334976, 'train_sec': 235.8, 'track_eval_sec': 263.0, 'peak_gpu_mem_mb': 8744.1}
[epoch 5/40] {'epoch': 5, 'train_loss': 0.04593194546850072, 'track_val_mrr': 0.7287839281439781, 'track_val_loss': 0.062372174113988876, 'train_sec': 232.7, 'track_eval_sec': 262.4, 'peak_gpu_mem_mb': 8744.1}
[epoch 6/40] {'epoch': 6, 'train_loss': 0.045195041848442606, 'track_val_mrr': 0.7307038695955277, 'track_val_loss': 0.06030658259987831, 'train_sec': 235.2, 'track_eval_sec': 262.7, 'peak_gpu_mem_mb': 8744.1}
[epoch 7/40] {'epoch': 7, 'train_loss': 0.046125041800983174, 'track_val_mrr': 0.7316076917433739, 'track_val_loss': 0.06109516695141792, 'train_sec': 236.7, 'track_eval_sec': 261.5, 'peak_gpu_mem_mb': 8744.1}
[epoch 8/40] {'epoch': 8, 'train_loss': 0.0441989722114402, 'track_val_mrr': 0.7310980471217632, 'track_val_loss': 0.05924468860030174, 'train_sec': 233.0, 'track_eval_sec': 261.7, 'peak_gpu_mem_mb': 8744.1}
[epoch 9/40] {'epoch': 9, 'train_loss': 0.04288584771614099, 'track_val_mrr': 0.7316140896582604, 'track_val_loss': 0.05565962940454483, 'train_sec': 233.0, 'track_eval_sec': 263.6, 'peak_gpu_mem_mb': 8744.1}
[epoch 10/40] {'epoch': 10, 'train_loss': 0.0427977835049027, 'track_val_mrr': 0.7316380608069897, 'track_val_loss': 0.057020366191864014, 'train_sec': 233.9, 'track_eval_sec': 260.7, 'peak_gpu_mem_mb': 8744.1}
[epoch 11/40] {'epoch': 11, 'train_loss': 0.041756315992127375, 'track_val_mrr': 0.7304587358260155, 'track_val_loss': 0.059933118522167206, 'train_sec': 232.7, 'track_eval_sec': 257.9, 'peak_gpu_mem_mb': 8744.1}
[epoch 12/40] {'epoch': 12, 'train_loss': 0.04416234039499895, 'track_val_mrr': 0.732559696944952, 'track_val_loss': 0.0640772357583046, 'train_sec': 232.8, 'track_eval_sec': 258.5, 'peak_gpu_mem_mb': 9681.8}
[epoch 13/40] {'epoch': 13, 'train_loss': 0.04335179982572487, 'track_val_mrr': 0.7238057964193821, 'track_val_loss': 0.062027983367443085, 'train_sec': 234.9, 'track_eval_sec': 258.8, 'peak_gpu_mem_mb': 9681.8}
[epoch 14/40] {'epoch': 14, 'train_loss': 0.04333339651720118, 'track_val_mrr': 0.732249899892807, 'track_val_loss': 0.061055976897478104, 'train_sec': 235.0, 'track_eval_sec': 258.3, 'peak_gpu_mem_mb': 9681.8}
[epoch 15/40] {'epoch': 15, 'train_loss': 0.041022478084358355, 'track_val_mrr': 0.7295104587483406, 'track_val_loss': 0.05593292787671089, 'train_sec': 232.8, 'track_eval_sec': 254.9, 'peak_gpu_mem_mb': 9681.8}
[epoch 16/40] {'epoch': 16, 'train_loss': 0.040772231708559176, 'track_val_mrr': 0.7304073393750191, 'track_val_loss': 0.05560510233044624, 'train_sec': 231.0, 'track_eval_sec': 255.9, 'peak_gpu_mem_mb': 9681.8}
[epoch 17/40] {'epoch': 17, 'train_loss': 0.03999212619454898, 'track_val_mrr': 0.7295286945223808, 'track_val_loss': 0.05592873692512512, 'train_sec': 231.1, 'track_eval_sec': 257.1, 'peak_gpu_mem_mb': 9681.8}
[epoch 18/40] {'epoch': 18, 'train_loss': 0.03923650666802507, 'track_val_mrr': 0.7297756009995937, 'track_val_loss': 0.053840603679418564, 'train_sec': 232.0, 'track_eval_sec': 257.7, 'peak_gpu_mem_mb': 9681.8}
[epoch 19/40] {'epoch': 19, 'train_loss': 0.03908976314339748, 'track_val_mrr': 0.7293976811540127, 'track_val_loss': 0.0581439808011055, 'train_sec': 233.7, 'track_eval_sec': 254.6, 'peak_gpu_mem_mb': 9681.8}
[epoch 20/40] {'epoch': 20, 'train_loss': 0.03967157246295324, 'track_val_mrr': 0.7310401121783257, 'track_val_loss': 0.05800594761967659, 'train_sec': 224.3, 'track_eval_sec': 250.7, 'peak_gpu_mem_mb': 9681.8}
[epoch 21/40] {'epoch': 21, 'train_loss': 0.03940520254107788, 'track_val_mrr': 0.7297805674350262, 'track_val_loss': 0.054556917399168015, 'train_sec': 225.7, 'track_eval_sec': 250.6, 'peak_gpu_mem_mb': 9681.8}
[epoch 22/40] {'epoch': 22, 'train_loss': 0.038751710244675275, 'track_val_mrr': 0.732035625550747, 'track_val_loss': 0.05234114080667496, 'train_sec': 224.4, 'track_eval_sec': 250.7, 'peak_gpu_mem_mb': 9681.8}
early stop at epoch 22 (patience 10)
checkpoint saved: results/event_bench/leakfree2/sp_f_s47/best.pt
final val_mrr=0.6442 (391.8s so far)
FINAL val_mrr=0.6442 test_mrr=0.6112 test_hits10=0.7107 eval_sec=576.2
{
  "dataset": "tkgl-smallpedia",
  "model": "FaithfulEventTemporalSheaf",
  "seed": 47,
  "epochs": 40,
  "best_track_epoch": 12,
  "best_track_val_mrr": 0.732559696944952,
  "parameter_count": 648803,
  "commit_hash": "09c27e8f3879cb2cebf51a3f945374c3edfeb766",
  "train_edges": 775514,
  "final_val_edges": 162066,
  "final_test_edges": 163172,
  "validation_mrr": 0.6442271785284274,
  "test_mrr": 0.6111797571271381,
  "final_val_loss": 0.09148047864437103,
  "final_test_loss": 0.11461886763572693,
  "final_eval_sec": 576.2,
  "final_eval_peak_gpu_mem_mb": 20065.6,
  "test_hits10": 0.7107285579129387
}
